Archive member included to satisfy reference by file (symbol)

c:/st/stm32cubeide_1.12.1/stm32cubeide/plugins/com.st.stm32cube.ide.mcu.externaltools.gnu-tools-for-stm32.10.3-2021.10.win32_1.0.200.202301161003/tools/bin/../lib/gcc/arm-none-eabi/10.3.1/../../../../arm-none-eabi/lib/thumb/v7e-m+fp/hard\libc_nano.a(lib_a-errno.o)
                              ./Core/Src/syscalls.o (__errno)
c:/st/stm32cubeide_1.12.1/stm32cubeide/plugins/com.st.stm32cube.ide.mcu.externaltools.gnu-tools-for-stm32.10.3-2021.10.win32_1.0.200.202301161003/tools/bin/../lib/gcc/arm-none-eabi/10.3.1/../../../../arm-none-eabi/lib/thumb/v7e-m+fp/hard\libc_nano.a(lib_a-exit.o)
                              c:/st/stm32cubeide_1.12.1/stm32cubeide/plugins/com.st.stm32cube.ide.mcu.externaltools.gnu-tools-for-stm32.10.3-2021.10.win32_1.0.200.202301161003/tools/bin/../lib/gcc/arm-none-eabi/10.3.1/../../../../arm-none-eabi/lib/thumb/v7e-m+fp/hard/crt0.o (exit)
c:/st/stm32cubeide_1.12.1/stm32cubeide/plugins/com.st.stm32cube.ide.mcu.externaltools.gnu-tools-for-stm32.10.3-2021.10.win32_1.0.200.202301161003/tools/bin/../lib/gcc/arm-none-eabi/10.3.1/../../../../arm-none-eabi/lib/thumb/v7e-m+fp/hard\libc_nano.a(lib_a-impure.o)
                              c:/st/stm32cubeide_1.12.1/stm32cubeide/plugins/com.st.stm32cube.ide.mcu.externaltools.gnu-tools-for-stm32.10.3-2021.10.win32_1.0.200.202301161003/tools/bin/../lib/gcc/arm-none-eabi/10.3.1/../../../../arm-none-eabi/lib/thumb/v7e-m+fp/hard\libc_nano.a(lib_a-exit.o) (_global_impure_ptr)
c:/st/stm32cubeide_1.12.1/stm32cubeide/plugins/com.st.stm32cube.ide.mcu.externaltools.gnu-tools-for-stm32.10.3-2021.10.win32_1.0.200.202301161003/tools/bin/../lib/gcc/arm-none-eabi/10.3.1/../../../../arm-none-eabi/lib/thumb/v7e-m+fp/hard\libc_nano.a(lib_a-init.o)
                              c:/st/stm32cubeide_1.12.1/stm32cubeide/plugins/com.st.stm32cube.ide.mcu.externaltools.gnu-tools-for-stm32.10.3-2021.10.win32_1.0.200.202301161003/tools/bin/../lib/gcc/arm-none-eabi/10.3.1/../../../../arm-none-eabi/lib/thumb/v7e-m+fp/hard/crt0.o (__libc_init_array)
c:/st/stm32cubeide_1.12.1/stm32cubeide/plugins/com.st.stm32cube.ide.mcu.externaltools.gnu-tools-for-stm32.10.3-2021.10.win32_1.0.200.202301161003/tools/bin/../lib/gcc/arm-none-eabi/10.3.1/../../../../arm-none-eabi/lib/thumb/v7e-m+fp/hard\libc_nano.a(lib_a-memcpy-stub.o)
                              ./ThirdParty/FreeRTOS/Source/queue.o (memcpy)
c:/st/stm32cubeide_1.12.1/stm32cubeide/plugins/com.st.stm32cube.ide.mcu.externaltools.gnu-tools-for-stm32.10.3-2021.10.win32_1.0.200.202301161003/tools/bin/../lib/gcc/arm-none-eabi/10.3.1/../../../../arm-none-eabi/lib/thumb/v7e-m+fp/hard\libc_nano.a(lib_a-memset.o)
                              c:/st/stm32cubeide_1.12.1/stm32cubeide/plugins/com.st.stm32cube.ide.mcu.externaltools.gnu-tools-for-stm32.10.3-2021.10.win32_1.0.200.202301161003/tools/bin/../lib/gcc/arm-none-eabi/10.3.1/../../../../arm-none-eabi/lib/thumb/v7e-m+fp/hard/crt0.o (memset)
c:/st/stm32cubeide_1.12.1/stm32cubeide/plugins/com.st.stm32cube.ide.mcu.externaltools.gnu-tools-for-stm32.10.3-2021.10.win32_1.0.200.202301161003/tools/bin/../lib/gcc/arm-none-eabi/10.3.1/thumb/v7e-m+fp/hard\libgcc.a(_aeabi_uldivmod.o)
                              ./Drivers/STM32F4xx_HAL_Driver/Src/stm32f4xx_hal_rcc.o (__aeabi_uldivmod)
c:/st/stm32cubeide_1.12.1/stm32cubeide/plugins/com.st.stm32cube.ide.mcu.externaltools.gnu-tools-for-stm32.10.3-2021.10.win32_1.0.200.202301161003/tools/bin/../lib/gcc/arm-none-eabi/10.3.1/thumb/v7e-m+fp/hard\libgcc.a(_udivmoddi4.o)
                              c:/st/stm32cubeide_1.12.1/stm32cubeide/plugins/com.st.stm32cube.ide.mcu.externaltools.gnu-tools-for-stm32.10.3-2021.10.win32_1.0.200.202301161003/tools/bin/../lib/gcc/arm-none-eabi/10.3.1/thumb/v7e-m+fp/hard\libgcc.a(_aeabi_uldivmod.o) (__udivmoddi4)
c:/st/stm32cubeide_1.12.1/stm32cubeide/plugins/com.st.stm32cube.ide.mcu.externaltools.gnu-tools-for-stm32.10.3-2021.10.win32_1.0.200.202301161003/tools/bin/../lib/gcc/arm-none-eabi/10.3.1/thumb/v7e-m+fp/hard\libgcc.a(_dvmd_tls.o)
                              c:/st/stm32cubeide_1.12.1/stm32cubeide/plugins/com.st.stm32cube.ide.mcu.externaltools.gnu-tools-for-stm32.10.3-2021.10.win32_1.0.200.202301161003/tools/bin/../lib/gcc/arm-none-eabi/10.3.1/thumb/v7e-m+fp/hard\libgcc.a(_aeabi_uldivmod.o) (__aeabi_ldiv0)

Discarded input sections

 .text          0x0000000000000000        0x0 c:/st/stm32cubeide_1.12.1/stm32cubeide/plugins/com.st.stm32cube.ide.mcu.externaltools.gnu-tools-for-stm32.10.3-2021.10.win32_1.0.200.202301161003/tools/bin/../lib/gcc/arm-none-eabi/10.3.1/thumb/v7e-m+fp/hard/crti.o
 .data          0x0000000000000000        0x0 c:/st/stm32cubeide_1.12.1/stm32cubeide/plugins/com.st.stm32cube.ide.mcu.externaltools.gnu-tools-for-stm32.10.3-2021.10.win32_1.0.200.202301161003/tools/bin/../lib/gcc/arm-none-eabi/10.3.1/thumb/v7e-m+fp/hard/crti.o
[...]
Memory Configuration

Name             Origin             Length             Attributes
RAM              0x0000000020000000 0x0000000000020000 xrw
FLASH            0x0000000008000000 0x0000000000080000 xr
*default*        0x0000000000000000 0xffffffffffffffff

Linker script and memory map

LOAD c:/st/stm32cubeide_1.12.1/stm32cubeide/plugins/com.st.stm32cube.ide.mcu.externaltools.gnu-tools-for-stm32.10.3-2021.10.win32_1.0.200.202301161003/tools/bin/../lib/gcc/arm-none-eabi/10.3.1/thumb/v7e-m+fp/hard/crti.o
LOAD c:/st/stm32cubeide_1.12.1/stm32cubeide/plugins/com.st.stm32cube.ide.mcu.externaltools.gnu-tools-for-stm32.10.3-2021.10.win32_1.0.200.202301161003/tools/bin/../lib/gcc/arm-none-eabi/10.3.1/thumb/v7e-m+fp/hard/crtbegin.o
LOAD c:/st/stm32cubeide_1.12.1/stm32cubeide/plugins/com.st.stm32cube.ide.mcu.externaltools.gnu-tools-for-stm32.10.3-2021.10.win32_1.0.200.202301161003/tools/bin/../lib/gcc/arm-none-eabi/10.3.1/../../../../arm-none-eabi/lib/thumb/v7e-m+fp/hard/crt0.o
LOAD ./Core/Src/main.o
LOAD ./Core/Src/stm32f4xx_hal_msp.o
LOAD ./Core/Src/stm32f4xx_hal_timebase_tim.o
LOAD ./Core/Src/stm32f4xx_it.o
LOAD ./Core/Src/syscalls.o
LOAD ./Core/Src/system_stm32f4xx.o
LOAD ./Core/Startup/startup_stm32f446retx.o
LOAD ./Drivers/STM32F4xx_HAL_Driver/Src/stm32f4xx_hal.o
LOAD ./Drivers/STM32F4xx_HAL_Driver/Src/stm32f4xx_hal_cortex.o
LOAD ./Drivers/STM32F4xx_HAL_Driver/Src/stm32f4xx_hal_dma.o
LOAD ./Drivers/STM32F4xx_HAL_Driver/Src/stm32f4xx_hal_dma_ex.o
LOAD ./Drivers/STM32F4xx_HAL_Driver/Src/stm32f4xx_hal_exti.o
LOAD ./Drivers/STM32F4xx_HAL_Driver/Src/stm32f4xx_hal_flash.o
LOAD ./Drivers/STM32F4xx_HAL_Driver/Src/stm32f4xx_hal_flash_ex.o
LOAD ./Drivers/STM32F4xx_HAL_Driver/Src/stm32f4xx_hal_flash_ramfunc.o
LOAD ./Drivers/STM32F4xx_HAL_Driver/Src/stm32f4xx_hal_gpio.o
LOAD ./Drivers/STM32F4xx_HAL_Driver/Src/stm32f4xx_hal_pwr.o
LOAD ./Drivers/STM32F4xx_HAL_Driver/Src/stm32f4xx_hal_pwr_ex.o
LOAD ./Drivers/STM32F4xx_HAL_Driver/Src/stm32f4xx_hal_rcc.o
LOAD ./Drivers/STM32F4xx_HAL_Driver/Src/stm32f4xx_hal_rcc_ex.o
LOAD ./Drivers/STM32F4xx_HAL_Driver/Src/stm32f4xx_hal_tim.o
LOAD ./Drivers/STM32F4xx_HAL_Driver/Src/stm32f4xx_hal_tim_ex.o
LOAD ./ThirdParty/FreeRTOS/Source/croutine.o
LOAD ./ThirdParty/FreeRTOS/Source/event_groups.o
LOAD ./ThirdParty/FreeRTOS/Source/list.o
LOAD ./ThirdParty/FreeRTOS/Source/queue.o
LOAD ./ThirdParty/FreeRTOS/Source/stream_buffer.o
LOAD ./ThirdParty/FreeRTOS/Source/tasks.o
LOAD ./ThirdParty/FreeRTOS/Source/timers.o
LOAD ./ThirdParty/FreeRTOS/Source/portable/GCC/ARM_CM4F/port.o
LOAD ./ThirdParty/FreeRTOS/Source/portable/MemMang/heap_4.o
START GROUP
LOAD c:/st/stm32cubeide_1.12.1/stm32cubeide/plugins/com.st.stm32cube.ide.mcu.externaltools.gnu-tools-for-stm32.10.3-2021.10.win32_1.0.200.202301161003/tools/bin/../lib/gcc/arm-none-eabi/10.3.1/../../../../arm-none-eabi/lib/thumb/v7e-m+fp/hard\libc_nano.a
LOAD c:/st/stm32cubeide_1.12.1/stm32cubeide/plugins/com.st.stm32cube.ide.mcu.externaltools.gnu-tools-for-stm32.10.3-2021.10.win32_1.0.200.202301161003/tools/bin/../lib/gcc/arm-none-eabi/10.3.1/../../../../arm-none-eabi/lib/thumb/v7e-m+fp/hard\libm.a
END GROUP
START GROUP
LOAD c:/st/stm32cubeide_1.12.1/stm32cubeide/plugins/com.st.stm32cube.ide.mcu.externaltools.gnu-tools-for-stm32.10.3-2021.10.win32_1.0.200.202301161003/tools/bin/../lib/gcc/arm-none-eabi/10.3.1/thumb/v7e-m+fp/hard\libgcc.a
LOAD c:/st/stm32cubeide_1.12.1/stm32cubeide/plugins/com.st.stm32cube.ide.mcu.externaltools.gnu-tools-for-stm32.10.3-2021.10.win32_1.0.200.202301161003/tools/bin/../lib/gcc/arm-none-eabi/10.3.1/../../../../arm-none-eabi/lib/thumb/v7e-m+fp/hard\libc_nano.a
END GROUP
START GROUP
LOAD c:/st/stm32cubeide_1.12.1/stm32cubeide/plugins/com.st.stm32cube.ide.mcu.externaltools.gnu-tools-for-stm32.10.3-2021.10.win32_1.0.200.202301161003/tools/bin/../lib/gcc/arm-none-eabi/10.3.1/thumb/v7e-m+fp/hard\libgcc.a
LOAD c:/st/stm32cubeide_1.12.1/stm32cubeide/plugins/com.st.stm32cube.ide.mcu.externaltools.gnu-tools-for-stm32.10.3-2021.10.win32_1.0.200.202301161003/tools/bin/../lib/gcc/arm-none-eabi/10.3.1/../../../../arm-none-eabi/lib/thumb/v7e-m+fp/hard\libc_nano.a
LOAD c:/st/stm32cubeide_1.12.1/stm32cubeide/plugins/com.st.stm32cube.ide.mcu.externaltools.gnu-tools-for-stm32.10.3-2021.10.win32_1.0.200.202301161003/tools/bin/../lib/gcc/arm-none-eabi/10.3.1/../../../../arm-none-eabi/lib/thumb/v7e-m+fp/hard\libnosys.a
END GROUP
START GROUP
LOAD c:/st/stm32cubeide_1.12.1/stm32cubeide/plugins/com.st.stm32cube.ide.mcu.externaltools.gnu-tools-for-stm32.10.3-2021.10.win32_1.0.200.202301161003/tools/bin/../lib/gcc/arm-none-eabi/10.3.1/thumb/v7e-m+fp/hard\libgcc.a
LOAD c:/st/stm32cubeide_1.12.1/stm32cubeide/plugins/com.st.stm32cube.ide.mcu.externaltools.gnu-tools-for-stm32.10.3-2021.10.win32_1.0.200.202301161003/tools/bin/../lib/gcc/arm-none-eabi/10.3.1/../../../../arm-none-eabi/lib/thumb/v7e-m+fp/hard\libc_nano.a
LOAD c:/st/stm32cubeide_1.12.1/stm32cubeide/plugins/com.st.stm32cube.ide.mcu.externaltools.gnu-tools-for-stm32.10.3-2021.10.win32_1.0.200.202301161003/tools/bin/../lib/gcc/arm-none-eabi/10.3.1/../../../../arm-none-eabi/lib/thumb/v7e-m+fp/hard\libnosys.a
END GROUP
LOAD c:/st/stm32cubeide_1.12.1/stm32cubeide/plugins/com.st.stm32cube.ide.mcu.externaltools.gnu-tools-for-stm32.10.3-2021.10.win32_1.0.200.202301161003/tools/bin/../lib/gcc/arm-none-eabi/10.3.1/thumb/v7e-m+fp/hard/crtend.o
LOAD c:/st/stm32cubeide_1.12.1/stm32cubeide/plugins/com.st.stm32cube.ide.mcu.externaltools.gnu-tools-for-stm32.10.3-2021.10.win32_1.0.200.202301161003/tools/bin/../lib/gcc/arm-none-eabi/10.3.1/thumb/v7e-m+fp/hard/crtn.o
                0x0000000020020000                _estack = (ORIGIN (RAM) + LENGTH (RAM))
                0x0000000000000200                _Min_Heap_Size = 0x200
                0x0000000000000400                _Min_Stack_Size = 0x400

.isr_vector     0x0000000008000000      0x1c4
                0x0000000008000000                . = ALIGN (0x4)
 *(.isr_vector)
 .isr_vector    0x0000000008000000      0x1c4 ./Core/Startup/startup_stm32f446retx.o
                0x0000000008000000                g_pfnVectors
                0x00000000080001c4                . = ALIGN (0x4)

.text           0x00000000080001d0     0x22bc
                0x00000000080001d0                . = ALIGN (0x4)
 *(.text)
 .text          0x00000000080001d0       0x40 c:/st/stm32cubeide_1.12.1/stm32cubeide/plugins/com.st.stm32cube.ide.mcu.externaltools.gnu-tools-for-stm32.10.3-2021.10.win32_1.0.200.202301161003/tools/bin/../lib/gcc/arm-none-eabi/10.3.1/thumb/v7e-m+fp/hard/crtbegin.o
 .text          0x0000000008000210       0x30 c:/st/stm32cubeide_1.12.1/stm32cubeide/plugins/com.st.stm32cube.ide.mcu.externaltools.gnu-tools-for-stm32.10.3-2021.10.win32_1.0.200.202301161003/tools/bin/../lib/gcc/arm-none-eabi/10.3.1/thumb/v7e-m+fp/hard\libgcc.a(_aeabi_uldivmod.o)
                0x0000000008000210                __aeabi_uldivmod
 .text          0x0000000008000240      0x2d0 c:/st/stm32cubeide_1.12.1/stm32cubeide/plugins/com.st.stm32cube.ide.mcu.externaltools.gnu-tools-for-stm32.10.3-2021.10.win32_1.0.200.202301161003/tools/bin/../lib/gcc/arm-none-eabi/10.3.1/thumb/v7e-m+fp/hard\libgcc.a(_udivmoddi4.o)
                0x0000000008000240                __udivmoddi4
 .text          0x0000000008000510        0x4 c:/st/stm32cubeide_1.12.1/stm32cubeide/plugins/com.st.stm32cube.ide.mcu.externaltools.gnu-tools-for-stm32.10.3-2021.10.win32_1.0.200.202301161003/tools/bin/../lib/gcc/arm-none-eabi/10.3.1/thumb/v7e-m+fp/hard\libgcc.a(_dvmd_tls.o)
                0x0000000008000510                __aeabi_idiv0
                0x0000000008000510                __aeabi_ldiv0
 *(.text*)
 .text.main     0x0000000008000514       0x12 ./Core/Src/main.o
                0x0000000008000514                main
 *fill*         0x0000000008000526        0x2 
 .text.SystemClock_Config
                0x0000000008000528       0xdc ./Core/Src/main.o
                0x0000000008000528                SystemClock_Config
 .text.MX_GPIO_Init
                0x0000000008000604       0xfc ./Core/Src/main.o
 .text.HAL_TIM_PeriodElapsedCallback
                0x0000000008000700       0x24 ./Core/Src/main.o
                0x0000000008000700                HAL_TIM_PeriodElapsedCallback
 .text.Error_Handler
                0x0000000008000724        0xa ./Core/Src/main.o
                0x0000000008000724                Error_Handler
 *fill*         0x000000000800072e        0x2 
 .text.HAL_MspInit
                0x0000000008000730       0x50 ./Core/Src/stm32f4xx_hal_msp.o
                0x0000000008000730                HAL_MspInit
 .text.HAL_InitTick
                0x0000000008000780       0xf8 ./Core/Src/stm32f4xx_hal_timebase_tim.o
                0x0000000008000780                HAL_InitTick
 .text.NMI_Handler
                0x0000000008000878        0x6 ./Core/Src/stm32f4xx_it.o
                0x0000000008000878                NMI_Handler
 .text.HardFault_Handler
                0x000000000800087e        0x6 ./Core/Src/stm32f4xx_it.o
                0x000000000800087e                HardFault_Handler
 .text.MemManage_Handler
                0x0000000008000884        0x6 ./Core/Src/stm32f4xx_it.o
                0x0000000008000884                MemManage_Handler
 .text.BusFault_Handler
                0x000000000800088a        0x6 ./Core/Src/stm32f4xx_it.o
                0x000000000800088a                BusFault_Handler
 .text.UsageFault_Handler
                0x0000000008000890        0x6 ./Core/Src/stm32f4xx_it.o
                0x0000000008000890                UsageFault_Handler
 .text.DebugMon_Handler
                0x0000000008000896        0xe ./Core/Src/stm32f4xx_it.o
                0x0000000008000896                DebugMon_Handler
 .text.TIM6_DAC_IRQHandler
                0x00000000080008a4       0x14 ./Core/Src/stm32f4xx_it.o
                0x00000000080008a4                TIM6_DAC_IRQHandler
 .text.SystemInit
                0x00000000080008b8       0x24 ./Core/Src/system_stm32f4xx.o
                0x00000000080008b8                SystemInit
 .text.Reset_Handler
                0x00000000080008dc       0x50 ./Core/Startup/startup_stm32f446retx.o
                0x00000000080008dc                Reset_Handler
 .text.Default_Handler
                0x000000000800092c        0x2 ./Core/Startup/startup_stm32f446retx.o
                0x000000000800092c                RTC_Alarm_IRQHandler
                0x000000000800092c                EXTI2_IRQHandler
                0x000000000800092c                TIM8_CC_IRQHandler
                0x000000000800092c                FMPI2C1_EV_IRQHandler
                0x000000000800092c                SPI4_IRQHandler
                0x000000000800092c                TIM1_CC_IRQHandler
                0x000000000800092c                DMA2_Stream5_IRQHandler
                0x000000000800092c                DMA1_Stream5_IRQHandler
                0x000000000800092c                PVD_IRQHandler
                0x000000000800092c                SDIO_IRQHandler
                0x000000000800092c                TAMP_STAMP_IRQHandler
                0x000000000800092c                CAN2_RX1_IRQHandler
                0x000000000800092c                EXTI3_IRQHandler
                0x000000000800092c                TIM8_TRG_COM_TIM14_IRQHandler
                0x000000000800092c                TIM1_UP_TIM10_IRQHandler
                0x000000000800092c                TIM8_UP_TIM13_IRQHandler
                0x000000000800092c                I2C3_ER_IRQHandler
                0x000000000800092c                EXTI0_IRQHandler
                0x000000000800092c                I2C2_EV_IRQHandler
                0x000000000800092c                DMA1_Stream2_IRQHandler
                0x000000000800092c                CAN1_RX0_IRQHandler
                0x000000000800092c                FPU_IRQHandler
                0x000000000800092c                OTG_HS_WKUP_IRQHandler
                0x000000000800092c                CAN2_SCE_IRQHandler
                0x000000000800092c                DMA2_Stream2_IRQHandler
                0x000000000800092c                SPI1_IRQHandler
                0x000000000800092c                TIM1_BRK_TIM9_IRQHandler
                0x000000000800092c                DCMI_IRQHandler
                0x000000000800092c                CAN2_RX0_IRQHandler
                0x000000000800092c                DMA2_Stream3_IRQHandler
                0x000000000800092c                SAI2_IRQHandler
                0x000000000800092c                USART6_IRQHandler
                0x000000000800092c                USART3_IRQHandler
                0x000000000800092c                CAN1_RX1_IRQHandler
                0x000000000800092c                UART5_IRQHandler
                0x000000000800092c                DMA2_Stream0_IRQHandler
                0x000000000800092c                TIM4_IRQHandler
                0x000000000800092c                QUADSPI_IRQHandler
                0x000000000800092c                I2C1_EV_IRQHandler
                0x000000000800092c                DMA1_Stream6_IRQHandler
                0x000000000800092c                DMA1_Stream1_IRQHandler
                0x000000000800092c                UART4_IRQHandler
                0x000000000800092c                TIM3_IRQHandler
                0x000000000800092c                RCC_IRQHandler
                0x000000000800092c                TIM8_BRK_TIM12_IRQHandler
                0x000000000800092c                Default_Handler
                0x000000000800092c                CEC_IRQHandler
                0x000000000800092c                EXTI15_10_IRQHandler
                0x000000000800092c                ADC_IRQHandler
                0x000000000800092c                DMA1_Stream7_IRQHandler
                0x000000000800092c                TIM7_IRQHandler
                0x000000000800092c                CAN2_TX_IRQHandler
                0x000000000800092c                TIM5_IRQHandler
                0x000000000800092c                DMA2_Stream7_IRQHandler
                0x000000000800092c                I2C3_EV_IRQHandler
                0x000000000800092c                EXTI9_5_IRQHandler
                0x000000000800092c                RTC_WKUP_IRQHandler
                0x000000000800092c                SPDIF_RX_IRQHandler
                0x000000000800092c                SPI2_IRQHandler
                0x000000000800092c                OTG_HS_EP1_IN_IRQHandler
                0x000000000800092c                DMA1_Stream0_IRQHandler
                0x000000000800092c                CAN1_TX_IRQHandler
                0x000000000800092c                FMPI2C1_ER_IRQHandler
                0x000000000800092c                EXTI4_IRQHandler
                0x000000000800092c                OTG_HS_EP1_OUT_IRQHandler
                0x000000000800092c                WWDG_IRQHandler
                0x000000000800092c                TIM2_IRQHandler
                0x000000000800092c                OTG_FS_WKUP_IRQHandler
                0x000000000800092c                TIM1_TRG_COM_TIM11_IRQHandler
                0x000000000800092c                OTG_HS_IRQHandler
                0x000000000800092c                EXTI1_IRQHandler
                0x000000000800092c                USART2_IRQHandler
                0x000000000800092c                I2C2_ER_IRQHandler
                0x000000000800092c                DMA2_Stream1_IRQHandler
                0x000000000800092c                CAN1_SCE_IRQHandler
                0x000000000800092c                FLASH_IRQHandler
                0x000000000800092c                DMA2_Stream4_IRQHandler
                0x000000000800092c                USART1_IRQHandler
                0x000000000800092c                OTG_FS_IRQHandler
                0x000000000800092c                SPI3_IRQHandler
                0x000000000800092c                DMA1_Stream4_IRQHandler
                0x000000000800092c                I2C1_ER_IRQHandler
                0x000000000800092c                FMC_IRQHandler
                0x000000000800092c                DMA2_Stream6_IRQHandler
                0x000000000800092c                SAI1_IRQHandler
                0x000000000800092c                DMA1_Stream3_IRQHandler
 *fill*         0x000000000800092e        0x2 
 .text.HAL_Init
                0x0000000008000930       0x44 ./Drivers/STM32F4xx_HAL_Driver/Src/stm32f4xx_hal.o
                0x0000000008000930                HAL_Init
 .text.HAL_IncTick
                0x0000000008000974       0x28 ./Drivers/STM32F4xx_HAL_Driver/Src/stm32f4xx_hal.o
                0x0000000008000974                HAL_IncTick
 .text.HAL_GetTick
                0x000000000800099c       0x18 ./Drivers/STM32F4xx_HAL_Driver/Src/stm32f4xx_hal.o
                0x000000000800099c                HAL_GetTick
 .text.__NVIC_SetPriorityGrouping
                0x00000000080009b4       0x48 ./Drivers/STM32F4xx_HAL_Driver/Src/stm32f4xx_hal_cortex.o
 .text.__NVIC_GetPriorityGrouping
                0x00000000080009fc       0x1c ./Drivers/STM32F4xx_HAL_Driver/Src/stm32f4xx_hal_cortex.o
 .text.__NVIC_EnableIRQ
                0x0000000008000a18       0x3c ./Drivers/STM32F4xx_HAL_Driver/Src/stm32f4xx_hal_cortex.o
 .text.__NVIC_SetPriority
                0x0000000008000a54       0x54 ./Drivers/STM32F4xx_HAL_Driver/Src/stm32f4xx_hal_cortex.o
 .text.NVIC_EncodePriority
                0x0000000008000aa8       0x66 ./Drivers/STM32F4xx_HAL_Driver/Src/stm32f4xx_hal_cortex.o
 .text.HAL_NVIC_SetPriorityGrouping
                0x0000000008000b0e       0x16 ./Drivers/STM32F4xx_HAL_Driver/Src/stm32f4xx_hal_cortex.o
                0x0000000008000b0e                HAL_NVIC_SetPriorityGrouping
 .text.HAL_NVIC_SetPriority
                0x0000000008000b24       0x38 ./Drivers/STM32F4xx_HAL_Driver/Src/stm32f4xx_hal_cortex.o
                0x0000000008000b24                HAL_NVIC_SetPriority
 .text.HAL_NVIC_EnableIRQ
                0x0000000008000b5c       0x1c ./Drivers/STM32F4xx_HAL_Driver/Src/stm32f4xx_hal_cortex.o
                0x0000000008000b5c                HAL_NVIC_EnableIRQ
 .text.HAL_GPIO_Init
                0x0000000008000b78      0x328 ./Drivers/STM32F4xx_HAL_Driver/Src/stm32f4xx_hal_gpio.o
                0x0000000008000b78                HAL_GPIO_Init
 .text.HAL_GPIO_WritePin
                0x0000000008000ea0       0x32 ./Drivers/STM32F4xx_HAL_Driver/Src/stm32f4xx_hal_gpio.o
                0x0000000008000ea0                HAL_GPIO_WritePin
 *fill*         0x0000000008000ed2        0x2 
 .text.HAL_RCC_ClockConfig
                0x0000000008000ed4      0x1cc ./Drivers/STM32F4xx_HAL_Driver/Src/stm32f4xx_hal_rcc.o
                0x0000000008000ed4                HAL_RCC_ClockConfig
 .text.HAL_RCC_GetHCLKFreq
                0x00000000080010a0       0x18 ./Drivers/STM32F4xx_HAL_Driver/Src/stm32f4xx_hal_rcc.o
                0x00000000080010a0                HAL_RCC_GetHCLKFreq
 .text.HAL_RCC_GetPCLK1Freq
                0x00000000080010b8       0x28 ./Drivers/STM32F4xx_HAL_Driver/Src/stm32f4xx_hal_rcc.o
                0x00000000080010b8                HAL_RCC_GetPCLK1Freq
 .text.HAL_RCC_GetClockConfig
                0x00000000080010e0       0x64 ./Drivers/STM32F4xx_HAL_Driver/Src/stm32f4xx_hal_rcc.o
                0x00000000080010e0                HAL_RCC_GetClockConfig
 .text.HAL_RCC_GetSysClockFreq
                0x0000000008001144      0x460 ./Drivers/STM32F4xx_HAL_Driver/Src/stm32f4xx_hal_rcc_ex.o
                0x0000000008001144                HAL_RCC_GetSysClockFreq
 .text.HAL_RCC_OscConfig
                0x00000000080015a4      0x53c ./Drivers/STM32F4xx_HAL_Driver/Src/stm32f4xx_hal_rcc_ex.o
                0x00000000080015a4                HAL_RCC_OscConfig
 .text.HAL_TIM_Base_Init
                0x0000000008001ae0       0x9e ./Drivers/STM32F4xx_HAL_Driver/Src/stm32f4xx_hal_tim.o
                0x0000000008001ae0                HAL_TIM_Base_Init
 .text.HAL_TIM_Base_MspInit
                0x0000000008001b7e       0x14 ./Drivers/STM32F4xx_HAL_Driver/Src/stm32f4xx_hal_tim.o
                0x0000000008001b7e                HAL_TIM_Base_MspInit
 *fill*         0x0000000008001b92        0x2 
 .text.HAL_TIM_Base_Start_IT
                0x0000000008001b94       0xe0 ./Drivers/STM32F4xx_HAL_Driver/Src/stm32f4xx_hal_tim.o
                0x0000000008001b94                HAL_TIM_Base_Start_IT
 .text.HAL_TIM_IRQHandler
                0x0000000008001c74      0x210 ./Drivers/STM32F4xx_HAL_Driver/Src/stm32f4xx_hal_tim.o
                0x0000000008001c74                HAL_TIM_IRQHandler
 .text.HAL_TIM_OC_DelayElapsedCallback
                0x0000000008001e84       0x14 ./Drivers/STM32F4xx_HAL_Driver/Src/stm32f4xx_hal_tim.o
                0x0000000008001e84                HAL_TIM_OC_DelayElapsedCallback
 .text.HAL_TIM_IC_CaptureCallback
                0x0000000008001e98       0x14 ./Drivers/STM32F4xx_HAL_Driver/Src/stm32f4xx_hal_tim.o
                0x0000000008001e98                HAL_TIM_IC_CaptureCallback
 .text.HAL_TIM_PWM_PulseFinishedCallback
                0x0000000008001eac       0x14 ./Drivers/STM32F4xx_HAL_Driver/Src/stm32f4xx_hal_tim.o
                0x0000000008001eac                HAL_TIM_PWM_PulseFinishedCallback
 .text.HAL_TIM_TriggerCallback
                0x0000000008001ec0       0x14 ./Drivers/STM32F4xx_HAL_Driver/Src/stm32f4xx_hal_tim.o
                0x0000000008001ec0                HAL_TIM_TriggerCallback
 .text.TIM_Base_SetConfig
                0x0000000008001ed4      0x140 ./Drivers/STM32F4xx_HAL_Driver/Src/stm32f4xx_hal_tim.o
                0x0000000008001ed4                TIM_Base_SetConfig
 .text.HAL_TIMEx_CommutCallback
                0x0000000008002014       0x14 ./Drivers/STM32F4xx_HAL_Driver/Src/stm32f4xx_hal_tim_ex.o
                0x0000000008002014                HAL_TIMEx_CommutCallback
 .text.HAL_TIMEx_BreakCallback
                0x0000000008002028       0x14 ./Drivers/STM32F4xx_HAL_Driver/Src/stm32f4xx_hal_tim_ex.o
                0x0000000008002028                HAL_TIMEx_BreakCallback
 .text.vListInsertEnd
                0x000000000800203c       0x48 ./ThirdParty/FreeRTOS/Source/list.o
                0x000000000800203c                vListInsertEnd
 .text.uxListRemove
                0x0000000008002084       0x54 ./ThirdParty/FreeRTOS/Source/list.o
                0x0000000008002084                uxListRemove
 .text.xTaskIncrementTick
                0x00000000080020d8      0x170 ./ThirdParty/FreeRTOS/Source/tasks.o
                0x00000000080020d8                xTaskIncrementTick
 .text.vTaskSwitchContext
                0x0000000008002248       0xb8 ./ThirdParty/FreeRTOS/Source/tasks.o
                0x0000000008002248                vTaskSwitchContext
 .text.prvResetNextTaskUnblockTime
                0x0000000008002300       0x38 ./ThirdParty/FreeRTOS/Source/tasks.o
 *fill*         0x0000000008002338        0x8 
 .text.SVC_Handler
                0x0000000008002340       0x28 ./ThirdParty/FreeRTOS/Source/portable/GCC/ARM_CM4F/port.o
                0x0000000008002340                SVC_Handler
 *fill*         0x0000000008002368        0x8 
 .text.PendSV_Handler
                0x0000000008002370       0x68 ./ThirdParty/FreeRTOS/Source/portable/GCC/ARM_CM4F/port.o
                0x0000000008002370                PendSV_Handler
 .text.SysTick_Handler
                0x00000000080023d8       0x44 ./ThirdParty/FreeRTOS/Source/portable/GCC/ARM_CM4F/port.o
                0x00000000080023d8                SysTick_Handler
 .text.__libc_init_array
                0x000000000800241c       0x48 c:/st/stm32cubeide_1.12.1/stm32cubeide/plugins/com.st.stm32cube.ide.mcu.externaltools.gnu-tools-for-stm32.10.3-2021.10.win32_1.0.200.202301161003/tools/bin/../lib/gcc/arm-none-eabi/10.3.1/../../../../arm-none-eabi/lib/thumb/v7e-m+fp/hard\libc_nano.a(lib_a-init.o)
                0x000000000800241c                __libc_init_array
 .text.memset   0x0000000008002464       0x10 c:/st/stm32cubeide_1.12.1/stm32cubeide/plugins/com.st.stm32cube.ide.mcu.externaltools.gnu-tools-for-stm32.10.3-2021.10.win32_1.0.200.202301161003/tools/bin/../lib/gcc/arm-none-eabi/10.3.1/../../../../arm-none-eabi/lib/thumb/v7e-m+fp/hard\libc_nano.a(lib_a-memset.o)
                0x0000000008002464                memset
 *(.glue_7)
 .glue_7        0x0000000008002474        0x0 linker stubs
 *(.glue_7t)
 .glue_7t       0x0000000008002474        0x0 linker stubs
 *(.eh_frame)
 .eh_frame      0x0000000008002474        0x0 c:/st/stm32cubeide_1.12.1/stm32cubeide/plugins/com.st.stm32cube.ide.mcu.externaltools.gnu-tools-for-stm32.10.3-2021.10.win32_1.0.200.202301161003/tools/bin/../lib/gcc/arm-none-eabi/10.3.1/thumb/v7e-m+fp/hard/crtbegin.o
 *(.init)
 .init          0x0000000008002474        0x4 c:/st/stm32cubeide_1.12.1/stm32cubeide/plugins/com.st.stm32cube.ide.mcu.externaltools.gnu-tools-for-stm32.10.3-2021.10.win32_1.0.200.202301161003/tools/bin/../lib/gcc/arm-none-eabi/10.3.1/thumb/v7e-m+fp/hard/crti.o
                0x0000000008002474                _init
 .init          0x0000000008002478        0x8 c:/st/stm32cubeide_1.12.1/stm32cubeide/plugins/com.st.stm32cube.ide.mcu.externaltools.gnu-tools-for-stm32.10.3-2021.10.win32_1.0.200.202301161003/tools/bin/../lib/gcc/arm-none-eabi/10.3.1/thumb/v7e-m+fp/hard/crtn.o
 *(.fini)
 .fini          0x0000000008002480        0x4 c:/st/stm32cubeide_1.12.1/stm32cubeide/plugins/com.st.stm32cube.ide.mcu.externaltools.gnu-tools-for-stm32.10.3-2021.10.win32_1.0.200.202301161003/tools/bin/../lib/gcc/arm-none-eabi/10.3.1/thumb/v7e-m+fp/hard/crti.o
                0x0000000008002480                _fini
 .fini          0x0000000008002484        0x8 c:/st/stm32cubeide_1.12.1/stm32cubeide/plugins/com.st.stm32cube.ide.mcu.externaltools.gnu-tools-for-stm32.10.3-2021.10.win32_1.0.200.202301161003/tools/bin/../lib/gcc/arm-none-eabi/10.3.1/thumb/v7e-m+fp/hard/crtn.o
                0x000000000800248c                . = ALIGN (0x4)
                0x000000000800248c                _etext = .

.vfp11_veneer   0x000000000800248c        0x0
 .vfp11_veneer  0x000000000800248c        0x0 linker stubs

.v4_bx          0x000000000800248c        0x0
 .v4_bx         0x000000000800248c        0x0 linker stubs

.iplt           0x000000000800248c        0x0
 .iplt          0x000000000800248c        0x0 c:/st/stm32cubeide_1.12.1/stm32cubeide/plugins/com.st.stm32cube.ide.mcu.externaltools.gnu-tools-for-stm32.10.3-2021.10.win32_1.0.200.202301161003/tools/bin/../lib/gcc/arm-none-eabi/10.3.1/thumb/v7e-m+fp/hard/crtbegin.o

.rodata         0x000000000800248c       0x18
                0x000000000800248c                . = ALIGN (0x4)
 *(.rodata)
 *(.rodata*)
 .rodata.AHBPrescTable
                0x000000000800248c       0x10 ./Core/Src/system_stm32f4xx.o
                0x000000000800248c                AHBPrescTable
 .rodata.APBPrescTable
                0x000000000800249c        0x8 ./Core/Src/system_stm32f4xx.o
                0x000000000800249c                APBPrescTable
                0x00000000080024a4                . = ALIGN (0x4)

.ARM.extab      0x00000000080024a4        0x0
                0x00000000080024a4                . = ALIGN (0x4)
 *(.ARM.extab* .gnu.linkonce.armextab.*)
                0x00000000080024a4                . = ALIGN (0x4)

.ARM            0x00000000080024a4        0x8
                0x00000000080024a4                . = ALIGN (0x4)
                0x00000000080024a4                __exidx_start = .
 *(.ARM.exidx*)
 .ARM.exidx     0x00000000080024a4        0x8 c:/st/stm32cubeide_1.12.1/stm32cubeide/plugins/com.st.stm32cube.ide.mcu.externaltools.gnu-tools-for-stm32.10.3-2021.10.win32_1.0.200.202301161003/tools/bin/../lib/gcc/arm-none-eabi/10.3.1/thumb/v7e-m+fp/hard\libgcc.a(_udivmoddi4.o)
                0x00000000080024ac                __exidx_end = .
                0x00000000080024ac                . = ALIGN (0x4)

.rel.dyn        0x00000000080024ac        0x0
 .rel.iplt      0x00000000080024ac        0x0 c:/st/stm32cubeide_1.12.1/stm32cubeide/plugins/com.st.stm32cube.ide.mcu.externaltools.gnu-tools-for-stm32.10.3-2021.10.win32_1.0.200.202301161003/tools/bin/../lib/gcc/arm-none-eabi/10.3.1/thumb/v7e-m+fp/hard/crtbegin.o

.preinit_array  0x00000000080024ac        0x0
                0x00000000080024ac                . = ALIGN (0x4)
                0x00000000080024ac                PROVIDE (__preinit_array_start = .)
 *(.preinit_array*)
                0x00000000080024ac                PROVIDE (__preinit_array_end = .)
                0x00000000080024ac                . = ALIGN (0x4)

.init_array     0x00000000080024ac        0x4
                0x00000000080024ac                . = ALIGN (0x4)
                0x00000000080024ac                PROVIDE (__init_array_start = .)
 *(SORT_BY_NAME(.init_array.*))
 *(.init_array*)
 .init_array    0x00000000080024ac        0x4 c:/st/stm32cubeide_1.12.1/stm32cubeide/plugins/com.st.stm32cube.ide.mcu.externaltools.gnu-tools-for-stm32.10.3-2021.10.win32_1.0.200.202301161003/tools/bin/../lib/gcc/arm-none-eabi/10.3.1/thumb/v7e-m+fp/hard/crtbegin.o
                0x00000000080024b0                PROVIDE (__init_array_end = .)
                0x00000000080024b0                . = ALIGN (0x4)

.fini_array     0x00000000080024b0        0x4
                0x00000000080024b0                . = ALIGN (0x4)
                [!provide]                        PROVIDE (__fini_array_start = .)
 *(SORT_BY_NAME(.fini_array.*))
 *(.fini_array*)
 .fini_array    0x00000000080024b0        0x4 c:/st/stm32cubeide_1.12.1/stm32cubeide/plugins/com.st.stm32cube.ide.mcu.externaltools.gnu-tools-for-stm32.10.3-2021.10.win32_1.0.200.202301161003/tools/bin/../lib/gcc/arm-none-eabi/10.3.1/thumb/v7e-m+fp/hard/crtbegin.o
                [!provide]                        PROVIDE (__fini_array_end = .)
                0x00000000080024b4                . = ALIGN (0x4)
                0x00000000080024b4                _sidata = LOADADDR (.data)

.data           0x0000000020000000        0xc load address 0x00000000080024b4
                0x0000000020000000                . = ALIGN (0x4)
                0x0000000020000000                _sdata = .
 *(.data)
 *(.data*)
 .data.SystemCoreClock
                0x0000000020000000        0x4 ./Core/Src/system_stm32f4xx.o
                0x0000000020000000                SystemCoreClock
 .data.uwTickPrio
                0x0000000020000004        0x4 ./Drivers/STM32F4xx_HAL_Driver/Src/stm32f4xx_hal.o
                0x0000000020000004                uwTickPrio
 .data.uwTickFreq
                0x0000000020000008        0x1 ./Drivers/STM32F4xx_HAL_Driver/Src/stm32f4xx_hal.o
                0x0000000020000008                uwTickFreq
 *(.RamFunc)
 *(.RamFunc*)
                0x000000002000000c                . = ALIGN (0x4)
 *fill*         0x0000000020000009        0x3 
                0x000000002000000c                _edata = .

.igot.plt       0x000000002000000c        0x0 load address 0x00000000080024c0
 .igot.plt      0x000000002000000c        0x0 c:/st/stm32cubeide_1.12.1/stm32cubeide/plugins/com.st.stm32cube.ide.mcu.externaltools.gnu-tools-for-stm32.10.3-2021.10.win32_1.0.200.202301161003/tools/bin/../lib/gcc/arm-none-eabi/10.3.1/thumb/v7e-m+fp/hard/crtbegin.o
                0x000000002000000c                . = ALIGN (0x4)

.bss            0x000000002000000c       0xf4 load address 0x00000000080024c0
                0x000000002000000c                _sbss = .
                0x000000002000000c                __bss_start__ = _sbss
 *(.bss)
 .bss           0x000000002000000c       0x1c c:/st/stm32cubeide_1.12.1/stm32cubeide/plugins/com.st.stm32cube.ide.mcu.externaltools.gnu-tools-for-stm32.10.3-2021.10.win32_1.0.200.202301161003/tools/bin/../lib/gcc/arm-none-eabi/10.3.1/thumb/v7e-m+fp/hard/crtbegin.o
 *(.bss*)
 .bss.htim6     0x0000000020000028       0x48 ./Core/Src/stm32f4xx_hal_timebase_tim.o
                0x0000000020000028                htim6
 .bss.uwTick    0x0000000020000070        0x4 ./Drivers/STM32F4xx_HAL_Driver/Src/stm32f4xx_hal.o
                0x0000000020000070                uwTick
 .bss.pxCurrentTCB
                0x0000000020000074        0x4 ./ThirdParty/FreeRTOS/Source/tasks.o
                0x0000000020000074                pxCurrentTCB
 .bss.pxReadyTasksLists
                0x0000000020000078       0x64 ./ThirdParty/FreeRTOS/Source/tasks.o
 .bss.pxDelayedTaskList
                0x00000000200000dc        0x4 ./ThirdParty/FreeRTOS/Source/tasks.o
 .bss.pxOverflowDelayedTaskList
                0x00000000200000e0        0x4 ./ThirdParty/FreeRTOS/Source/tasks.o
 .bss.xTickCount
                0x00000000200000e4        0x4 ./ThirdParty/FreeRTOS/Source/tasks.o
 .bss.uxTopReadyPriority
                0x00000000200000e8        0x4 ./ThirdParty/FreeRTOS/Source/tasks.o
 .bss.xPendedTicks
                0x00000000200000ec        0x4 ./ThirdParty/FreeRTOS/Source/tasks.o
 .bss.xYieldPending
                0x00000000200000f0        0x4 ./ThirdParty/FreeRTOS/Source/tasks.o
 .bss.xNumOfOverflows
                0x00000000200000f4        0x4 ./ThirdParty/FreeRTOS/Source/tasks.o
 .bss.xNextTaskUnblockTime
                0x00000000200000f8        0x4 ./ThirdParty/FreeRTOS/Source/tasks.o
 .bss.uxSchedulerSuspended
                0x00000000200000fc        0x4 ./ThirdParty/FreeRTOS/Source/tasks.o
 *(COMMON)
                0x0000000020000100                . = ALIGN (0x4)
                0x0000000020000100                _ebss = .
                0x0000000020000100                __bss_end__ = _ebss

._user_heap_stack
                0x0000000020000100      0x600 load address 0x00000000080024c0
                0x0000000020000100                . = ALIGN (0x8)
                [!provide]                        PROVIDE (end = .)
                [!provide]                        PROVIDE (_end = .)
                0x0000000020000300                . = (. + _Min_Heap_Size)
 *fill*         0x0000000020000100      0x200 
                0x0000000020000700                . = (. + _Min_Stack_Size)
 *fill*         0x0000000020000300      0x400 
                0x0000000020000700                . = ALIGN (0x8)

/DISCARD/
 libc.a(*)
 libm.a(*)
 libgcc.a(*)

.ARM.attributes
                0x0000000000000000       0x30
 *(.ARM.attributes)
 .ARM.attributes
                0x0000000000000000       0x1e c:/st/stm32cubeide_1.12.1/stm32cubeide/plugins/com.st.stm32cube.ide.mcu.externaltools.gnu-tools-for-stm32.10.3-2021.10.win32_1.0.200.202301161003/tools/bin/../lib/gcc/arm-none-eabi/10.3.1/thumb/v7e-m+fp/hard/crti.o
 .ARM.attributes
                0x000000000000001e       0x34 c:/st/stm32cubeide_1.12.1/stm32cubeide/plugins/com.st.stm32cube.ide.mcu.externaltools.gnu-tools-for-stm32.10.3-2021.10.win32_1.0.200.202301161003/tools/bin/../lib/gcc/arm-none-eabi/10.3.1/thumb/v7e-m+fp/hard/crtbegin.o
 .ARM.attributes
                0x0000000000000052       0x34 ./Core/Src/main.o
 .ARM.attributes
                0x0000000000000086       0x34 ./Core/Src/stm32f4xx_hal_msp.o
 .ARM.attributes
                0x00000000000000ba       0x34 ./Core/Src/stm32f4xx_hal_timebase_tim.o
 .ARM.attributes
                0x00000000000000ee       0x34 ./Core/Src/stm32f4xx_it.o
 .ARM.attributes
                0x0000000000000122       0x34 ./Core/Src/system_stm32f4xx.o
 .ARM.attributes
                0x0000000000000156       0x21 ./Core/Startup/startup_stm32f446retx.o
 .ARM.attributes
                0x0000000000000177       0x34 ./Drivers/STM32F4xx_HAL_Driver/Src/stm32f4xx_hal.o
 .ARM.attributes
                0x00000000000001ab       0x34 ./Drivers/STM32F4xx_HAL_Driver/Src/stm32f4xx_hal_cortex.o
 .ARM.attributes
                0x00000000000001df       0x34 ./Drivers/STM32F4xx_HAL_Driver/Src/stm32f4xx_hal_gpio.o
 .ARM.attributes
                0x0000000000000213       0x34 ./Drivers/STM32F4xx_HAL_Driver/Src/stm32f4xx_hal_rcc.o
 .ARM.attributes
                0x0000000000000247       0x34 ./Drivers/STM32F4xx_HAL_Driver/Src/stm32f4xx_hal_rcc_ex.o
 .ARM.attributes
                0x000000000000027b       0x34 ./Drivers/STM32F4xx_HAL_Driver/Src/stm32f4xx_hal_tim.o
 .ARM.attributes
                0x00000000000002af       0x34 ./Drivers/STM32F4xx_HAL_Driver/Src/stm32f4xx_hal_tim_ex.o
 .ARM.attributes
                0x00000000000002e3       0x34 ./ThirdParty/FreeRTOS/Source/list.o
 .ARM.attributes
                0x0000000000000317       0x34 ./ThirdParty/FreeRTOS/Source/tasks.o
 .ARM.attributes
                0x000000000000034b       0x34 ./ThirdParty/FreeRTOS/Source/portable/GCC/ARM_CM4F/port.o
 .ARM.attributes
                0x000000000000037f       0x34 c:/st/stm32cubeide_1.12.1/stm32cubeide/plugins/com.st.stm32cube.ide.mcu.externaltools.gnu-tools-for-stm32.10.3-2021.10.win32_1.0.200.202301161003/tools/bin/../lib/gcc/arm-none-eabi/10.3.1/../../../../arm-none-eabi/lib/thumb/v7e-m+fp/hard\libc_nano.a(lib_a-init.o)
 .ARM.attributes
                0x00000000000003b3       0x34 c:/st/stm32cubeide_1.12.1/stm32cubeide/plugins/com.st.stm32cube.ide.mcu.externaltools.gnu-tools-for-stm32.10.3-2021.10.win32_1.0.200.202301161003/tools/bin/../lib/gcc/arm-none-eabi/10.3.1/../../../../arm-none-eabi/lib/thumb/v7e-m+fp/hard\libc_nano.a(lib_a-memset.o)
 .ARM.attributes
                0x00000000000003e7       0x1e c:/st/stm32cubeide_1.12.1/stm32cubeide/plugins/com.st.stm32cube.ide.mcu.externaltools.gnu-tools-for-stm32.10.3-2021.10.win32_1.0.200.202301161003/tools/bin/../lib/gcc/arm-none-eabi/10.3.1/thumb/v7e-m+fp/hard\libgcc.a(_aeabi_uldivmod.o)
 .ARM.attributes
                0x0000000000000405       0x34 c:/st/stm32cubeide_1.12.1/stm32cubeide/plugins/com.st.stm32cube.ide.mcu.externaltools.gnu-tools-for-stm32.10.3-2021.10.win32_1.0.200.202301161003/tools/bin/../lib/gcc/arm-none-eabi/10.3.1/thumb/v7e-m+fp/hard\libgcc.a(_udivmoddi4.o)
 .ARM.attributes
                0x0000000000000439       0x1e c:/st/stm32cubeide_1.12.1/stm32cubeide/plugins/com.st.stm32cube.ide.mcu.externaltools.gnu-tools-for-stm32.10.3-2021.10.win32_1.0.200.202301161003/tools/bin/../lib/gcc/arm-none-eabi/10.3.1/thumb/v7e-m+fp/hard\libgcc.a(_dvmd_tls.o)
 .ARM.attributes
                0x0000000000000457       0x1e c:/st/stm32cubeide_1.12.1/stm32cubeide/plugins/com.st.stm32cube.ide.mcu.externaltools.gnu-tools-for-stm32.10.3-2021.10.win32_1.0.200.202301161003/tools/bin/../lib/gcc/arm-none-eabi/10.3.1/thumb/v7e-m+fp/hard/crtn.o
OUTPUT(001Tasks.elf elf32-littlearm)
LOAD linker stubs
LOAD c:/st/stm32cubeide_1.12.1/stm32cubeide/plugins/com.st.stm32cube.ide.mcu.externaltools.gnu-tools-for-stm32.10.3-2021.10.win32_1.0.200.202301161003/tools/bin/../lib/gcc/arm-none-eabi/10.3.1/../../../../arm-none-eabi/lib/thumb/v7e-m+fp/hard\libc.a
LOAD c:/st/stm32cubeide_1.12.1/stm32cubeide/plugins/com.st.stm32cube.ide.mcu.externaltools.gnu-tools-for-stm32.10.3-2021.10.win32_1.0.200.202301161003/tools/bin/../lib/gcc/arm-none-eabi/10.3.1/../../../../arm-none-eabi/lib/thumb/v7e-m+fp/hard\libm.a
LOAD c:/st/stm32cubeide_1.12.1/stm32cubeide/plugins/com.st.stm32cube.ide.mcu.externaltools.gnu-tools-for-stm32.10.3-2021.10.win32_1.0.200.202301161003/tools/bin/../lib/gcc/arm-none-eabi/10.3.1/thumb/v7e-m+fp/hard\libgcc.a

.debug_info     0x0000000000000000     0xc7b9
 .debug_info    0x0000000000000000      0xd5f ./Core/Src/main.o
 .debug_info    0x0000000000000d5f      0x2e0 ./Core/Src/stm32f4xx_hal_msp.o
 .debug_info    0x000000000000103f      0xca1 ./Core/Src/stm32f4xx_hal_timebase_tim.o
 .debug_info    0x0000000000001ce0      0x6f8 ./Core/Src/stm32f4xx_it.o
 .debug_info    0x00000000000023d8      0x55b ./Core/Src/system_stm32f4xx.o
 .debug_info    0x0000000000002933       0x22 ./Core/Startup/startup_stm32f446retx.o
 .debug_info    0x0000000000002955      0x9d2 ./Drivers/STM32F4xx_HAL_Driver/Src/stm32f4xx_hal.o
 .debug_info    0x0000000000003327      0xe39 ./Drivers/STM32F4xx_HAL_Driver/Src/stm32f4xx_hal_cortex.o
 .debug_info    0x0000000000004160      0x7be ./Drivers/STM32F4xx_HAL_Driver/Src/stm32f4xx_hal_gpio.o
 .debug_info    0x000000000000491e      0x9ab ./Drivers/STM32F4xx_HAL_Driver/Src/stm32f4xx_hal_rcc.o
 .debug_info    0x00000000000052c9      0x9ec ./Drivers/STM32F4xx_HAL_Driver/Src/stm32f4xx_hal_rcc_ex.o
 .debug_info    0x0000000000005cb5     0x2bbe ./Drivers/STM32F4xx_HAL_Driver/Src/stm32f4xx_hal_tim.o
 .debug_info    0x0000000000008873     0x15e0 ./Drivers/STM32F4xx_HAL_Driver/Src/stm32f4xx_hal_tim_ex.o
 .debug_info    0x0000000000009e53      0x2d1 ./ThirdParty/FreeRTOS/Source/list.o
 .debug_info    0x000000000000a124     0x218e ./ThirdParty/FreeRTOS/Source/tasks.o
 .debug_info    0x000000000000c2b2      0x507 ./ThirdParty/FreeRTOS/Source/portable/GCC/ARM_CM4F/port.o

.debug_abbrev   0x0000000000000000     0x1e83
 .debug_abbrev  0x0000000000000000      0x240 ./Core/Src/main.o
 .debug_abbrev  0x0000000000000240       0xd4 ./Core/Src/stm32f4xx_hal_msp.o
 .debug_abbrev  0x0000000000000314      0x1e6 ./Core/Src/stm32f4xx_hal_timebase_tim.o
 .debug_abbrev  0x00000000000004fa      0x171 ./Core/Src/stm32f4xx_it.o
 .debug_abbrev  0x000000000000066b      0x116 ./Core/Src/system_stm32f4xx.o
 .debug_abbrev  0x0000000000000781       0x12 ./Core/Startup/startup_stm32f446retx.o
 .debug_abbrev  0x0000000000000793      0x20d ./Drivers/STM32F4xx_HAL_Driver/Src/stm32f4xx_hal.o
 .debug_abbrev  0x00000000000009a0      0x316 ./Drivers/STM32F4xx_HAL_Driver/Src/stm32f4xx_hal_cortex.o
 .debug_abbrev  0x0000000000000cb6      0x1c4 ./Drivers/STM32F4xx_HAL_Driver/Src/stm32f4xx_hal_gpio.o
 .debug_abbrev  0x0000000000000e7a      0x2aa ./Drivers/STM32F4xx_HAL_Driver/Src/stm32f4xx_hal_rcc.o
 .debug_abbrev  0x0000000000001124      0x1fb ./Drivers/STM32F4xx_HAL_Driver/Src/stm32f4xx_hal_rcc_ex.o
 .debug_abbrev  0x000000000000131f      0x25d ./Drivers/STM32F4xx_HAL_Driver/Src/stm32f4xx_hal_tim.o
 .debug_abbrev  0x000000000000157c      0x265 ./Drivers/STM32F4xx_HAL_Driver/Src/stm32f4xx_hal_tim_ex.o
 .debug_abbrev  0x00000000000017e1       0xf2 ./ThirdParty/FreeRTOS/Source/list.o
 .debug_abbrev  0x00000000000018d3      0x357 ./ThirdParty/FreeRTOS/Source/tasks.o
 .debug_abbrev  0x0000000000001c2a      0x259 ./ThirdParty/FreeRTOS/Source/portable/GCC/ARM_CM4F/port.o

.debug_aranges  0x0000000000000000      0xc78
 .debug_aranges
                0x0000000000000000       0x40 ./Core/Src/main.o
 .debug_aranges
                0x0000000000000040       0x20 ./Core/Src/stm32f4xx_hal_msp.o
 .debug_aranges
                0x0000000000000060       0x30 ./Core/Src/stm32f4xx_hal_timebase_tim.o
 .debug_aranges
                0x0000000000000090       0x50 ./Core/Src/stm32f4xx_it.o
 .debug_aranges
                0x00000000000000e0       0x28 ./Core/Src/system_stm32f4xx.o
 .debug_aranges
                0x0000000000000108       0x28 ./Core/Startup/startup_stm32f446retx.o
 .debug_aranges
                0x0000000000000130       0xf0 ./Drivers/STM32F4xx_HAL_Driver/Src/stm32f4xx_hal.o
 .debug_aranges
                0x0000000000000220      0x118 ./Drivers/STM32F4xx_HAL_Driver/Src/stm32f4xx_hal_cortex.o
 .debug_aranges
                0x0000000000000338       0x58 ./Drivers/STM32F4xx_HAL_Driver/Src/stm32f4xx_hal_gpio.o
 .debug_aranges
                0x0000000000000390       0x88 ./Drivers/STM32F4xx_HAL_Driver/Src/stm32f4xx_hal_rcc.o
 .debug_aranges
                0x0000000000000418       0x78 ./Drivers/STM32F4xx_HAL_Driver/Src/stm32f4xx_hal_rcc_ex.o
 .debug_aranges
                0x0000000000000490      0x3d0 ./Drivers/STM32F4xx_HAL_Driver/Src/stm32f4xx_hal_tim.o
 .debug_aranges
                0x0000000000000860      0x168 ./Drivers/STM32F4xx_HAL_Driver/Src/stm32f4xx_hal_tim_ex.o
 .debug_aranges
                0x00000000000009c8       0x40 ./ThirdParty/FreeRTOS/Source/list.o
 .debug_aranges
                0x0000000000000a08      0x1f0 ./ThirdParty/FreeRTOS/Source/tasks.o
 .debug_aranges
                0x0000000000000bf8       0x80 ./ThirdParty/FreeRTOS/Source/portable/GCC/ARM_CM4F/port.o

.debug_ranges   0x0000000000000000      0xb80
 .debug_ranges  0x0000000000000000       0x30 ./Core/Src/main.o
 .debug_ranges  0x0000000000000030       0x10 ./Core/Src/stm32f4xx_hal_msp.o
 .debug_ranges  0x0000000000000040       0x20 ./Core/Src/stm32f4xx_hal_timebase_tim.o
 .debug_ranges  0x0000000000000060       0x40 ./Core/Src/stm32f4xx_it.o
 .debug_ranges  0x00000000000000a0       0x18 ./Core/Src/system_stm32f4xx.o
 .debug_ranges  0x00000000000000b8       0x20 ./Core/Startup/startup_stm32f446retx.o
 .debug_ranges  0x00000000000000d8       0xe0 ./Drivers/STM32F4xx_HAL_Driver/Src/stm32f4xx_hal.o
 .debug_ranges  0x00000000000001b8      0x108 ./Drivers/STM32F4xx_HAL_Driver/Src/stm32f4xx_hal_cortex.o
 .debug_ranges  0x00000000000002c0       0x48 ./Drivers/STM32F4xx_HAL_Driver/Src/stm32f4xx_hal_gpio.o
 .debug_ranges  0x0000000000000308       0x78 ./Drivers/STM32F4xx_HAL_Driver/Src/stm32f4xx_hal_rcc.o
 .debug_ranges  0x0000000000000380       0x68 ./Drivers/STM32F4xx_HAL_Driver/Src/stm32f4xx_hal_rcc_ex.o
 .debug_ranges  0x00000000000003e8      0x3c0 ./Drivers/STM32F4xx_HAL_Driver/Src/stm32f4xx_hal_tim.o
 .debug_ranges  0x00000000000007a8      0x158 ./Drivers/STM32F4xx_HAL_Driver/Src/stm32f4xx_hal_tim_ex.o
 .debug_ranges  0x0000000000000900       0x30 ./ThirdParty/FreeRTOS/Source/list.o
 .debug_ranges  0x0000000000000930      0x1e0 ./ThirdParty/FreeRTOS/Source/tasks.o
 .debug_ranges  0x0000000000000b10       0x70 ./ThirdParty/FreeRTOS/Source/portable/GCC/ARM_CM4F/port.o

.debug_macro    0x0000000000000000    0x22841
 .debug_macro   0x0000000000000000      0x39a ./Core/Src/main.o
 .debug_macro   0x000000000000039a      0xa78 ./Core/Src/main.o
 .debug_macro   0x0000000000000e12      0x295 ./Core/Src/main.o
 .debug_macro   0x00000000000010a7       0x2e ./Core/Src/main.o
 .debug_macro   0x00000000000010d5       0x28 ./Core/Src/main.o
 .debug_macro   0x00000000000010fd       0x22 ./Core/Src/main.o
 .debug_macro   0x000000000000111f       0x8e ./Core/Src/main.o
 .debug_macro   0x00000000000011ad       0x51 ./Core/Src/main.o
 .debug_macro   0x00000000000011fe      0x103 ./Core/Src/main.o
 .debug_macro   0x0000000000001301       0x6a ./Core/Src/main.o
 .debug_macro   0x000000000000136b      0x1df ./Core/Src/main.o
 .debug_macro   0x000000000000154a       0x1c ./Core/Src/main.o
 .debug_macro   0x0000000000001566       0x22 ./Core/Src/main.o
 .debug_macro   0x0000000000001588       0xd9 ./Core/Src/main.o
 .debug_macro   0x0000000000001661     0x102d ./Core/Src/main.o
 .debug_macro   0x000000000000268e      0x11f ./Core/Src/main.o
 .debug_macro   0x00000000000027ad    0x16749 ./Core/Src/main.o
 .debug_macro   0x0000000000018ef6       0x6d ./Core/Src/main.o
 .debug_macro   0x0000000000018f63     0x367e ./Core/Src/main.o
 .debug_macro   0x000000000001c5e1      0x174 ./Core/Src/main.o
 .debug_macro   0x000000000001c755       0x5c ./Core/Src/main.o
 .debug_macro   0x000000000001c7b1      0xc90 ./Core/Src/main.o
 .debug_macro   0x000000000001d441      0x9fe ./Core/Src/main.o
 .debug_macro   0x000000000001de3f      0x115 ./Core/Src/main.o
 .debug_macro   0x000000000001df54      0x1a0 ./Core/Src/main.o
 .debug_macro   0x000000000001e0f4       0xa5 ./Core/Src/main.o
 .debug_macro   0x000000000001e199      0x16d ./Core/Src/main.o
 .debug_macro   0x000000000001e306      0x287 ./Core/Src/main.o
 .debug_macro   0x000000000001e58d       0x5f ./Core/Src/main.o
 .debug_macro   0x000000000001e5ec      0x236 ./Core/Src/main.o
 .debug_macro   0x000000000001e822      0x132 ./Core/Src/main.o
 .debug_macro   0x000000000001e954      0x29c ./Core/Src/main.o
 .debug_macro   0x000000000001ebf0       0x2e ./Core/Src/main.o
 .debug_macro   0x000000000001ec1e      0x11a ./Core/Src/main.o
 .debug_macro   0x000000000001ed38       0xe8 ./Core/Src/main.o
 .debug_macro   0x000000000001ee20       0x89 ./Core/Src/main.o
 .debug_macro   0x000000000001eea9      0x8e6 ./Core/Src/main.o
 .debug_macro   0x000000000001f78f       0x4d ./Core/Src/main.o
 .debug_macro   0x000000000001f7dc      0x126 ./Core/Src/main.o
 .debug_macro   0x000000000001f902       0x58 ./Core/Src/main.o
 .debug_macro   0x000000000001f95a       0x52 ./Core/Src/main.o
 .debug_macro   0x000000000001f9ac       0x1e ./Core/Src/main.o
 .debug_macro   0x000000000001f9ca       0x3c ./Core/Src/main.o
 .debug_macro   0x000000000001fa06       0x34 ./Core/Src/main.o
 .debug_macro   0x000000000001fa3a       0x16 ./Core/Src/main.o
 .debug_macro   0x000000000001fa50       0x35 ./Core/Src/main.o
 .debug_macro   0x000000000001fa85      0x341 ./Core/Src/main.o
 .debug_macro   0x000000000001fdc6       0x10 ./Core/Src/main.o
 .debug_macro   0x000000000001fdd6       0x16 ./Core/Src/main.o
 .debug_macro   0x000000000001fdec       0x43 ./Core/Src/main.o
 .debug_macro   0x000000000001fe2f       0x34 ./Core/Src/main.o
 .debug_macro   0x000000000001fe63       0x10 ./Core/Src/main.o
 .debug_macro   0x000000000001fe73       0x58 ./Core/Src/main.o
 .debug_macro   0x000000000001fecb       0x71 ./Core/Src/main.o
 .debug_macro   0x000000000001ff3c       0x1c ./Core/Src/main.o
 .debug_macro   0x000000000001ff58      0x12a ./Core/Src/main.o
 .debug_macro   0x0000000000020082       0x10 ./Core/Src/main.o
 .debug_macro   0x0000000000020092       0x1c ./Core/Src/main.o
 .debug_macro   0x00000000000200ae       0x52 ./Core/Src/main.o
 .debug_macro   0x0000000000020100       0x22 ./Core/Src/main.o
 .debug_macro   0x0000000000020122       0x10 ./Core/Src/main.o
 .debug_macro   0x0000000000020132       0x52 ./Core/Src/main.o
 .debug_macro   0x0000000000020184       0xd5 ./Core/Src/main.o
 .debug_macro   0x0000000000020259       0x1c ./Core/Src/main.o
 .debug_macro   0x0000000000020275       0x3d ./Core/Src/main.o
 .debug_macro   0x00000000000202b2       0x16 ./Core/Src/main.o
 .debug_macro   0x00000000000202c8      0x145 ./Core/Src/main.o
 .debug_macro   0x000000000002040d      0x112 ./Core/Src/main.o
 .debug_macro   0x000000000002051f      0x15a ./Core/Src/main.o
 .debug_macro   0x0000000000020679       0xea ./Core/Src/main.o
 .debug_macro   0x0000000000020763       0x1c ./Core/Src/main.o
 .debug_macro   0x000000000002077f       0x26 ./Core/Src/main.o
 .debug_macro   0x00000000000207a5      0x4f6 ./Core/Src/main.o
 .debug_macro   0x0000000000020c9b       0xb5 ./Core/Src/main.o
 .debug_macro   0x0000000000020d50      0x120 ./Core/Src/main.o
 .debug_macro   0x0000000000020e70      0x1d3 ./Core/Src/stm32f4xx_hal_msp.o
 .debug_macro   0x0000000000021043      0x1c4 ./Core/Src/stm32f4xx_hal_timebase_tim.o
 .debug_macro   0x0000000000021207      0x1dd ./Core/Src/stm32f4xx_it.o
 .debug_macro   0x00000000000213e4      0x1c4 ./Core/Src/system_stm32f4xx.o
 .debug_macro   0x00000000000215a8      0x224 ./Drivers/STM32F4xx_HAL_Driver/Src/stm32f4xx_hal.o
 .debug_macro   0x00000000000217cc      0x1c4 ./Drivers/STM32F4xx_HAL_Driver/Src/stm32f4xx_hal_cortex.o
 .debug_macro   0x0000000000021990      0x1ca ./Drivers/STM32F4xx_HAL_Driver/Src/stm32f4xx_hal_gpio.o
 .debug_macro   0x0000000000021b5a      0x1e8 ./Drivers/STM32F4xx_HAL_Driver/Src/stm32f4xx_hal_rcc.o
 .debug_macro   0x0000000000021d42      0x1c4 ./Drivers/STM32F4xx_HAL_Driver/Src/stm32f4xx_hal_rcc_ex.o
 .debug_macro   0x0000000000021f06      0x1c5 ./Drivers/STM32F4xx_HAL_Driver/Src/stm32f4xx_hal_tim.o
 .debug_macro   0x00000000000220cb      0x1c4 ./Drivers/STM32F4xx_HAL_Driver/Src/stm32f4xx_hal_tim_ex.o
 .debug_macro   0x000000000002228f      0x193 ./ThirdParty/FreeRTOS/Source/list.o
 .debug_macro   0x0000000000022422      0x279 ./ThirdParty/FreeRTOS/Source/tasks.o
 .debug_macro   0x000000000002269b       0x10 ./ThirdParty/FreeRTOS/Source/tasks.o
 .debug_macro   0x00000000000226ab      0x196 ./ThirdParty/FreeRTOS/Source/portable/GCC/ARM_CM4F/port.o

.debug_line     0x0000000000000000     0xe748
 .debug_line    0x0000000000000000      0xb51 ./Core/Src/main.o
 .debug_line    0x0000000000000b51      0x6ab ./Core/Src/stm32f4xx_hal_msp.o
 .debug_line    0x00000000000011fc      0x727 ./Core/Src/stm32f4xx_hal_timebase_tim.o
 .debug_line    0x0000000000001923      0x748 ./Core/Src/stm32f4xx_it.o
 .debug_line    0x000000000000206b      0x72d ./Core/Src/system_stm32f4xx.o
 .debug_line    0x0000000000002798       0x88 ./Core/Startup/startup_stm32f446retx.o
 .debug_line    0x0000000000002820      0x993 ./Drivers/STM32F4xx_HAL_Driver/Src/stm32f4xx_hal.o
 .debug_line    0x00000000000031b3      0xc42 ./Drivers/STM32F4xx_HAL_Driver/Src/stm32f4xx_hal_cortex.o
 .debug_line    0x0000000000003df5      0xaf3 ./Drivers/STM32F4xx_HAL_Driver/Src/stm32f4xx_hal_gpio.o
 .debug_line    0x00000000000048e8      0xd1b ./Drivers/STM32F4xx_HAL_Driver/Src/stm32f4xx_hal_rcc.o
 .debug_line    0x0000000000005603     0x13a6 ./Drivers/STM32F4xx_HAL_Driver/Src/stm32f4xx_hal_rcc_ex.o
 .debug_line    0x00000000000069a9     0x3687 ./Drivers/STM32F4xx_HAL_Driver/Src/stm32f4xx_hal_tim.o
 .debug_line    0x000000000000a030     0x1990 ./Drivers/STM32F4xx_HAL_Driver/Src/stm32f4xx_hal_tim_ex.o
 .debug_line    0x000000000000b9c0      0x7dd ./ThirdParty/FreeRTOS/Source/list.o
 .debug_line    0x000000000000c19d     0x1cea ./ThirdParty/FreeRTOS/Source/tasks.o
 .debug_line    0x000000000000de87      0x8c1 ./ThirdParty/FreeRTOS/Source/portable/GCC/ARM_CM4F/port.o

.debug_str      0x0000000000000000    0xd53d8
 .debug_str     0x0000000000000000    0xd0140 ./Core/Src/main.o
                                      0xd049c (size before relaxing)
 .debug_str     0x00000000000d0140       0x2c ./Core/Src/stm32f4xx_hal_msp.o
                                      0xc7405 (size before relaxing)
 .debug_str     0x00000000000d016c      0x63b ./Core/Src/stm32f4xx_hal_timebase_tim.o
                                      0xc7ec7 (size before relaxing)
 .debug_str     0x00000000000d07a7       0xb9 ./Core/Src/stm32f4xx_it.o
                                      0xc7891 (size before relaxing)
 .debug_str     0x00000000000d0860       0xdb ./Core/Src/system_stm32f4xx.o
                                      0xc738f (size before relaxing)
 .debug_str     0x00000000000d093b       0x36 ./Core/Startup/startup_stm32f446retx.o
                                         0x8c (size before relaxing)
 .debug_str     0x00000000000d0971      0x5d3 ./Drivers/STM32F4xx_HAL_Driver/Src/stm32f4xx_hal.o
                                      0xc7f54 (size before relaxing)
 .debug_str     0x00000000000d0f44      0x33a ./Drivers/STM32F4xx_HAL_Driver/Src/stm32f4xx_hal_cortex.o
                                      0xc7c62 (size before relaxing)
 .debug_str     0x00000000000d127e      0x131 ./Drivers/STM32F4xx_HAL_Driver/Src/stm32f4xx_hal_gpio.o
                                      0xc750a (size before relaxing)
 .debug_str     0x00000000000d13af      0x1fd ./Drivers/STM32F4xx_HAL_Driver/Src/stm32f4xx_hal_rcc.o
                                      0xc77c8 (size before relaxing)
 .debug_str     0x00000000000d15ac      0x324 ./Drivers/STM32F4xx_HAL_Driver/Src/stm32f4xx_hal_rcc_ex.o
                                      0xc77fb (size before relaxing)
 .debug_str     0x00000000000d18d0      0xe69 ./Drivers/STM32F4xx_HAL_Driver/Src/stm32f4xx_hal_tim.o
                                      0xc86e4 (size before relaxing)
 .debug_str     0x00000000000d2739      0x503 ./Drivers/STM32F4xx_HAL_Driver/Src/stm32f4xx_hal_tim_ex.o
                                      0xc7f00 (size before relaxing)
 .debug_str     0x00000000000d2c3c      0x278 ./ThirdParty/FreeRTOS/Source/list.o
                                       0xa8ad (size before relaxing)
 .debug_str     0x00000000000d2eb4     0x1db6 ./ThirdParty/FreeRTOS/Source/tasks.o
                                       0xd944 (size before relaxing)
 .debug_str     0x00000000000d4c6a      0x76e ./ThirdParty/FreeRTOS/Source/portable/GCC/ARM_CM4F/port.o
                                       0x9399 (size before relaxing)

.comment        0x0000000000000000       0x50
 .comment       0x0000000000000000       0x50 ./Core/Src/main.o
                                         0x51 (size before relaxing)
 .comment       0x0000000000000050       0x51 ./Core/Src/stm32f4xx_hal_msp.o
 .comment       0x0000000000000050       0x51 ./Core/Src/stm32f4xx_hal_timebase_tim.o
 .comment       0x0000000000000050       0x51 ./Core/Src/stm32f4xx_it.o
 .comment       0x0000000000000050       0x51 ./Core/Src/system_stm32f4xx.o
 .comment       0x0000000000000050       0x51 ./Drivers/STM32F4xx_HAL_Driver/Src/stm32f4xx_hal.o
 .comment       0x0000000000000050       0x51 ./Drivers/STM32F4xx_HAL_Driver/Src/stm32f4xx_hal_cortex.o
 .comment       0x0000000000000050       0x51 ./Drivers/STM32F4xx_HAL_Driver/Src/stm32f4xx_hal_gpio.o
 .comment       0x0000000000000050       0x51 ./Drivers/STM32F4xx_HAL_Driver/Src/stm32f4xx_hal_rcc.o
 .comment       0x0000000000000050       0x51 ./Drivers/STM32F4xx_HAL_Driver/Src/stm32f4xx_hal_rcc_ex.o
 .comment       0x0000000000000050       0x51 ./Drivers/STM32F4xx_HAL_Driver/Src/stm32f4xx_hal_tim.o
 .comment       0x0000000000000050       0x51 ./Drivers/STM32F4xx_HAL_Driver/Src/stm32f4xx_hal_tim_ex.o
 .comment       0x0000000000000050       0x51 ./ThirdParty/FreeRTOS/Source/list.o
 .comment       0x0000000000000050       0x51 ./ThirdParty/FreeRTOS/Source/tasks.o
 .comment       0x0000000000000050       0x51 ./ThirdParty/FreeRTOS/Source/portable/GCC/ARM_CM4F/port.o

.debug_frame    0x0000000000000000     0x3344
 .debug_frame   0x0000000000000000       0xb0 ./Core/Src/main.o
 .debug_frame   0x00000000000000b0       0x38 ./Core/Src/stm32f4xx_hal_msp.o
 .debug_frame   0x00000000000000e8       0x74 ./Core/Src/stm32f4xx_hal_timebase_tim.o
 .debug_frame   0x000000000000015c       0xc4 ./Core/Src/stm32f4xx_it.o
 .debug_frame   0x0000000000000220       0x58 ./Core/Src/system_stm32f4xx.o
 .debug_frame   0x0000000000000278      0x374 ./Drivers/STM32F4xx_HAL_Driver/Src/stm32f4xx_hal.o
 .debug_frame   0x00000000000005ec      0x498 ./Drivers/STM32F4xx_HAL_Driver/Src/stm32f4xx_hal_cortex.o
 .debug_frame   0x0000000000000a84      0x14c ./Drivers/STM32F4xx_HAL_Driver/Src/stm32f4xx_hal_gpio.o
 .debug_frame   0x0000000000000bd0      0x1f4 ./Drivers/STM32F4xx_HAL_Driver/Src/stm32f4xx_hal_rcc.o
 .debug_frame   0x0000000000000dc4      0x1e8 ./Drivers/STM32F4xx_HAL_Driver/Src/stm32f4xx_hal_rcc_ex.o
 .debug_frame   0x0000000000000fac     0x11c4 ./Drivers/STM32F4xx_HAL_Driver/Src/stm32f4xx_hal_tim.o
 .debug_frame   0x0000000000002170      0x638 ./Drivers/STM32F4xx_HAL_Driver/Src/stm32f4xx_hal_tim_ex.o
 .debug_frame   0x00000000000027a8       0xd8 ./ThirdParty/FreeRTOS/Source/list.o
 .debug_frame   0x0000000000002880      0x870 ./ThirdParty/FreeRTOS/Source/tasks.o
 .debug_frame   0x00000000000030f0      0x1a8 ./ThirdParty/FreeRTOS/Source/portable/GCC/ARM_CM4F/port.o
 .debug_frame   0x0000000000003298       0x2c c:/st/stm32cubeide_1.12.1/stm32cubeide/plugins/com.st.stm32cube.ide.mcu.externaltools.gnu-tools-for-stm32.10.3-2021.10.win32_1.0.200.202301161003/tools/bin/../lib/gcc/arm-none-eabi/10.3.1/../../../../arm-none-eabi/lib/thumb/v7e-m+fp/hard\libc_nano.a(lib_a-init.o)
 .debug_frame   0x00000000000032c4       0x20 c:/st/stm32cubeide_1.12.1/stm32cubeide/plugins/com.st.stm32cube.ide.mcu.externaltools.gnu-tools-for-stm32.10.3-2021.10.win32_1.0.200.202301161003/tools/bin/../lib/gcc/arm-none-eabi/10.3.1/../../../../arm-none-eabi/lib/thumb/v7e-m+fp/hard\libc_nano.a(lib_a-memset.o)
 .debug_frame   0x00000000000032e4       0x2c c:/st/stm32cubeide_1.12.1/stm32cubeide/plugins/com.st.stm32cube.ide.mcu.externaltools.gnu-tools-for-stm32.10.3-2021.10.win32_1.0.200.202301161003/tools/bin/../lib/gcc/arm-none-eabi/10.3.1/thumb/v7e-m+fp/hard\libgcc.a(_aeabi_uldivmod.o)
 .debug_frame   0x0000000000003310       0x34 c:/st/stm32cubeide_1.12.1/stm32cubeide/plugins/com.st.stm32cube.ide.mcu.externaltools.gnu-tools-for-stm32.10.3-2021.10.win32_1.0.200.202301161003/tools/bin/../lib/gcc/arm-none-eabi/10.3.1/thumb/v7e-m+fp/hard\libgcc.a(_udivmoddi4.o)
