Archive member included to satisfy reference by file (symbol)

c:/st/stm32cubeide_1.12.1/stm32cubeide/plugins/com.st.stm32cube.ide.mcu.externaltools.gnu-tools-for-stm32.10.3-2021.10.win32_1.0.200.202301161003/tools/bin/../lib/gcc/arm-none-eabi/10.3.1/../../../../arm-none-eabi/lib/thumb/v7e-m+fp/hard\libc_nano.a(lib_a-errno.o)
                              ./Core/Src/syscalls.o (__errno)
c:/st/stm32cubeide_1.12.1/stm32cubeide/plugins/com.st.stm32cube.ide.mcu.externaltools.gnu-tools-for-stm32.10.3-2021.10.win32_1.0.200.202301161003/tools/bin/../lib/gcc/arm-none-eabi/10.3.1/../../../../arm-none-eabi/lib/thumb/v7e-m+fp/hard\libc_nano.a(lib_a-exit.o)
                              c:/st/stm32cubeide_1.12.1/stm32cubeide/plugins/com.st.stm32cube.ide.mcu.externaltools.gnu-tools-for-stm32.10.3-2021.10.win32_1.0.200.202301161003/tools/bin/../lib/gcc/arm-none-eabi/10.3.1/../../../../arm-none-eabi/lib/thumb/v7e-m+fp/hard/crt0.o (exit)
c:/st/stm32cubeide_1.12.1/stm32cubeide/plugins/com.st.stm32cube.ide.mcu.externaltools.gnu-tools-for-stm32.10.3-2021.10.win32_1.0.200.202301161003/tools/bin/../lib/gcc/arm-none-eabi/10.3.1/../../../../arm-none-eabi/lib/thumb/v7e-m+fp/hard\libc_nano.a(lib_a-impure.o)
                              c:/st/stm32cubeide_1.12.1/stm32cubeide/plugins/com.st.stm32cube.ide.mcu.externaltools.gnu-tools-for-stm32.10.3-2021.10.win32_1.0.200.202301161003/tools/bin/../lib/gcc/arm-none-eabi/10.3.1/../../../../arm-none-eabi/lib/thumb/v7e-m+fp/hard\libc_nano.a(lib_a-exit.o) (_global_impure_ptr)
c:/st/stm32cubeide_1.12.1/stm32cubeide/plugins/com.st.stm32cube.ide.mcu.externaltools.gnu-tools-for-stm32.10.3-2021.10.win32_1.0.200.202301161003/tools/bin/../lib/gcc/arm-none-eabi/10.3.1/../../../../arm-none-eabi/lib/thumb/v7e-m+fp/hard\libc_nano.a(lib_a-init.o)
                              c:/st/stm32cubeide_1.12.1/stm32cubeide/plugins/com.st.stm32cube.ide.mcu.externaltools.gnu-tools-for-stm32.10.3-2021.10.win32_1.0.200.202301161003/tools/bin/../lib/gcc/arm-none-eabi/10.3.1/../../../../arm-none-eabi/lib/thumb/v7e-m+fp/hard/crt0.o (__libc_init_array)
c:/st/stm32cubeide_1.12.1/stm32cubeide/plugins/com.st.stm32cube.ide.mcu.externaltools.gnu-tools-for-stm32.10.3-2021.10.win32_1.0.200.202301161003/tools/bin/../lib/gcc/arm-none-eabi/10.3.1/../../../../arm-none-eabi/lib/thumb/v7e-m+fp/hard\libc_nano.a(lib_a-memcmp.o)
                              ./ThirdParty/SEGGER/OS/SEGGER_SYSVIEW_FreeRTOS.o (memcmp)
c:/st/stm32cubeide_1.12.1/stm32cubeide/plugins/com.st.stm32cube.ide.mcu.externaltools.gnu-tools-for-stm32.10.3-2021.10.win32_1.0.200.202301161003/tools/bin/../lib/gcc/arm-none-eabi/10.3.1/../../../../arm-none-eabi/lib/thumb/v7e-m+fp/hard\libc_nano.a(lib_a-memcpy-stub.o)
                              ./ThirdParty/FreeRTOS/queue.o (memcpy)
c:/st/stm32cubeide_1.12.1/stm32cubeide/plugins/com.st.stm32cube.ide.mcu.externaltools.gnu-tools-for-stm32.10.3-2021.10.win32_1.0.200.202301161003/tools/bin/../lib/gcc/arm-none-eabi/10.3.1/../../../../arm-none-eabi/lib/thumb/v7e-m+fp/hard\libc_nano.a(lib_a-memset.o)
                              c:/st/stm32cubeide_1.12.1/stm32cubeide/plugins/com.st.stm32cube.ide.mcu.externaltools.gnu-tools-for-stm32.10.3-2021.10.win32_1.0.200.202301161003/tools/bin/../lib/gcc/arm-none-eabi/10.3.1/../../../../arm-none-eabi/lib/thumb/v7e-m+fp/hard/crt0.o (memset)
c:/st/stm32cubeide_1.12.1/stm32cubeide/plugins/com.st.stm32cube.ide.mcu.externaltools.gnu-tools-for-stm32.10.3-2021.10.win32_1.0.200.202301161003/tools/bin/../lib/gcc/arm-none-eabi/10.3.1/../../../../arm-none-eabi/lib/thumb/v7e-m+fp/hard\libc_nano.a(lib_a-snprintf.o)
                              ./Core/Src/main.o (snprintf)
c:/st/stm32cubeide_1.12.1/stm32cubeide/plugins/com.st.stm32cube.ide.mcu.externaltools.gnu-tools-for-stm32.10.3-2021.10.win32_1.0.200.202301161003/tools/bin/../lib/gcc/arm-none-eabi/10.3.1/../../../../arm-none-eabi/lib/thumb/v7e-m+fp/hard\libc_nano.a(lib_a-strlen.o)
                              ./ThirdParty/SEGGER/SEGGER/SEGGER_RTT.o (strlen)
c:/st/stm32cubeide_1.12.1/stm32cubeide/plugins/com.st.stm32cube.ide.mcu.externaltools.gnu-tools-for-stm32.10.3-2021.10.win32_1.0.200.202301161003/tools/bin/../lib/gcc/arm-none-eabi/10.3.1/../../../../arm-none-eabi/lib/thumb/v7e-m+fp/hard\libc_nano.a(lib_a-nano-svfprintf.o)
                              c:/st/stm32cubeide_1.12.1/stm32cubeide/plugins/com.st.stm32cube.ide.mcu.externaltools.gnu-tools-for-stm32.10.3-2021.10.win32_1.0.200.202301161003/tools/bin/../lib/gcc/arm-none-eabi/10.3.1/../../../../arm-none-eabi/lib/thumb/v7e-m+fp/hard\libc_nano.a(lib_a-snprintf.o) (_svfprintf_r)
c:/st/stm32cubeide_1.12.1/stm32cubeide/plugins/com.st.stm32cube.ide.mcu.externaltools.gnu-tools-for-stm32.10.3-2021.10.win32_1.0.200.202301161003/tools/bin/../lib/gcc/arm-none-eabi/10.3.1/../../../../arm-none-eabi/lib/thumb/v7e-m+fp/hard\libc_nano.a(lib_a-nano-vfprintf_i.o)
[...]
Memory Configuration

Name             Origin             Length             Attributes
RAM              0x0000000020000000 0x0000000000020000 xrw
FLASH            0x0000000008000000 0x0000000000080000 xr
*default*        0x0000000000000000 0xffffffffffffffff

Linker script and memory map

LOAD c:/st/stm32cubeide_1.12.1/stm32cubeide/plugins/com.st.stm32cube.ide.mcu.externaltools.gnu-tools-for-stm32.10.3-2021.10.win32_1.0.200.202301161003/tools/bin/../lib/gcc/arm-none-eabi/10.3.1/thumb/v7e-m+fp/hard/crti.o
LOAD c:/st/stm32cubeide_1.12.1/stm32cubeide/plugins/com.st.stm32cube.ide.mcu.externaltools.gnu-tools-for-stm32.10.3-2021.10.win32_1.0.200.202301161003/tools/bin/../lib/gcc/arm-none-eabi/10.3.1/thumb/v7e-m+fp/hard/crtbegin.o
LOAD c:/st/stm32cubeide_1.12.1/stm32cubeide/plugins/com.st.stm32cube.ide.mcu.externaltools.gnu-tools-for-stm32.10.3-2021.10.win32_1.0.200.202301161003/tools/bin/../lib/gcc/arm-none-eabi/10.3.1/../../../../arm-none-eabi/lib/thumb/v7e-m+fp/hard/crt0.o
LOAD ./Core/Src/main.o
LOAD ./Core/Src/stm32f4xx_hal_msp.o
LOAD ./Core/Src/stm32f4xx_hal_timebase_tim.o
LOAD ./Core/Src/stm32f4xx_it.o
LOAD ./Core/Src/syscalls.o
LOAD ./Core/Src/system_stm32f4xx.o
LOAD ./Core/Startup/startup_stm32f446retx.o
LOAD ./Drivers/STM32F4xx_HAL_Driver/Src/stm32f4xx_hal.o
LOAD ./Drivers/STM32F4xx_HAL_Driver/Src/stm32f4xx_hal_cortex.o
LOAD ./Drivers/STM32F4xx_HAL_Driver/Src/stm32f4xx_hal_dma.o
LOAD ./Drivers/STM32F4xx_HAL_Driver/Src/stm32f4xx_hal_dma_ex.o
LOAD ./Drivers/STM32F4xx_HAL_Driver/Src/stm32f4xx_hal_exti.o
LOAD ./Drivers/STM32F4xx_HAL_Driver/Src/stm32f4xx_hal_flash.o
LOAD ./Drivers/STM32F4xx_HAL_Driver/Src/stm32f4xx_hal_flash_ex.o
LOAD ./Drivers/STM32F4xx_HAL_Driver/Src/stm32f4xx_hal_flash_ramfunc.o
LOAD ./Drivers/STM32F4xx_HAL_Driver/Src/stm32f4xx_hal_gpio.o
LOAD ./Drivers/STM32F4xx_HAL_Driver/Src/stm32f4xx_hal_pwr.o
LOAD ./Drivers/STM32F4xx_HAL_Driver/Src/stm32f4xx_hal_pwr_ex.o
LOAD ./Drivers/STM32F4xx_HAL_Driver/Src/stm32f4xx_hal_rcc.o
LOAD ./Drivers/STM32F4xx_HAL_Driver/Src/stm32f4xx_hal_rcc_ex.o
LOAD ./Drivers/STM32F4xx_HAL_Driver/Src/stm32f4xx_hal_tim.o
LOAD ./Drivers/STM32F4xx_HAL_Driver/Src/stm32f4xx_hal_tim_ex.o
LOAD ./ThirdParty/FreeRTOS/croutine.o
LOAD ./ThirdParty/FreeRTOS/event_groups.o
LOAD ./ThirdParty/FreeRTOS/list.o
LOAD ./ThirdParty/FreeRTOS/queue.o
LOAD ./ThirdParty/FreeRTOS/stream_buffer.o
LOAD ./ThirdParty/FreeRTOS/tasks.o
LOAD ./ThirdParty/FreeRTOS/timers.o
LOAD ./ThirdParty/FreeRTOS/portable/GCC/ARM_CM4F/port.o
LOAD ./ThirdParty/FreeRTOS/portable/MemMang/heap_4.o
LOAD ./ThirdParty/SEGGER/Config/SEGGER_SYSVIEW_Config_FreeRTOS.o
LOAD ./ThirdParty/SEGGER/OS/SEGGER_SYSVIEW_FreeRTOS.o
LOAD ./ThirdParty/SEGGER/Rec/segger_uart.o
LOAD ./ThirdParty/SEGGER/SEGGER/SEGGER_RTT.o
LOAD ./ThirdParty/SEGGER/SEGGER/SEGGER_RTT_ASM_ARMv7M.o
LOAD ./ThirdParty/SEGGER/SEGGER/SEGGER_RTT_printf.o
LOAD ./ThirdParty/SEGGER/SEGGER/SEGGER_SYSVIEW.o
LOAD ./ThirdParty/SEGGER/SEGGER/Syscalls/SEGGER_RTT_Syscalls_GCC.o
START GROUP
LOAD c:/st/stm32cubeide_1.12.1/stm32cubeide/plugins/com.st.stm32cube.ide.mcu.externaltools.gnu-tools-for-stm32.10.3-2021.10.win32_1.0.200.202301161003/tools/bin/../lib/gcc/arm-none-eabi/10.3.1/../../../../arm-none-eabi/lib/thumb/v7e-m+fp/hard\libc_nano.a
LOAD c:/st/stm32cubeide_1.12.1/stm32cubeide/plugins/com.st.stm32cube.ide.mcu.externaltools.gnu-tools-for-stm32.10.3-2021.10.win32_1.0.200.202301161003/tools/bin/../lib/gcc/arm-none-eabi/10.3.1/../../../../arm-none-eabi/lib/thumb/v7e-m+fp/hard\libm.a
END GROUP
START GROUP
LOAD c:/st/stm32cubeide_1.12.1/stm32cubeide/plugins/com.st.stm32cube.ide.mcu.externaltools.gnu-tools-for-stm32.10.3-2021.10.win32_1.0.200.202301161003/tools/bin/../lib/gcc/arm-none-eabi/10.3.1/thumb/v7e-m+fp/hard\libgcc.a
LOAD c:/st/stm32cubeide_1.12.1/stm32cubeide/plugins/com.st.stm32cube.ide.mcu.externaltools.gnu-tools-for-stm32.10.3-2021.10.win32_1.0.200.202301161003/tools/bin/../lib/gcc/arm-none-eabi/10.3.1/../../../../arm-none-eabi/lib/thumb/v7e-m+fp/hard\libc_nano.a
END GROUP
START GROUP
LOAD c:/st/stm32cubeide_1.12.1/stm32cubeide/plugins/com.st.stm32cube.ide.mcu.externaltools.gnu-tools-for-stm32.10.3-2021.10.win32_1.0.200.202301161003/tools/bin/../lib/gcc/arm-none-eabi/10.3.1/thumb/v7e-m+fp/hard\libgcc.a
LOAD c:/st/stm32cubeide_1.12.1/stm32cubeide/plugins/com.st.stm32cube.ide.mcu.externaltools.gnu-tools-for-stm32.10.3-2021.10.win32_1.0.200.202301161003/tools/bin/../lib/gcc/arm-none-eabi/10.3.1/../../../../arm-none-eabi/lib/thumb/v7e-m+fp/hard\libc_nano.a
LOAD c:/st/stm32cubeide_1.12.1/stm32cubeide/plugins/com.st.stm32cube.ide.mcu.externaltools.gnu-tools-for-stm32.10.3-2021.10.win32_1.0.200.202301161003/tools/bin/../lib/gcc/arm-none-eabi/10.3.1/../../../../arm-none-eabi/lib/thumb/v7e-m+fp/hard\libnosys.a
END GROUP
START GROUP
LOAD c:/st/stm32cubeide_1.12.1/stm32cubeide/plugins/com.st.stm32cube.ide.mcu.externaltools.gnu-tools-for-stm32.10.3-2021.10.win32_1.0.200.202301161003/tools/bin/../lib/gcc/arm-none-eabi/10.3.1/thumb/v7e-m+fp/hard\libgcc.a
LOAD c:/st/stm32cubeide_1.12.1/stm32cubeide/plugins/com.st.stm32cube.ide.mcu.externaltools.gnu-tools-for-stm32.10.3-2021.10.win32_1.0.200.202301161003/tools/bin/../lib/gcc/arm-none-eabi/10.3.1/../../../../arm-none-eabi/lib/thumb/v7e-m+fp/hard\libc_nano.a
LOAD c:/st/stm32cubeide_1.12.1/stm32cubeide/plugins/com.st.stm32cube.ide.mcu.externaltools.gnu-tools-for-stm32.10.3-2021.10.win32_1.0.200.202301161003/tools/bin/../lib/gcc/arm-none-eabi/10.3.1/../../../../arm-none-eabi/lib/thumb/v7e-m+fp/hard\libnosys.a
END GROUP
LOAD c:/st/stm32cubeide_1.12.1/stm32cubeide/plugins/com.st.stm32cube.ide.mcu.externaltools.gnu-tools-for-stm32.10.3-2021.10.win32_1.0.200.202301161003/tools/bin/../lib/gcc/arm-none-eabi/10.3.1/thumb/v7e-m+fp/hard/crtend.o
LOAD c:/st/stm32cubeide_1.12.1/stm32cubeide/plugins/com.st.stm32cube.ide.mcu.externaltools.gnu-tools-for-stm32.10.3-2021.10.win32_1.0.200.202301161003/tools/bin/../lib/gcc/arm-none-eabi/10.3.1/thumb/v7e-m+fp/hard/crtn.o
                0x0000000020020000                _estack = (ORIGIN (RAM) + LENGTH (RAM))
                0x0000000000000200                _Min_Heap_Size = 0x200
                0x0000000000000400                _Min_Stack_Size = 0x400

.isr_vector     0x0000000008000000      0x1c4
                0x0000000008000000                . = ALIGN (0x4)
 *(.isr_vector)
 .isr_vector    0x0000000008000000      0x1c4 ./Core/Startup/startup_stm32f446retx.o
                0x0000000008000000                g_pfnVectors
                0x00000000080001c4                . = ALIGN (0x4)

.text           0x00000000080001d0     0x633c
                0x00000000080001d0                . = ALIGN (0x4)
 *(.text)
 .text          0x00000000080001d0       0x40 c:/st/stm32cubeide_1.12.1/stm32cubeide/plugins/com.st.stm32cube.ide.mcu.externaltools.gnu-tools-for-stm32.10.3-2021.10.win32_1.0.200.202301161003/tools/bin/../lib/gcc/arm-none-eabi/10.3.1/thumb/v7e-m+fp/hard/crtbegin.o
 .text          0x0000000008000210       0x94 ./ThirdParty/SEGGER/SEGGER/SEGGER_RTT_ASM_ARMv7M.o
                0x0000000008000210                SEGGER_RTT_ASM_WriteSkipNoLock
 *fill*         0x00000000080002a4        0xc 
 .text          0x00000000080002b0       0xa0 c:/st/stm32cubeide_1.12.1/stm32cubeide/plugins/com.st.stm32cube.ide.mcu.externaltools.gnu-tools-for-stm32.10.3-2021.10.win32_1.0.200.202301161003/tools/bin/../lib/gcc/arm-none-eabi/10.3.1/../../../../arm-none-eabi/lib/thumb/v7e-m+fp/hard\libc_nano.a(lib_a-memchr.o)
                0x00000000080002b0                memchr
 .text          0x0000000008000350       0x30 c:/st/stm32cubeide_1.12.1/stm32cubeide/plugins/com.st.stm32cube.ide.mcu.externaltools.gnu-tools-for-stm32.10.3-2021.10.win32_1.0.200.202301161003/tools/bin/../lib/gcc/arm-none-eabi/10.3.1/thumb/v7e-m+fp/hard\libgcc.a(_aeabi_uldivmod.o)
                0x0000000008000350                __aeabi_uldivmod
 .text          0x0000000008000380      0x2d0 c:/st/stm32cubeide_1.12.1/stm32cubeide/plugins/com.st.stm32cube.ide.mcu.externaltools.gnu-tools-for-stm32.10.3-2021.10.win32_1.0.200.202301161003/tools/bin/../lib/gcc/arm-none-eabi/10.3.1/thumb/v7e-m+fp/hard\libgcc.a(_udivmoddi4.o)
                0x0000000008000380                __udivmoddi4
 .text          0x0000000008000650        0x4 c:/st/stm32cubeide_1.12.1/stm32cubeide/plugins/com.st.stm32cube.ide.mcu.externaltools.gnu-tools-for-stm32.10.3-2021.10.win32_1.0.200.202301161003/tools/bin/../lib/gcc/arm-none-eabi/10.3.1/thumb/v7e-m+fp/hard\libgcc.a(_dvmd_tls.o)
                0x0000000008000650                __aeabi_idiv0
                0x0000000008000650                __aeabi_ldiv0
 *(.text*)
 .text.main     0x0000000008000654       0xb4 ./Core/Src/main.o
                0x0000000008000654                main
 .text.SystemClock_Config
                0x0000000008000708       0xdc ./Core/Src/main.o
                0x0000000008000708                SystemClock_Config
 .text.MX_GPIO_Init
                0x00000000080007e4       0xfc ./Core/Src/main.o
 .text.task1_handler
                0x00000000080008e0       0x50 ./Core/Src/main.o
 .text.task2_handler
                0x0000000008000930       0x50 ./Core/Src/main.o
 .text.HAL_TIM_PeriodElapsedCallback
                0x0000000008000980       0x24 ./Core/Src/main.o
                0x0000000008000980                HAL_TIM_PeriodElapsedCallback
 .text.Error_Handler
                0x00000000080009a4        0xa ./Core/Src/main.o
                0x00000000080009a4                Error_Handler
 *fill*         0x00000000080009ae        0x2 
 .text.HAL_MspInit
                0x00000000080009b0       0x50 ./Core/Src/stm32f4xx_hal_msp.o
                0x00000000080009b0                HAL_MspInit
 .text.HAL_InitTick
                0x0000000008000a00       0xf8 ./Core/Src/stm32f4xx_hal_timebase_tim.o
                0x0000000008000a00                HAL_InitTick
 .text.NMI_Handler
                0x0000000008000af8        0x6 ./Core/Src/stm32f4xx_it.o
                0x0000000008000af8                NMI_Handler
 .text.HardFault_Handler
                0x0000000008000afe        0x6 ./Core/Src/stm32f4xx_it.o
                0x0000000008000afe                HardFault_Handler
 .text.MemManage_Handler
                0x0000000008000b04        0x6 ./Core/Src/stm32f4xx_it.o
                0x0000000008000b04                MemManage_Handler
 .text.BusFault_Handler
                0x0000000008000b0a        0x6 ./Core/Src/stm32f4xx_it.o
                0x0000000008000b0a                BusFault_Handler
 .text.UsageFault_Handler
                0x0000000008000b10        0x6 ./Core/Src/stm32f4xx_it.o
                0x0000000008000b10                UsageFault_Handler
 .text.DebugMon_Handler
                0x0000000008000b16        0xe ./Core/Src/stm32f4xx_it.o
                0x0000000008000b16                DebugMon_Handler
 .text.TIM6_DAC_IRQHandler
                0x0000000008000b24       0x14 ./Core/Src/stm32f4xx_it.o
                0x0000000008000b24                TIM6_DAC_IRQHandler
 .text.SystemInit
                0x0000000008000b38       0x24 ./Core/Src/system_stm32f4xx.o
                0x0000000008000b38                SystemInit
 .text.Reset_Handler
                0x0000000008000b5c       0x50 ./Core/Startup/startup_stm32f446retx.o
                0x0000000008000b5c                Reset_Handler
 .text.Default_Handler
                0x0000000008000bac        0x2 ./Core/Startup/startup_stm32f446retx.o
                0x0000000008000bac                RTC_Alarm_IRQHandler
                0x0000000008000bac                EXTI2_IRQHandler
                0x0000000008000bac                TIM8_CC_IRQHandler
                0x0000000008000bac                FMPI2C1_EV_IRQHandler
                0x0000000008000bac                SPI4_IRQHandler
                0x0000000008000bac                TIM1_CC_IRQHandler
                0x0000000008000bac                DMA2_Stream5_IRQHandler
                0x0000000008000bac                DMA1_Stream5_IRQHandler
                0x0000000008000bac                PVD_IRQHandler
                0x0000000008000bac                SDIO_IRQHandler
                0x0000000008000bac                TAMP_STAMP_IRQHandler
                0x0000000008000bac                CAN2_RX1_IRQHandler
                0x0000000008000bac                EXTI3_IRQHandler
                0x0000000008000bac                TIM8_TRG_COM_TIM14_IRQHandler
                0x0000000008000bac                TIM1_UP_TIM10_IRQHandler
                0x0000000008000bac                TIM8_UP_TIM13_IRQHandler
                0x0000000008000bac                I2C3_ER_IRQHandler
                0x0000000008000bac                EXTI0_IRQHandler
                0x0000000008000bac                I2C2_EV_IRQHandler
                0x0000000008000bac                DMA1_Stream2_IRQHandler
                0x0000000008000bac                CAN1_RX0_IRQHandler
                0x0000000008000bac                FPU_IRQHandler
                0x0000000008000bac                OTG_HS_WKUP_IRQHandler
                0x0000000008000bac                CAN2_SCE_IRQHandler
                0x0000000008000bac                DMA2_Stream2_IRQHandler
                0x0000000008000bac                SPI1_IRQHandler
                0x0000000008000bac                TIM1_BRK_TIM9_IRQHandler
                0x0000000008000bac                DCMI_IRQHandler
                0x0000000008000bac                CAN2_RX0_IRQHandler
                0x0000000008000bac                DMA2_Stream3_IRQHandler
                0x0000000008000bac                SAI2_IRQHandler
                0x0000000008000bac                USART6_IRQHandler
                0x0000000008000bac                USART3_IRQHandler
                0x0000000008000bac                CAN1_RX1_IRQHandler
                0x0000000008000bac                UART5_IRQHandler
                0x0000000008000bac                DMA2_Stream0_IRQHandler
                0x0000000008000bac                TIM4_IRQHandler
                0x0000000008000bac                QUADSPI_IRQHandler
                0x0000000008000bac                I2C1_EV_IRQHandler
                0x0000000008000bac                DMA1_Stream6_IRQHandler
                0x0000000008000bac                DMA1_Stream1_IRQHandler
                0x0000000008000bac                UART4_IRQHandler
                0x0000000008000bac                TIM3_IRQHandler
                0x0000000008000bac                RCC_IRQHandler
                0x0000000008000bac                TIM8_BRK_TIM12_IRQHandler
                0x0000000008000bac                Default_Handler
                0x0000000008000bac                CEC_IRQHandler
                0x0000000008000bac                EXTI15_10_IRQHandler
                0x0000000008000bac                ADC_IRQHandler
                0x0000000008000bac                DMA1_Stream7_IRQHandler
                0x0000000008000bac                TIM7_IRQHandler
                0x0000000008000bac                CAN2_TX_IRQHandler
                0x0000000008000bac                TIM5_IRQHandler
                0x0000000008000bac                DMA2_Stream7_IRQHandler
                0x0000000008000bac                I2C3_EV_IRQHandler
                0x0000000008000bac                EXTI9_5_IRQHandler
                0x0000000008000bac                RTC_WKUP_IRQHandler
                0x0000000008000bac                SPDIF_RX_IRQHandler
                0x0000000008000bac                SPI2_IRQHandler
                0x0000000008000bac                OTG_HS_EP1_IN_IRQHandler
                0x0000000008000bac                DMA1_Stream0_IRQHandler
                0x0000000008000bac                CAN1_TX_IRQHandler
                0x0000000008000bac                FMPI2C1_ER_IRQHandler
                0x0000000008000bac                EXTI4_IRQHandler
                0x0000000008000bac                OTG_HS_EP1_OUT_IRQHandler
                0x0000000008000bac                WWDG_IRQHandler
                0x0000000008000bac                TIM2_IRQHandler
                0x0000000008000bac                OTG_FS_WKUP_IRQHandler
                0x0000000008000bac                TIM1_TRG_COM_TIM11_IRQHandler
                0x0000000008000bac                OTG_HS_IRQHandler
                0x0000000008000bac                EXTI1_IRQHandler
                0x0000000008000bac                I2C2_ER_IRQHandler
                0x0000000008000bac                DMA2_Stream1_IRQHandler
                0x0000000008000bac                CAN1_SCE_IRQHandler
                0x0000000008000bac                FLASH_IRQHandler
                0x0000000008000bac                DMA2_Stream4_IRQHandler
                0x0000000008000bac                USART1_IRQHandler
                0x0000000008000bac                OTG_FS_IRQHandler
                0x0000000008000bac                SPI3_IRQHandler
                0x0000000008000bac                DMA1_Stream4_IRQHandler
                0x0000000008000bac                I2C1_ER_IRQHandler
                0x0000000008000bac                FMC_IRQHandler
                0x0000000008000bac                DMA2_Stream6_IRQHandler
                0x0000000008000bac                SAI1_IRQHandler
                0x0000000008000bac                DMA1_Stream3_IRQHandler
 *fill*         0x0000000008000bae        0x2 
 .text.HAL_Init
                0x0000000008000bb0       0x44 ./Drivers/STM32F4xx_HAL_Driver/Src/stm32f4xx_hal.o
                0x0000000008000bb0                HAL_Init
 .text.HAL_IncTick
                0x0000000008000bf4       0x28 ./Drivers/STM32F4xx_HAL_Driver/Src/stm32f4xx_hal.o
                0x0000000008000bf4                HAL_IncTick
 .text.HAL_GetTick
                0x0000000008000c1c       0x18 ./Drivers/STM32F4xx_HAL_Driver/Src/stm32f4xx_hal.o
                0x0000000008000c1c                HAL_GetTick
 .text.HAL_Delay
                0x0000000008000c34       0x48 ./Drivers/STM32F4xx_HAL_Driver/Src/stm32f4xx_hal.o
                0x0000000008000c34                HAL_Delay
 .text.__NVIC_SetPriorityGrouping
                0x0000000008000c7c       0x48 ./Drivers/STM32F4xx_HAL_Driver/Src/stm32f4xx_hal_cortex.o
 .text.__NVIC_GetPriorityGrouping
                0x0000000008000cc4       0x1c ./Drivers/STM32F4xx_HAL_Driver/Src/stm32f4xx_hal_cortex.o
 .text.__NVIC_EnableIRQ
                0x0000000008000ce0       0x3c ./Drivers/STM32F4xx_HAL_Driver/Src/stm32f4xx_hal_cortex.o
 .text.__NVIC_SetPriority
                0x0000000008000d1c       0x54 ./Drivers/STM32F4xx_HAL_Driver/Src/stm32f4xx_hal_cortex.o
 .text.NVIC_EncodePriority
                0x0000000008000d70       0x66 ./Drivers/STM32F4xx_HAL_Driver/Src/stm32f4xx_hal_cortex.o
 .text.HAL_NVIC_SetPriorityGrouping
                0x0000000008000dd6       0x16 ./Drivers/STM32F4xx_HAL_Driver/Src/stm32f4xx_hal_cortex.o
                0x0000000008000dd6                HAL_NVIC_SetPriorityGrouping
 .text.HAL_NVIC_SetPriority
                0x0000000008000dec       0x38 ./Drivers/STM32F4xx_HAL_Driver/Src/stm32f4xx_hal_cortex.o
                0x0000000008000dec                HAL_NVIC_SetPriority
 .text.HAL_NVIC_EnableIRQ
                0x0000000008000e24       0x1c ./Drivers/STM32F4xx_HAL_Driver/Src/stm32f4xx_hal_cortex.o
                0x0000000008000e24                HAL_NVIC_EnableIRQ
 .text.HAL_GPIO_Init
                0x0000000008000e40      0x328 ./Drivers/STM32F4xx_HAL_Driver/Src/stm32f4xx_hal_gpio.o
                0x0000000008000e40                HAL_GPIO_Init
 .text.HAL_GPIO_WritePin
                0x0000000008001168       0x32 ./Drivers/STM32F4xx_HAL_Driver/Src/stm32f4xx_hal_gpio.o
                0x0000000008001168                HAL_GPIO_WritePin
 *fill*         0x000000000800119a        0x2 
 .text.HAL_RCC_ClockConfig
                0x000000000800119c      0x1cc ./Drivers/STM32F4xx_HAL_Driver/Src/stm32f4xx_hal_rcc.o
                0x000000000800119c                HAL_RCC_ClockConfig
 .text.HAL_RCC_GetHCLKFreq
                0x0000000008001368       0x18 ./Drivers/STM32F4xx_HAL_Driver/Src/stm32f4xx_hal_rcc.o
                0x0000000008001368                HAL_RCC_GetHCLKFreq
 .text.HAL_RCC_GetPCLK1Freq
                0x0000000008001380       0x28 ./Drivers/STM32F4xx_HAL_Driver/Src/stm32f4xx_hal_rcc.o
                0x0000000008001380                HAL_RCC_GetPCLK1Freq
 .text.HAL_RCC_GetClockConfig
                0x00000000080013a8       0x64 ./Drivers/STM32F4xx_HAL_Driver/Src/stm32f4xx_hal_rcc.o
                0x00000000080013a8                HAL_RCC_GetClockConfig
 .text.HAL_RCC_GetSysClockFreq
                0x000000000800140c      0x460 ./Drivers/STM32F4xx_HAL_Driver/Src/stm32f4xx_hal_rcc_ex.o
                0x000000000800140c                HAL_RCC_GetSysClockFreq
 .text.HAL_RCC_OscConfig
                0x000000000800186c      0x53c ./Drivers/STM32F4xx_HAL_Driver/Src/stm32f4xx_hal_rcc_ex.o
                0x000000000800186c                HAL_RCC_OscConfig
 .text.HAL_TIM_Base_Init
                0x0000000008001da8       0x9e ./Drivers/STM32F4xx_HAL_Driver/Src/stm32f4xx_hal_tim.o
                0x0000000008001da8                HAL_TIM_Base_Init
 .text.HAL_TIM_Base_MspInit
                0x0000000008001e46       0x14 ./Drivers/STM32F4xx_HAL_Driver/Src/stm32f4xx_hal_tim.o
                0x0000000008001e46                HAL_TIM_Base_MspInit
 *fill*         0x0000000008001e5a        0x2 
 .text.HAL_TIM_Base_Start_IT
                0x0000000008001e5c       0xe0 ./Drivers/STM32F4xx_HAL_Driver/Src/stm32f4xx_hal_tim.o
                0x0000000008001e5c                HAL_TIM_Base_Start_IT
 .text.HAL_TIM_IRQHandler
                0x0000000008001f3c      0x210 ./Drivers/STM32F4xx_HAL_Driver/Src/stm32f4xx_hal_tim.o
                0x0000000008001f3c                HAL_TIM_IRQHandler
 .text.HAL_TIM_OC_DelayElapsedCallback
                0x000000000800214c       0x14 ./Drivers/STM32F4xx_HAL_Driver/Src/stm32f4xx_hal_tim.o
                0x000000000800214c                HAL_TIM_OC_DelayElapsedCallback
 .text.HAL_TIM_IC_CaptureCallback
                0x0000000008002160       0x14 ./Drivers/STM32F4xx_HAL_Driver/Src/stm32f4xx_hal_tim.o
                0x0000000008002160                HAL_TIM_IC_CaptureCallback
 .text.HAL_TIM_PWM_PulseFinishedCallback
                0x0000000008002174       0x14 ./Drivers/STM32F4xx_HAL_Driver/Src/stm32f4xx_hal_tim.o
                0x0000000008002174                HAL_TIM_PWM_PulseFinishedCallback
 .text.HAL_TIM_TriggerCallback
                0x0000000008002188       0x14 ./Drivers/STM32F4xx_HAL_Driver/Src/stm32f4xx_hal_tim.o
                0x0000000008002188                HAL_TIM_TriggerCallback
 .text.TIM_Base_SetConfig
                0x000000000800219c      0x140 ./Drivers/STM32F4xx_HAL_Driver/Src/stm32f4xx_hal_tim.o
                0x000000000800219c                TIM_Base_SetConfig
 .text.HAL_TIMEx_CommutCallback
                0x00000000080022dc       0x14 ./Drivers/STM32F4xx_HAL_Driver/Src/stm32f4xx_hal_tim_ex.o
                0x00000000080022dc                HAL_TIMEx_CommutCallback
 .text.HAL_TIMEx_BreakCallback
                0x00000000080022f0       0x14 ./Drivers/STM32F4xx_HAL_Driver/Src/stm32f4xx_hal_tim_ex.o
                0x00000000080022f0                HAL_TIMEx_BreakCallback
 .text.vListInitialise
                0x0000000008002304       0x40 ./ThirdParty/FreeRTOS/list.o
                0x0000000008002304                vListInitialise
 .text.vListInitialiseItem
                0x0000000008002344       0x1a ./ThirdParty/FreeRTOS/list.o
                0x0000000008002344                vListInitialiseItem
 .text.vListInsertEnd
                0x000000000800235e       0x48 ./ThirdParty/FreeRTOS/list.o
                0x000000000800235e                vListInsertEnd
 .text.uxListRemove
                0x00000000080023a6       0x54 ./ThirdParty/FreeRTOS/list.o
                0x00000000080023a6                uxListRemove
 .text.xTaskCreate
                0x00000000080023fa       0x82 ./ThirdParty/FreeRTOS/tasks.o
                0x00000000080023fa                xTaskCreate
 .text.prvInitialiseNewTask
                0x000000000800247c      0x12c ./ThirdParty/FreeRTOS/tasks.o
 .text.prvAddNewTaskToReadyList
                0x00000000080025a8       0xfc ./ThirdParty/FreeRTOS/tasks.o
 .text.vTaskStartScheduler
                0x00000000080026a4       0xb8 ./ThirdParty/FreeRTOS/tasks.o
                0x00000000080026a4                vTaskStartScheduler
 .text.vTaskSuspendAll
                0x000000000800275c       0x1c ./ThirdParty/FreeRTOS/tasks.o
                0x000000000800275c                vTaskSuspendAll
 .text.xTaskResumeAll
                0x0000000008002778      0x124 ./ThirdParty/FreeRTOS/tasks.o
                0x0000000008002778                xTaskResumeAll
 .text.xTaskGetTickCountFromISR
                0x000000000800289c       0x24 ./ThirdParty/FreeRTOS/tasks.o
                0x000000000800289c                xTaskGetTickCountFromISR
 .text.xTaskIncrementTick
                0x00000000080028c0      0x134 ./ThirdParty/FreeRTOS/tasks.o
                0x00000000080028c0                xTaskIncrementTick
 .text.vTaskSwitchContext
                0x00000000080029f4       0xd4 ./ThirdParty/FreeRTOS/tasks.o
                0x00000000080029f4                vTaskSwitchContext
 .text.prvIdleTask
                0x0000000008002ac8       0x24 ./ThirdParty/FreeRTOS/tasks.o
 .text.prvInitialiseTaskLists
                0x0000000008002aec       0x80 ./ThirdParty/FreeRTOS/tasks.o
 .text.prvCheckTasksWaitingTermination
                0x0000000008002b6c       0x5c ./ThirdParty/FreeRTOS/tasks.o
 .text.prvDeleteTCB
                0x0000000008002bc8       0x20 ./ThirdParty/FreeRTOS/tasks.o
 .text.prvResetNextTaskUnblockTime
                0x0000000008002be8       0x38 ./ThirdParty/FreeRTOS/tasks.o
 .text.pxPortInitialiseStack
                0x0000000008002c20       0x68 ./ThirdParty/FreeRTOS/portable/GCC/ARM_CM4F/port.o
                0x0000000008002c20                pxPortInitialiseStack
 .text.prvTaskExitError
                0x0000000008002c88       0x58 ./ThirdParty/FreeRTOS/portable/GCC/ARM_CM4F/port.o
 .text.SVC_Handler
                0x0000000008002ce0       0x28 ./ThirdParty/FreeRTOS/portable/GCC/ARM_CM4F/port.o
                0x0000000008002ce0                SVC_Handler
 .text.prvPortStartFirstTask
                0x0000000008002d08       0x2c ./ThirdParty/FreeRTOS/portable/GCC/ARM_CM4F/port.o
 .text.xPortStartScheduler
                0x0000000008002d34      0x144 ./ThirdParty/FreeRTOS/portable/GCC/ARM_CM4F/port.o
                0x0000000008002d34                xPortStartScheduler
 .text.vInitPrioGroupValue
                0x0000000008002e78       0xfc ./ThirdParty/FreeRTOS/portable/GCC/ARM_CM4F/port.o
                0x0000000008002e78                vInitPrioGroupValue
 .text.vPortEnterCritical
                0x0000000008002f74       0x60 ./ThirdParty/FreeRTOS/portable/GCC/ARM_CM4F/port.o
                0x0000000008002f74                vPortEnterCritical
 .text.vPortExitCritical
                0x0000000008002fd4       0x54 ./ThirdParty/FreeRTOS/portable/GCC/ARM_CM4F/port.o
                0x0000000008002fd4                vPortExitCritical
 *fill*         0x0000000008003028        0x8 
 .text.PendSV_Handler
                0x0000000008003030       0x68 ./ThirdParty/FreeRTOS/portable/GCC/ARM_CM4F/port.o
                0x0000000008003030                PendSV_Handler
 .text.SysTick_Handler
                0x0000000008003098       0x54 ./ThirdParty/FreeRTOS/portable/GCC/ARM_CM4F/port.o
                0x0000000008003098                SysTick_Handler
 .text.vPortSetupTimerInterrupt
                0x00000000080030ec       0x48 ./ThirdParty/FreeRTOS/portable/GCC/ARM_CM4F/port.o
                0x00000000080030ec                vPortSetupTimerInterrupt
 .text.vPortEnableVFP
                0x0000000008003134       0x18 ./ThirdParty/FreeRTOS/portable/GCC/ARM_CM4F/port.o
 .text.vPortValidateInterruptPriority
                0x000000000800314c       0x80 ./ThirdParty/FreeRTOS/portable/GCC/ARM_CM4F/port.o
                0x000000000800314c                vPortValidateInterruptPriority
 .text.pvPortMalloc
                0x00000000080031cc      0x1c0 ./ThirdParty/FreeRTOS/portable/MemMang/heap_4.o
                0x00000000080031cc                pvPortMalloc
 .text.vPortFree
                0x000000000800338c       0xc4 ./ThirdParty/FreeRTOS/portable/MemMang/heap_4.o
                0x000000000800338c                vPortFree
 .text.prvHeapInit
                0x0000000008003450       0xc4 ./ThirdParty/FreeRTOS/portable/MemMang/heap_4.o
 .text.prvInsertBlockIntoFreeList
                0x0000000008003514       0xb4 ./ThirdParty/FreeRTOS/portable/MemMang/heap_4.o
 .text._cbSendSystemDesc
                0x00000000080035c8       0x1c ./ThirdParty/SEGGER/Config/SEGGER_SYSVIEW_Config_FreeRTOS.o
 .text.SEGGER_SYSVIEW_Conf
                0x00000000080035e4       0x2c ./ThirdParty/SEGGER/Config/SEGGER_SYSVIEW_Config_FreeRTOS.o
                0x00000000080035e4                SEGGER_SYSVIEW_Conf
 .text._cbSendTaskList
                0x0000000008003610       0x90 ./ThirdParty/SEGGER/OS/SEGGER_SYSVIEW_FreeRTOS.o
 .text._cbGetTime
                0x00000000080036a0       0x86 ./ThirdParty/SEGGER/OS/SEGGER_SYSVIEW_FreeRTOS.o
 *fill*         0x0000000008003726        0x2 
 .text.SYSVIEW_AddTask
                0x0000000008003728       0xd0 ./ThirdParty/SEGGER/OS/SEGGER_SYSVIEW_FreeRTOS.o
                0x0000000008003728                SYSVIEW_AddTask
 .text.SYSVIEW_SendTaskInfo
                0x00000000080037f8       0x42 ./ThirdParty/SEGGER/OS/SEGGER_SYSVIEW_FreeRTOS.o
                0x00000000080037f8                SYSVIEW_SendTaskInfo
 *fill*         0x000000000800383a        0x2 
 .text.__NVIC_EnableIRQ
                0x000000000800383c       0x3c ./ThirdParty/SEGGER/Rec/segger_uart.o
 .text.__NVIC_SetPriority
                0x0000000008003878       0x54 ./ThirdParty/SEGGER/Rec/segger_uart.o
 .text._StartSysView
                0x00000000080038cc       0x1e ./ThirdParty/SEGGER/Rec/segger_uart.o
 *fill*         0x00000000080038ea        0x2 
 .text._cbOnUARTRx
                0x00000000080038ec       0x40 ./ThirdParty/SEGGER/Rec/segger_uart.o
 .text._cbOnUARTTx
                0x000000000800392c       0x64 ./ThirdParty/SEGGER/Rec/segger_uart.o
 .text.SEGGER_UART_init
                0x0000000008003990       0x24 ./ThirdParty/SEGGER/Rec/segger_uart.o
                0x0000000008003990                SEGGER_UART_init
 .text.USART2_IRQHandler
                0x00000000080039b4       0x94 ./ThirdParty/SEGGER/Rec/segger_uart.o
                0x00000000080039b4                USART2_IRQHandler
 .text.HIF_UART_EnableTXEInterrupt
                0x0000000008003a48       0x20 ./ThirdParty/SEGGER/Rec/segger_uart.o
                0x0000000008003a48                HIF_UART_EnableTXEInterrupt
 .text.HIF_UART_Init
                0x0000000008003a68       0xf4 ./ThirdParty/SEGGER/Rec/segger_uart.o
                0x0000000008003a68                HIF_UART_Init
 .text._DoInit  0x0000000008003b5c       0xb0 ./ThirdParty/SEGGER/SEGGER/SEGGER_RTT.o
 .text._WriteBlocking
                0x0000000008003c0c       0xba ./ThirdParty/SEGGER/SEGGER/SEGGER_RTT.o
 .text._WriteNoCheck
                0x0000000008003cc6       0x90 ./ThirdParty/SEGGER/SEGGER/SEGGER_RTT.o
 .text._GetAvailWriteSpace
                0x0000000008003d56       0x46 ./ThirdParty/SEGGER/SEGGER/SEGGER_RTT.o
 .text.SEGGER_RTT_ReadUpBufferNoLock
                0x0000000008003d9c      0x10c ./ThirdParty/SEGGER/SEGGER/SEGGER_RTT.o
                0x0000000008003d9c                SEGGER_RTT_ReadUpBufferNoLock
 .text.SEGGER_RTT_ReadNoLock
                0x0000000008003ea8      0x10c ./ThirdParty/SEGGER/SEGGER/SEGGER_RTT.o
                0x0000000008003ea8                SEGGER_RTT_ReadNoLock
 .text.SEGGER_RTT_WriteDownBufferNoLock
                0x0000000008003fb4       0xa0 ./ThirdParty/SEGGER/SEGGER/SEGGER_RTT.o
                0x0000000008003fb4                SEGGER_RTT_WriteDownBufferNoLock
 .text.SEGGER_RTT_WriteDownBuffer
                0x0000000008004054       0x4c ./ThirdParty/SEGGER/SEGGER/SEGGER_RTT.o
                0x0000000008004054                SEGGER_RTT_WriteDownBuffer
 .text.SEGGER_RTT_AllocUpBuffer
                0x00000000080040a0      0x108 ./ThirdParty/SEGGER/SEGGER/SEGGER_RTT.o
                0x00000000080040a0                SEGGER_RTT_AllocUpBuffer
 .text.SEGGER_RTT_ConfigDownBuffer
                0x00000000080041a8       0xe0 ./ThirdParty/SEGGER/SEGGER/SEGGER_RTT.o
                0x00000000080041a8                SEGGER_RTT_ConfigDownBuffer
 .text._EncodeStr
                0x0000000008004288       0x9a ./ThirdParty/SEGGER/SEGGER/SEGGER_SYSVIEW.o
 .text._PreparePacket
                0x0000000008004322       0x18 ./ThirdParty/SEGGER/SEGGER/SEGGER_SYSVIEW.o
 *fill*         0x000000000800433a        0x2 
 .text._HandleIncomingPacket
                0x000000000800433c       0xe4 ./ThirdParty/SEGGER/SEGGER/SEGGER_SYSVIEW.o
 .text._TrySendOverflowPacket
                0x0000000008004420       0xe8 ./ThirdParty/SEGGER/SEGGER/SEGGER_SYSVIEW.o
 .text._SendPacket
                0x0000000008004508      0x1d0 ./ThirdParty/SEGGER/SEGGER/SEGGER_SYSVIEW.o
 .text._StoreChar
                0x00000000080046d8       0xf6 ./ThirdParty/SEGGER/SEGGER/SEGGER_SYSVIEW.o
 *fill*         0x00000000080047ce        0x2 
 .text._PrintUnsigned
                0x00000000080047d0      0x12c ./ThirdParty/SEGGER/SEGGER/SEGGER_SYSVIEW.o
 .text._PrintInt
                0x00000000080048fc      0x11e ./ThirdParty/SEGGER/SEGGER/SEGGER_SYSVIEW.o
 *fill*         0x0000000008004a1a        0x2 
 .text._VPrintTarget
                0x0000000008004a1c      0x3f0 ./ThirdParty/SEGGER/SEGGER/SEGGER_SYSVIEW.o
 .text.SEGGER_SYSVIEW_Init
                0x0000000008004e0c       0x88 ./ThirdParty/SEGGER/SEGGER/SEGGER_SYSVIEW.o
                0x0000000008004e0c                SEGGER_SYSVIEW_Init
 .text.SEGGER_SYSVIEW_SetRAMBase
                0x0000000008004e94       0x20 ./ThirdParty/SEGGER/SEGGER/SEGGER_SYSVIEW.o
                0x0000000008004e94                SEGGER_SYSVIEW_SetRAMBase
 .text.SEGGER_SYSVIEW_RecordVoid
                0x0000000008004eb4       0x3c ./ThirdParty/SEGGER/SEGGER/SEGGER_SYSVIEW.o
                0x0000000008004eb4                SEGGER_SYSVIEW_RecordVoid
 .text.SEGGER_SYSVIEW_RecordU32
                0x0000000008004ef0       0x78 ./ThirdParty/SEGGER/SEGGER/SEGGER_SYSVIEW.o
                0x0000000008004ef0                SEGGER_SYSVIEW_RecordU32
 .text.SEGGER_SYSVIEW_RecordU32x2
                0x0000000008004f68       0xb4 ./ThirdParty/SEGGER/SEGGER/SEGGER_SYSVIEW.o
                0x0000000008004f68                SEGGER_SYSVIEW_RecordU32x2
 .text.SEGGER_SYSVIEW_Start
                0x000000000800501c      0x178 ./ThirdParty/SEGGER/SEGGER/SEGGER_SYSVIEW.o
                0x000000000800501c                SEGGER_SYSVIEW_Start
 .text.SEGGER_SYSVIEW_Stop
                0x0000000008005194       0x4c ./ThirdParty/SEGGER/SEGGER/SEGGER_SYSVIEW.o
                0x0000000008005194                SEGGER_SYSVIEW_Stop
 .text.SEGGER_SYSVIEW_GetSysDesc
                0x00000000080051e0      0x134 ./ThirdParty/SEGGER/SEGGER/SEGGER_SYSVIEW.o
                0x00000000080051e0                SEGGER_SYSVIEW_GetSysDesc
 .text.SEGGER_SYSVIEW_SendTaskInfo
                0x0000000008005314      0x1c8 ./ThirdParty/SEGGER/SEGGER/SEGGER_SYSVIEW.o
                0x0000000008005314                SEGGER_SYSVIEW_SendTaskInfo
 .text.SEGGER_SYSVIEW_SendTaskList
                0x00000000080054dc       0x28 ./ThirdParty/SEGGER/SEGGER/SEGGER_SYSVIEW.o
                0x00000000080054dc                SEGGER_SYSVIEW_SendTaskList
 .text.SEGGER_SYSVIEW_SendSysDesc
                0x0000000008005504       0x48 ./ThirdParty/SEGGER/SEGGER/SEGGER_SYSVIEW.o
                0x0000000008005504                SEGGER_SYSVIEW_SendSysDesc
 .text.SEGGER_SYSVIEW_RecordSystime
                0x000000000800554c       0x64 ./ThirdParty/SEGGER/SEGGER/SEGGER_SYSVIEW.o
                0x000000000800554c                SEGGER_SYSVIEW_RecordSystime
 .text.SEGGER_SYSVIEW_RecordEnterISR
                0x00000000080055b0       0x84 ./ThirdParty/SEGGER/SEGGER/SEGGER_SYSVIEW.o
                0x00000000080055b0                SEGGER_SYSVIEW_RecordEnterISR
 .text.SEGGER_SYSVIEW_RecordExitISR
                0x0000000008005634       0x38 ./ThirdParty/SEGGER/SEGGER/SEGGER_SYSVIEW.o
                0x0000000008005634                SEGGER_SYSVIEW_RecordExitISR
 .text.SEGGER_SYSVIEW_RecordExitISRToScheduler
                0x000000000800566c       0x38 ./ThirdParty/SEGGER/SEGGER/SEGGER_SYSVIEW.o
                0x000000000800566c                SEGGER_SYSVIEW_RecordExitISRToScheduler
 .text.SEGGER_SYSVIEW_OnIdle
                0x00000000080056a4       0x38 ./ThirdParty/SEGGER/SEGGER/SEGGER_SYSVIEW.o
                0x00000000080056a4                SEGGER_SYSVIEW_OnIdle
 .text.SEGGER_SYSVIEW_OnTaskCreate
                0x00000000080056dc       0x84 ./ThirdParty/SEGGER/SEGGER/SEGGER_SYSVIEW.o
                0x00000000080056dc                SEGGER_SYSVIEW_OnTaskCreate
 .text.SEGGER_SYSVIEW_OnTaskStartExec
                0x0000000008005760       0x84 ./ThirdParty/SEGGER/SEGGER/SEGGER_SYSVIEW.o
                0x0000000008005760                SEGGER_SYSVIEW_OnTaskStartExec
 .text.SEGGER_SYSVIEW_OnTaskStartReady
                0x00000000080057e4       0x84 ./ThirdParty/SEGGER/SEGGER/SEGGER_SYSVIEW.o
                0x00000000080057e4                SEGGER_SYSVIEW_OnTaskStartReady
 .text.SEGGER_SYSVIEW_SendModule
                0x0000000008005868      0x100 ./ThirdParty/SEGGER/SEGGER/SEGGER_SYSVIEW.o
                0x0000000008005868                SEGGER_SYSVIEW_SendModule
 .text.SEGGER_SYSVIEW_SendModuleDescription
                0x0000000008005968       0x3c ./ThirdParty/SEGGER/SEGGER/SEGGER_SYSVIEW.o
                0x0000000008005968                SEGGER_SYSVIEW_SendModuleDescription
 .text.SEGGER_SYSVIEW_SendNumModules
                0x00000000080059a4       0x7c ./ThirdParty/SEGGER/SEGGER/SEGGER_SYSVIEW.o
                0x00000000080059a4                SEGGER_SYSVIEW_SendNumModules
 .text.SEGGER_SYSVIEW_PrintfTarget
                0x0000000008005a20       0x28 ./ThirdParty/SEGGER/SEGGER/SEGGER_SYSVIEW.o
                0x0000000008005a20                SEGGER_SYSVIEW_PrintfTarget
 .text.SEGGER_SYSVIEW_Warn
                0x0000000008005a48       0xb8 ./ThirdParty/SEGGER/SEGGER/SEGGER_SYSVIEW.o
                0x0000000008005a48                SEGGER_SYSVIEW_Warn
 .text.SEGGER_SYSVIEW_IsStarted
                0x0000000008005b00       0x5c ./ThirdParty/SEGGER/SEGGER/SEGGER_SYSVIEW.o
                0x0000000008005b00                SEGGER_SYSVIEW_IsStarted
 .text.__libc_init_array
                0x0000000008005b5c       0x48 c:/st/stm32cubeide_1.12.1/stm32cubeide/plugins/com.st.stm32cube.ide.mcu.externaltools.gnu-tools-for-stm32.10.3-2021.10.win32_1.0.200.202301161003/tools/bin/../lib/gcc/arm-none-eabi/10.3.1/../../../../arm-none-eabi/lib/thumb/v7e-m+fp/hard\libc_nano.a(lib_a-init.o)
                0x0000000008005b5c                __libc_init_array
 .text.memcmp   0x0000000008005ba4       0x20 c:/st/stm32cubeide_1.12.1/stm32cubeide/plugins/com.st.stm32cube.ide.mcu.externaltools.gnu-tools-for-stm32.10.3-2021.10.win32_1.0.200.202301161003/tools/bin/../lib/gcc/arm-none-eabi/10.3.1/../../../../arm-none-eabi/lib/thumb/v7e-m+fp/hard\libc_nano.a(lib_a-memcmp.o)
                0x0000000008005ba4                memcmp
 .text.memcpy   0x0000000008005bc4       0x1c c:/st/stm32cubeide_1.12.1/stm32cubeide/plugins/com.st.stm32cube.ide.mcu.externaltools.gnu-tools-for-stm32.10.3-2021.10.win32_1.0.200.202301161003/tools/bin/../lib/gcc/arm-none-eabi/10.3.1/../../../../arm-none-eabi/lib/thumb/v7e-m+fp/hard\libc_nano.a(lib_a-memcpy-stub.o)
                0x0000000008005bc4                memcpy
 .text.memset   0x0000000008005be0       0x10 c:/st/stm32cubeide_1.12.1/stm32cubeide/plugins/com.st.stm32cube.ide.mcu.externaltools.gnu-tools-for-stm32.10.3-2021.10.win32_1.0.200.202301161003/tools/bin/../lib/gcc/arm-none-eabi/10.3.1/../../../../arm-none-eabi/lib/thumb/v7e-m+fp/hard\libc_nano.a(lib_a-memset.o)
                0x0000000008005be0                memset
 .text.snprintf
                0x0000000008005bf0       0x68 c:/st/stm32cubeide_1.12.1/stm32cubeide/plugins/com.st.stm32cube.ide.mcu.externaltools.gnu-tools-for-stm32.10.3-2021.10.win32_1.0.200.202301161003/tools/bin/../lib/gcc/arm-none-eabi/10.3.1/../../../../arm-none-eabi/lib/thumb/v7e-m+fp/hard\libc_nano.a(lib_a-snprintf.o)
                0x0000000008005bf0                sniprintf
                0x0000000008005bf0                snprintf
 .text.__ssputs_r
                0x0000000008005c58       0xb6 c:/st/stm32cubeide_1.12.1/stm32cubeide/plugins/com.st.stm32cube.ide.mcu.externaltools.gnu-tools-for-stm32.10.3-2021.10.win32_1.0.200.202301161003/tools/bin/../lib/gcc/arm-none-eabi/10.3.1/../../../../arm-none-eabi/lib/thumb/v7e-m+fp/hard\libc_nano.a(lib_a-nano-svfprintf.o)
                0x0000000008005c58                __ssputs_r
 *fill*         0x0000000008005d0e        0x2 
 .text._svfprintf_r
                0x0000000008005d10      0x200 c:/st/stm32cubeide_1.12.1/stm32cubeide/plugins/com.st.stm32cube.ide.mcu.externaltools.gnu-tools-for-stm32.10.3-2021.10.win32_1.0.200.202301161003/tools/bin/../lib/gcc/arm-none-eabi/10.3.1/../../../../arm-none-eabi/lib/thumb/v7e-m+fp/hard\libc_nano.a(lib_a-nano-svfprintf.o)
                0x0000000008005d10                _svfiprintf_r
                0x0000000008005d10                _svfprintf_r
 .text._printf_common
                0x0000000008005f10       0xda c:/st/stm32cubeide_1.12.1/stm32cubeide/plugins/com.st.stm32cube.ide.mcu.externaltools.gnu-tools-for-stm32.10.3-2021.10.win32_1.0.200.202301161003/tools/bin/../lib/gcc/arm-none-eabi/10.3.1/../../../../arm-none-eabi/lib/thumb/v7e-m+fp/hard\libc_nano.a(lib_a-nano-vfprintf_i.o)
                0x0000000008005f10                _printf_common
 *fill*         0x0000000008005fea        0x2 
 .text._printf_i
                0x0000000008005fec      0x24c c:/st/stm32cubeide_1.12.1/stm32cubeide/plugins/com.st.stm32cube.ide.mcu.externaltools.gnu-tools-for-stm32.10.3-2021.10.win32_1.0.200.202301161003/tools/bin/../lib/gcc/arm-none-eabi/10.3.1/../../../../arm-none-eabi/lib/thumb/v7e-m+fp/hard\libc_nano.a(lib_a-nano-vfprintf_i.o)
                0x0000000008005fec                _printf_i
 .text.memmove  0x0000000008006238       0x34 c:/st/stm32cubeide_1.12.1/stm32cubeide/plugins/com.st.stm32cube.ide.mcu.externaltools.gnu-tools-for-stm32.10.3-2021.10.win32_1.0.200.202301161003/tools/bin/../lib/gcc/arm-none-eabi/10.3.1/../../../../arm-none-eabi/lib/thumb/v7e-m+fp/hard\libc_nano.a(lib_a-memmove.o)
                0x0000000008006238                memmove
 .text._free_r  0x000000000800626c       0x98 c:/st/stm32cubeide_1.12.1/stm32cubeide/plugins/com.st.stm32cube.ide.mcu.externaltools.gnu-tools-for-stm32.10.3-2021.10.win32_1.0.200.202301161003/tools/bin/../lib/gcc/arm-none-eabi/10.3.1/../../../../arm-none-eabi/lib/thumb/v7e-m+fp/hard\libc_nano.a(lib_a-nano-freer.o)
                0x000000000800626c                _free_r
 .text.sbrk_aligned
                0x0000000008006304       0x40 c:/st/stm32cubeide_1.12.1/stm32cubeide/plugins/com.st.stm32cube.ide.mcu.externaltools.gnu-tools-for-stm32.10.3-2021.10.win32_1.0.200.202301161003/tools/bin/../lib/gcc/arm-none-eabi/10.3.1/../../../../arm-none-eabi/lib/thumb/v7e-m+fp/hard\libc_nano.a(lib_a-nano-mallocr.o)
 .text._malloc_r
                0x0000000008006344       0xe8 c:/st/stm32cubeide_1.12.1/stm32cubeide/plugins/com.st.stm32cube.ide.mcu.externaltools.gnu-tools-for-stm32.10.3-2021.10.win32_1.0.200.202301161003/tools/bin/../lib/gcc/arm-none-eabi/10.3.1/../../../../arm-none-eabi/lib/thumb/v7e-m+fp/hard\libc_nano.a(lib_a-nano-mallocr.o)
                0x0000000008006344                _malloc_r
 .text._realloc_r
                0x000000000800642c       0x5e c:/st/stm32cubeide_1.12.1/stm32cubeide/plugins/com.st.stm32cube.ide.mcu.externaltools.gnu-tools-for-stm32.10.3-2021.10.win32_1.0.200.202301161003/tools/bin/../lib/gcc/arm-none-eabi/10.3.1/../../../../arm-none-eabi/lib/thumb/v7e-m+fp/hard\libc_nano.a(lib_a-nano-reallocr.o)
                0x000000000800642c                _realloc_r
 *fill*         0x000000000800648a        0x2 
 .text._sbrk_r  0x000000000800648c       0x20 c:/st/stm32cubeide_1.12.1/stm32cubeide/plugins/com.st.stm32cube.ide.mcu.externaltools.gnu-tools-for-stm32.10.3-2021.10.win32_1.0.200.202301161003/tools/bin/../lib/gcc/arm-none-eabi/10.3.1/../../../../arm-none-eabi/lib/thumb/v7e-m+fp/hard\libc_nano.a(lib_a-sbrkr.o)
                0x000000000800648c                _sbrk_r
 .text.__malloc_lock
                0x00000000080064ac        0xc c:/st/stm32cubeide_1.12.1/stm32cubeide/plugins/com.st.stm32cube.ide.mcu.externaltools.gnu-tools-for-stm32.10.3-2021.10.win32_1.0.200.202301161003/tools/bin/../lib/gcc/arm-none-eabi/10.3.1/../../../../arm-none-eabi/lib/thumb/v7e-m+fp/hard\libc_nano.a(lib_a-mlock.o)
                0x00000000080064ac                __malloc_lock
 .text.__malloc_unlock
                0x00000000080064b8        0xc c:/st/stm32cubeide_1.12.1/stm32cubeide/plugins/com.st.stm32cube.ide.mcu.externaltools.gnu-tools-for-stm32.10.3-2021.10.win32_1.0.200.202301161003/tools/bin/../lib/gcc/arm-none-eabi/10.3.1/../../../../arm-none-eabi/lib/thumb/v7e-m+fp/hard\libc_nano.a(lib_a-mlock.o)
                0x00000000080064b8                __malloc_unlock
 .text._malloc_usable_size_r
                0x00000000080064c4       0x10 c:/st/stm32cubeide_1.12.1/stm32cubeide/plugins/com.st.stm32cube.ide.mcu.externaltools.gnu-tools-for-stm32.10.3-2021.10.win32_1.0.200.202301161003/tools/bin/../lib/gcc/arm-none-eabi/10.3.1/../../../../arm-none-eabi/lib/thumb/v7e-m+fp/hard\libc_nano.a(lib_a-nano-msizer.o)
                0x00000000080064c4                _malloc_usable_size_r
 .text.__retarget_lock_acquire_recursive
                0x00000000080064d4        0x2 c:/st/stm32cubeide_1.12.1/stm32cubeide/plugins/com.st.stm32cube.ide.mcu.externaltools.gnu-tools-for-stm32.10.3-2021.10.win32_1.0.200.202301161003/tools/bin/../lib/gcc/arm-none-eabi/10.3.1/../../../../arm-none-eabi/lib/thumb/v7e-m+fp/hard\libc_nano.a(lib_a-lock.o)
                0x00000000080064d4                __retarget_lock_acquire_recursive
 .text.__retarget_lock_release_recursive
                0x00000000080064d6        0x2 c:/st/stm32cubeide_1.12.1/stm32cubeide/plugins/com.st.stm32cube.ide.mcu.externaltools.gnu-tools-for-stm32.10.3-2021.10.win32_1.0.200.202301161003/tools/bin/../lib/gcc/arm-none-eabi/10.3.1/../../../../arm-none-eabi/lib/thumb/v7e-m+fp/hard\libc_nano.a(lib_a-lock.o)
                0x00000000080064d6                __retarget_lock_release_recursive
 .text._sbrk    0x00000000080064d8       0x1c c:/st/stm32cubeide_1.12.1/stm32cubeide/plugins/com.st.stm32cube.ide.mcu.externaltools.gnu-tools-for-stm32.10.3-2021.10.win32_1.0.200.202301161003/tools/bin/../lib/gcc/arm-none-eabi/10.3.1/../../../../arm-none-eabi/lib/thumb/v7e-m+fp/hard\libnosys.a(sbrk.o)
                0x00000000080064d8                _sbrk
 *(.glue_7)
 .glue_7        0x00000000080064f4        0x0 linker stubs
 *(.glue_7t)
 .glue_7t       0x00000000080064f4        0x0 linker stubs
 *(.eh_frame)
 .eh_frame      0x00000000080064f4        0x0 c:/st/stm32cubeide_1.12.1/stm32cubeide/plugins/com.st.stm32cube.ide.mcu.externaltools.gnu-tools-for-stm32.10.3-2021.10.win32_1.0.200.202301161003/tools/bin/../lib/gcc/arm-none-eabi/10.3.1/thumb/v7e-m+fp/hard/crtbegin.o
 *(.init)
 .init          0x00000000080064f4        0x4 c:/st/stm32cubeide_1.12.1/stm32cubeide/plugins/com.st.stm32cube.ide.mcu.externaltools.gnu-tools-for-stm32.10.3-2021.10.win32_1.0.200.202301161003/tools/bin/../lib/gcc/arm-none-eabi/10.3.1/thumb/v7e-m+fp/hard/crti.o
                0x00000000080064f4                _init
 .init          0x00000000080064f8        0x8 c:/st/stm32cubeide_1.12.1/stm32cubeide/plugins/com.st.stm32cube.ide.mcu.externaltools.gnu-tools-for-stm32.10.3-2021.10.win32_1.0.200.202301161003/tools/bin/../lib/gcc/arm-none-eabi/10.3.1/thumb/v7e-m+fp/hard/crtn.o
 *(.fini)
 .fini          0x0000000008006500        0x4 c:/st/stm32cubeide_1.12.1/stm32cubeide/plugins/com.st.stm32cube.ide.mcu.externaltools.gnu-tools-for-stm32.10.3-2021.10.win32_1.0.200.202301161003/tools/bin/../lib/gcc/arm-none-eabi/10.3.1/thumb/v7e-m+fp/hard/crti.o
                0x0000000008006500                _fini
 .fini          0x0000000008006504        0x8 c:/st/stm32cubeide_1.12.1/stm32cubeide/plugins/com.st.stm32cube.ide.mcu.externaltools.gnu-tools-for-stm32.10.3-2021.10.win32_1.0.200.202301161003/tools/bin/../lib/gcc/arm-none-eabi/10.3.1/thumb/v7e-m+fp/hard/crtn.o
                0x000000000800650c                . = ALIGN (0x4)
                0x000000000800650c                _etext = .

.vfp11_veneer   0x000000000800650c        0x0
 .vfp11_veneer  0x000000000800650c        0x0 linker stubs

.v4_bx          0x000000000800650c        0x0
 .v4_bx         0x000000000800650c        0x0 linker stubs

.iplt           0x000000000800650c        0x0
 .iplt          0x000000000800650c        0x0 c:/st/stm32cubeide_1.12.1/stm32cubeide/plugins/com.st.stm32cube.ide.mcu.externaltools.gnu-tools-for-stm32.10.3-2021.10.win32_1.0.200.202301161003/tools/bin/../lib/gcc/arm-none-eabi/10.3.1/thumb/v7e-m+fp/hard/crtbegin.o

.rodata         0x000000000800650c      0x184
                0x000000000800650c                . = ALIGN (0x4)
 *(.rodata)
 .rodata        0x000000000800650c       0x44 ./Core/Src/main.o
 .rodata        0x0000000008006550        0x5 ./ThirdParty/FreeRTOS/tasks.o
 *fill*         0x0000000008006555        0x3 
 .rodata        0x0000000008006558       0x49 ./ThirdParty/SEGGER/Config/SEGGER_SYSVIEW_Config_FreeRTOS.o
 *fill*         0x00000000080065a1        0x3 
 .rodata        0x00000000080065a4       0x58 ./ThirdParty/SEGGER/OS/SEGGER_SYSVIEW_FreeRTOS.o
 .rodata        0x00000000080065fc       0x17 ./ThirdParty/SEGGER/SEGGER/SEGGER_RTT.o
 *fill*         0x0000000008006613        0x1 
 .rodata        0x0000000008006614        0x8 ./ThirdParty/SEGGER/SEGGER/SEGGER_SYSVIEW.o
 *(.rodata*)
 .rodata.AHBPrescTable
                0x000000000800661c       0x10 ./Core/Src/system_stm32f4xx.o
                0x000000000800661c                AHBPrescTable
 .rodata.APBPrescTable
                0x000000000800662c        0x8 ./Core/Src/system_stm32f4xx.o
                0x000000000800662c                APBPrescTable
 .rodata.SYSVIEW_X_OS_TraceAPI
                0x0000000008006634        0x8 ./ThirdParty/SEGGER/OS/SEGGER_SYSVIEW_FreeRTOS.o
                0x0000000008006634                SYSVIEW_X_OS_TraceAPI
 .rodata._abHelloMsg
                0x000000000800663c        0x4 ./ThirdParty/SEGGER/Rec/segger_uart.o
 .rodata._abSync
                0x0000000008006640        0xa ./ThirdParty/SEGGER/SEGGER/SEGGER_SYSVIEW.o
 *fill*         0x000000000800664a        0x2 
 .rodata._aV2C.0
                0x000000000800664c       0x10 ./ThirdParty/SEGGER/SEGGER/SEGGER_SYSVIEW.o
 .rodata._svfprintf_r.str1.1
                0x000000000800665c       0x11 c:/st/stm32cubeide_1.12.1/stm32cubeide/plugins/com.st.stm32cube.ide.mcu.externaltools.gnu-tools-for-stm32.10.3-2021.10.win32_1.0.200.202301161003/tools/bin/../lib/gcc/arm-none-eabi/10.3.1/../../../../arm-none-eabi/lib/thumb/v7e-m+fp/hard\libc_nano.a(lib_a-nano-svfprintf.o)
 .rodata._printf_i.str1.1
                0x000000000800666d       0x22 c:/st/stm32cubeide_1.12.1/stm32cubeide/plugins/com.st.stm32cube.ide.mcu.externaltools.gnu-tools-for-stm32.10.3-2021.10.win32_1.0.200.202301161003/tools/bin/../lib/gcc/arm-none-eabi/10.3.1/../../../../arm-none-eabi/lib/thumb/v7e-m+fp/hard\libc_nano.a(lib_a-nano-vfprintf_i.o)
                0x0000000008006690                . = ALIGN (0x4)
 *fill*         0x000000000800668f        0x1 

.ARM.extab      0x0000000008006690        0x0
                0x0000000008006690                . = ALIGN (0x4)
 *(.ARM.extab* .gnu.linkonce.armextab.*)
                0x0000000008006690                . = ALIGN (0x4)

.ARM            0x0000000008006690        0x8
                0x0000000008006690                . = ALIGN (0x4)
                0x0000000008006690                __exidx_start = .
 *(.ARM.exidx*)
 .ARM.exidx     0x0000000008006690        0x8 c:/st/stm32cubeide_1.12.1/stm32cubeide/plugins/com.st.stm32cube.ide.mcu.externaltools.gnu-tools-for-stm32.10.3-2021.10.win32_1.0.200.202301161003/tools/bin/../lib/gcc/arm-none-eabi/10.3.1/thumb/v7e-m+fp/hard\libgcc.a(_udivmoddi4.o)
                0x0000000008006698                __exidx_end = .
                0x0000000008006698                . = ALIGN (0x4)

.rel.dyn        0x0000000008006698        0x0
 .rel.iplt      0x0000000008006698        0x0 c:/st/stm32cubeide_1.12.1/stm32cubeide/plugins/com.st.stm32cube.ide.mcu.externaltools.gnu-tools-for-stm32.10.3-2021.10.win32_1.0.200.202301161003/tools/bin/../lib/gcc/arm-none-eabi/10.3.1/thumb/v7e-m+fp/hard/crtbegin.o

.preinit_array  0x0000000008006698        0x0
                0x0000000008006698                . = ALIGN (0x4)
                0x0000000008006698                PROVIDE (__preinit_array_start = .)
 *(.preinit_array*)
                0x0000000008006698                PROVIDE (__preinit_array_end = .)
                0x0000000008006698                . = ALIGN (0x4)

.init_array     0x0000000008006698        0x4
                0x0000000008006698                . = ALIGN (0x4)
                0x0000000008006698                PROVIDE (__init_array_start = .)
 *(SORT_BY_NAME(.init_array.*))
 *(.init_array*)
 .init_array    0x0000000008006698        0x4 c:/st/stm32cubeide_1.12.1/stm32cubeide/plugins/com.st.stm32cube.ide.mcu.externaltools.gnu-tools-for-stm32.10.3-2021.10.win32_1.0.200.202301161003/tools/bin/../lib/gcc/arm-none-eabi/10.3.1/thumb/v7e-m+fp/hard/crtbegin.o
                0x000000000800669c                PROVIDE (__init_array_end = .)
                0x000000000800669c                . = ALIGN (0x4)

.fini_array     0x000000000800669c        0x4
                0x000000000800669c                . = ALIGN (0x4)
                [!provide]                        PROVIDE (__fini_array_start = .)
 *(SORT_BY_NAME(.fini_array.*))
 *(.fini_array*)
 .fini_array    0x000000000800669c        0x4 c:/st/stm32cubeide_1.12.1/stm32cubeide/plugins/com.st.stm32cube.ide.mcu.externaltools.gnu-tools-for-stm32.10.3-2021.10.win32_1.0.200.202301161003/tools/bin/../lib/gcc/arm-none-eabi/10.3.1/thumb/v7e-m+fp/hard/crtbegin.o
                [!provide]                        PROVIDE (__fini_array_end = .)
                0x00000000080066a0                . = ALIGN (0x4)
                0x00000000080066a0                _sidata = LOADADDR (.data)

.data           0x0000000020000000       0x80 load address 0x00000000080066a0
                0x0000000020000000                . = ALIGN (0x4)
                0x0000000020000000                _sdata = .
 *(.data)
 *(.data*)
 .data.SystemCoreClock
                0x0000000020000000        0x4 ./Core/Src/system_stm32f4xx.o
                0x0000000020000000                SystemCoreClock
 .data.uwTickPrio
                0x0000000020000004        0x4 ./Drivers/STM32F4xx_HAL_Driver/Src/stm32f4xx_hal.o
                0x0000000020000004                uwTickPrio
 .data.uwTickFreq
                0x0000000020000008        0x1 ./Drivers/STM32F4xx_HAL_Driver/Src/stm32f4xx_hal.o
                0x0000000020000008                uwTickFreq
 *fill*         0x0000000020000009        0x3 
 .data.uxTopUsedPriority
                0x000000002000000c        0x4 ./ThirdParty/FreeRTOS/tasks.o
                0x000000002000000c                uxTopUsedPriority
 .data.uxCriticalNesting
                0x0000000020000010        0x4 ./ThirdParty/FreeRTOS/portable/GCC/ARM_CM4F/port.o
 .data._SVInfo  0x0000000020000014        0x8 ./ThirdParty/SEGGER/Rec/segger_uart.o
 .data._impure_ptr
                0x000000002000001c        0x4 c:/st/stm32cubeide_1.12.1/stm32cubeide/plugins/com.st.stm32cube.ide.mcu.externaltools.gnu-tools-for-stm32.10.3-2021.10.win32_1.0.200.202301161003/tools/bin/../lib/gcc/arm-none-eabi/10.3.1/../../../../arm-none-eabi/lib/thumb/v7e-m+fp/hard\libc_nano.a(lib_a-impure.o)
                0x000000002000001c                _impure_ptr
 .data.impure_data
                0x0000000020000020       0x60 c:/st/stm32cubeide_1.12.1/stm32cubeide/plugins/com.st.stm32cube.ide.mcu.externaltools.gnu-tools-for-stm32.10.3-2021.10.win32_1.0.200.202301161003/tools/bin/../lib/gcc/arm-none-eabi/10.3.1/../../../../arm-none-eabi/lib/thumb/v7e-m+fp/hard\libc_nano.a(lib_a-impure.o)
 *(.RamFunc)
 *(.RamFunc*)
                0x0000000020000080                . = ALIGN (0x4)
                0x0000000020000080                _edata = .

.igot.plt       0x0000000020000080        0x0 load address 0x0000000008006720
 .igot.plt      0x0000000020000080        0x0 c:/st/stm32cubeide_1.12.1/stm32cubeide/plugins/com.st.stm32cube.ide.mcu.externaltools.gnu-tools-for-stm32.10.3-2021.10.win32_1.0.200.202301161003/tools/bin/../lib/gcc/arm-none-eabi/10.3.1/thumb/v7e-m+fp/hard/crtbegin.o
                0x0000000020000080                . = ALIGN (0x4)

.bss            0x0000000020000080    0x14428 load address 0x0000000008006720
                0x0000000020000080                _sbss = .
                0x0000000020000080                __bss_start__ = _sbss
 *(.bss)
 .bss           0x0000000020000080       0x1c c:/st/stm32cubeide_1.12.1/stm32cubeide/plugins/com.st.stm32cube.ide.mcu.externaltools.gnu-tools-for-stm32.10.3-2021.10.win32_1.0.200.202301161003/tools/bin/../lib/gcc/arm-none-eabi/10.3.1/thumb/v7e-m+fp/hard/crtbegin.o
 *(.bss*)
 .bss.htim6     0x000000002000009c       0x48 ./Core/Src/stm32f4xx_hal_timebase_tim.o
                0x000000002000009c                htim6
 .bss.uwTick    0x00000000200000e4        0x4 ./Drivers/STM32F4xx_HAL_Driver/Src/stm32f4xx_hal.o
                0x00000000200000e4                uwTick
 .bss.pxCurrentTCB
                0x00000000200000e8        0x4 ./ThirdParty/FreeRTOS/tasks.o
                0x00000000200000e8                pxCurrentTCB
 .bss.pxReadyTasksLists
                0x00000000200000ec       0x64 ./ThirdParty/FreeRTOS/tasks.o
 .bss.xDelayedTaskList1
                0x0000000020000150       0x14 ./ThirdParty/FreeRTOS/tasks.o
 .bss.xDelayedTaskList2
                0x0000000020000164       0x14 ./ThirdParty/FreeRTOS/tasks.o
 .bss.pxDelayedTaskList
                0x0000000020000178        0x4 ./ThirdParty/FreeRTOS/tasks.o
 .bss.pxOverflowDelayedTaskList
                0x000000002000017c        0x4 ./ThirdParty/FreeRTOS/tasks.o
 .bss.xPendingReadyList
                0x0000000020000180       0x14 ./ThirdParty/FreeRTOS/tasks.o
 .bss.xTasksWaitingTermination
                0x0000000020000194       0x14 ./ThirdParty/FreeRTOS/tasks.o
 .bss.uxDeletedTasksWaitingCleanUp
                0x00000000200001a8        0x4 ./ThirdParty/FreeRTOS/tasks.o
 .bss.xSuspendedTaskList
                0x00000000200001ac       0x14 ./ThirdParty/FreeRTOS/tasks.o
 .bss.uxCurrentNumberOfTasks
                0x00000000200001c0        0x4 ./ThirdParty/FreeRTOS/tasks.o
 .bss.xTickCount
                0x00000000200001c4        0x4 ./ThirdParty/FreeRTOS/tasks.o
 .bss.uxTopReadyPriority
                0x00000000200001c8        0x4 ./ThirdParty/FreeRTOS/tasks.o
 .bss.xSchedulerRunning
                0x00000000200001cc        0x4 ./ThirdParty/FreeRTOS/tasks.o
 .bss.xPendedTicks
                0x00000000200001d0        0x4 ./ThirdParty/FreeRTOS/tasks.o
 .bss.xYieldPending
                0x00000000200001d4        0x4 ./ThirdParty/FreeRTOS/tasks.o
 .bss.xNumOfOverflows
                0x00000000200001d8        0x4 ./ThirdParty/FreeRTOS/tasks.o
 .bss.uxTaskNumber
                0x00000000200001dc        0x4 ./ThirdParty/FreeRTOS/tasks.o
 .bss.xNextTaskUnblockTime
                0x00000000200001e0        0x4 ./ThirdParty/FreeRTOS/tasks.o
 .bss.xIdleTaskHandle
                0x00000000200001e4        0x4 ./ThirdParty/FreeRTOS/tasks.o
 .bss.uxSchedulerSuspended
                0x00000000200001e8        0x4 ./ThirdParty/FreeRTOS/tasks.o
 .bss.ucMaxSysCallPriority
                0x00000000200001ec        0x1 ./ThirdParty/FreeRTOS/portable/GCC/ARM_CM4F/port.o
 *fill*         0x00000000200001ed        0x3 
 .bss.ulMaxPRIGROUPValue
                0x00000000200001f0        0x4 ./ThirdParty/FreeRTOS/portable/GCC/ARM_CM4F/port.o
 .bss.ucHeap    0x00000000200001f4    0x12c00 ./ThirdParty/FreeRTOS/portable/MemMang/heap_4.o
 .bss.xStart    0x0000000020012df4        0x8 ./ThirdParty/FreeRTOS/portable/MemMang/heap_4.o
 .bss.pxEnd     0x0000000020012dfc        0x4 ./ThirdParty/FreeRTOS/portable/MemMang/heap_4.o
 .bss.xFreeBytesRemaining
                0x0000000020012e00        0x4 ./ThirdParty/FreeRTOS/portable/MemMang/heap_4.o
 .bss.xMinimumEverFreeBytesRemaining
                0x0000000020012e04        0x4 ./ThirdParty/FreeRTOS/portable/MemMang/heap_4.o
 .bss.xNumberOfSuccessfulAllocations
                0x0000000020012e08        0x4 ./ThirdParty/FreeRTOS/portable/MemMang/heap_4.o
 .bss.xNumberOfSuccessfulFrees
                0x0000000020012e0c        0x4 ./ThirdParty/FreeRTOS/portable/MemMang/heap_4.o
 .bss.xBlockAllocatedBit
                0x0000000020012e10        0x4 ./ThirdParty/FreeRTOS/portable/MemMang/heap_4.o
 .bss._aTasks   0x0000000020012e14       0xa0 ./ThirdParty/SEGGER/OS/SEGGER_SYSVIEW_FreeRTOS.o
 .bss._NumTasks
                0x0000000020012eb4        0x4 ./ThirdParty/SEGGER/OS/SEGGER_SYSVIEW_FreeRTOS.o
 .bss._cbOnRx   0x0000000020012eb8        0x4 ./ThirdParty/SEGGER/Rec/segger_uart.o
 .bss._cbOnTx   0x0000000020012ebc        0x4 ./ThirdParty/SEGGER/Rec/segger_uart.o
 .bss._SEGGER_RTT
                0x0000000020012ec0       0xa8 ./ThirdParty/SEGGER/SEGGER/SEGGER_RTT.o
                0x0000000020012ec0                _SEGGER_RTT
 .bss._acUpBuffer
                0x0000000020012f68      0x400 ./ThirdParty/SEGGER/SEGGER/SEGGER_RTT.o
 .bss._acDownBuffer
                0x0000000020013368       0x10 ./ThirdParty/SEGGER/SEGGER/SEGGER_RTT.o
 .bss._UpBuffer
                0x0000000020013378     0x1000 ./ThirdParty/SEGGER/SEGGER/SEGGER_SYSVIEW.o
 .bss._DownBuffer
                0x0000000020014378        0x8 ./ThirdParty/SEGGER/SEGGER/SEGGER_SYSVIEW.o
 .bss._SYSVIEW_Globals
                0x0000000020014380       0x28 ./ThirdParty/SEGGER/SEGGER/SEGGER_SYSVIEW.o
 .bss._pFirstModule
                0x00000000200143a8        0x4 ./ThirdParty/SEGGER/SEGGER/SEGGER_SYSVIEW.o
 .bss._NumModules
                0x00000000200143ac        0x1 ./ThirdParty/SEGGER/SEGGER/SEGGER_SYSVIEW.o
 *fill*         0x00000000200143ad        0x3 
 .bss._aPacket  0x00000000200143b0       0xe3 ./ThirdParty/SEGGER/SEGGER/SEGGER_SYSVIEW.o
 *fill*         0x0000000020014493        0x1 
 .bss.__malloc_free_list
                0x0000000020014494        0x4 c:/st/stm32cubeide_1.12.1/stm32cubeide/plugins/com.st.stm32cube.ide.mcu.externaltools.gnu-tools-for-stm32.10.3-2021.10.win32_1.0.200.202301161003/tools/bin/../lib/gcc/arm-none-eabi/10.3.1/../../../../arm-none-eabi/lib/thumb/v7e-m+fp/hard\libc_nano.a(lib_a-nano-mallocr.o)
                0x0000000020014494                __malloc_free_list
 .bss.__malloc_sbrk_start
                0x0000000020014498        0x4 c:/st/stm32cubeide_1.12.1/stm32cubeide/plugins/com.st.stm32cube.ide.mcu.externaltools.gnu-tools-for-stm32.10.3-2021.10.win32_1.0.200.202301161003/tools/bin/../lib/gcc/arm-none-eabi/10.3.1/../../../../arm-none-eabi/lib/thumb/v7e-m+fp/hard\libc_nano.a(lib_a-nano-mallocr.o)
                0x0000000020014498                __malloc_sbrk_start
 .bss.errno     0x000000002001449c        0x4 c:/st/stm32cubeide_1.12.1/stm32cubeide/plugins/com.st.stm32cube.ide.mcu.externaltools.gnu-tools-for-stm32.10.3-2021.10.win32_1.0.200.202301161003/tools/bin/../lib/gcc/arm-none-eabi/10.3.1/../../../../arm-none-eabi/lib/thumb/v7e-m+fp/hard\libc_nano.a(lib_a-reent.o)
                0x000000002001449c                errno
 .bss.__lock___malloc_recursive_mutex
                0x00000000200144a0        0x1 c:/st/stm32cubeide_1.12.1/stm32cubeide/plugins/com.st.stm32cube.ide.mcu.externaltools.gnu-tools-for-stm32.10.3-2021.10.win32_1.0.200.202301161003/tools/bin/../lib/gcc/arm-none-eabi/10.3.1/../../../../arm-none-eabi/lib/thumb/v7e-m+fp/hard\libc_nano.a(lib_a-lock.o)
                0x00000000200144a0                __lock___malloc_recursive_mutex
 *fill*         0x00000000200144a1        0x3 
 .bss.heap_end.0
                0x00000000200144a4        0x4 c:/st/stm32cubeide_1.12.1/stm32cubeide/plugins/com.st.stm32cube.ide.mcu.externaltools.gnu-tools-for-stm32.10.3-2021.10.win32_1.0.200.202301161003/tools/bin/../lib/gcc/arm-none-eabi/10.3.1/../../../../arm-none-eabi/lib/thumb/v7e-m+fp/hard\libnosys.a(sbrk.o)
 *(COMMON)
                0x00000000200144a8                . = ALIGN (0x4)
                0x00000000200144a8                _ebss = .
                0x00000000200144a8                __bss_end__ = _ebss

._user_heap_stack
                0x00000000200144a8      0x600 load address 0x0000000008006720
                0x00000000200144a8                . = ALIGN (0x8)
                0x00000000200144a8                PROVIDE (end = .)
                [!provide]                        PROVIDE (_end = .)
                0x00000000200146a8                . = (. + _Min_Heap_Size)
 *fill*         0x00000000200144a8      0x200 
                0x0000000020014aa8                . = (. + _Min_Stack_Size)
 *fill*         0x00000000200146a8      0x400 
                0x0000000020014aa8                . = ALIGN (0x8)

/DISCARD/
 libc.a(*)
 libm.a(*)
 libgcc.a(*)

.ARM.attributes
                0x0000000000000000       0x30
 *(.ARM.attributes)
 .ARM.attributes
                0x0000000000000000       0x1e c:/st/stm32cubeide_1.12.1/stm32cubeide/plugins/com.st.stm32cube.ide.mcu.externaltools.gnu-tools-for-stm32.10.3-2021.10.win32_1.0.200.202301161003/tools/bin/../lib/gcc/arm-none-eabi/10.3.1/thumb/v7e-m+fp/hard/crti.o
 .ARM.attributes
                0x000000000000001e       0x34 c:/st/stm32cubeide_1.12.1/stm32cubeide/plugins/com.st.stm32cube.ide.mcu.externaltools.gnu-tools-for-stm32.10.3-2021.10.win32_1.0.200.202301161003/tools/bin/../lib/gcc/arm-none-eabi/10.3.1/thumb/v7e-m+fp/hard/crtbegin.o
 .ARM.attributes
                0x0000000000000052       0x34 ./Core/Src/main.o
 .ARM.attributes
                0x0000000000000086       0x34 ./Core/Src/stm32f4xx_hal_msp.o
 .ARM.attributes
                0x00000000000000ba       0x34 ./Core/Src/stm32f4xx_hal_timebase_tim.o
 .ARM.attributes
                0x00000000000000ee       0x34 ./Core/Src/stm32f4xx_it.o
 .ARM.attributes
                0x0000000000000122       0x34 ./Core/Src/system_stm32f4xx.o
 .ARM.attributes
                0x0000000000000156       0x21 ./Core/Startup/startup_stm32f446retx.o
 .ARM.attributes
                0x0000000000000177       0x34 ./Drivers/STM32F4xx_HAL_Driver/Src/stm32f4xx_hal.o
 .ARM.attributes
                0x00000000000001ab       0x34 ./Drivers/STM32F4xx_HAL_Driver/Src/stm32f4xx_hal_cortex.o
 .ARM.attributes
                0x00000000000001df       0x34 ./Drivers/STM32F4xx_HAL_Driver/Src/stm32f4xx_hal_gpio.o
 .ARM.attributes
                0x0000000000000213       0x34 ./Drivers/STM32F4xx_HAL_Driver/Src/stm32f4xx_hal_rcc.o
 .ARM.attributes
                0x0000000000000247       0x34 ./Drivers/STM32F4xx_HAL_Driver/Src/stm32f4xx_hal_rcc_ex.o
 .ARM.attributes
                0x000000000000027b       0x34 ./Drivers/STM32F4xx_HAL_Driver/Src/stm32f4xx_hal_tim.o
 .ARM.attributes
                0x00000000000002af       0x34 ./Drivers/STM32F4xx_HAL_Driver/Src/stm32f4xx_hal_tim_ex.o
 .ARM.attributes
                0x00000000000002e3       0x34 ./ThirdParty/FreeRTOS/list.o
 .ARM.attributes
                0x0000000000000317       0x34 ./ThirdParty/FreeRTOS/tasks.o
 .ARM.attributes
                0x000000000000034b       0x34 ./ThirdParty/FreeRTOS/portable/GCC/ARM_CM4F/port.o
 .ARM.attributes
                0x000000000000037f       0x34 ./ThirdParty/FreeRTOS/portable/MemMang/heap_4.o
 .ARM.attributes
                0x00000000000003b3       0x34 ./ThirdParty/SEGGER/Config/SEGGER_SYSVIEW_Config_FreeRTOS.o
 .ARM.attributes
                0x00000000000003e7       0x34 ./ThirdParty/SEGGER/OS/SEGGER_SYSVIEW_FreeRTOS.o
 .ARM.attributes
                0x000000000000041b       0x34 ./ThirdParty/SEGGER/Rec/segger_uart.o
 .ARM.attributes
                0x000000000000044f       0x34 ./ThirdParty/SEGGER/SEGGER/SEGGER_RTT.o
 .ARM.attributes
                0x0000000000000483       0x20 ./ThirdParty/SEGGER/SEGGER/SEGGER_RTT_ASM_ARMv7M.o
 .ARM.attributes
                0x00000000000004a3       0x34 ./ThirdParty/SEGGER/SEGGER/SEGGER_SYSVIEW.o
 .ARM.attributes
                0x00000000000004d7       0x34 c:/st/stm32cubeide_1.12.1/stm32cubeide/plugins/com.st.stm32cube.ide.mcu.externaltools.gnu-tools-for-stm32.10.3-2021.10.win32_1.0.200.202301161003/tools/bin/../lib/gcc/arm-none-eabi/10.3.1/../../../../arm-none-eabi/lib/thumb/v7e-m+fp/hard\libc_nano.a(lib_a-impure.o)
 .ARM.attributes
                0x000000000000050b       0x34 c:/st/stm32cubeide_1.12.1/stm32cubeide/plugins/com.st.stm32cube.ide.mcu.externaltools.gnu-tools-for-stm32.10.3-2021.10.win32_1.0.200.202301161003/tools/bin/../lib/gcc/arm-none-eabi/10.3.1/../../../../arm-none-eabi/lib/thumb/v7e-m+fp/hard\libc_nano.a(lib_a-init.o)
 .ARM.attributes
                0x000000000000053f       0x34 c:/st/stm32cubeide_1.12.1/stm32cubeide/plugins/com.st.stm32cube.ide.mcu.externaltools.gnu-tools-for-stm32.10.3-2021.10.win32_1.0.200.202301161003/tools/bin/../lib/gcc/arm-none-eabi/10.3.1/../../../../arm-none-eabi/lib/thumb/v7e-m+fp/hard\libc_nano.a(lib_a-memcmp.o)
 .ARM.attributes
                0x0000000000000573       0x34 c:/st/stm32cubeide_1.12.1/stm32cubeide/plugins/com.st.stm32cube.ide.mcu.externaltools.gnu-tools-for-stm32.10.3-2021.10.win32_1.0.200.202301161003/tools/bin/../lib/gcc/arm-none-eabi/10.3.1/../../../../arm-none-eabi/lib/thumb/v7e-m+fp/hard\libc_nano.a(lib_a-memcpy-stub.o)
 .ARM.attributes
                0x00000000000005a7       0x34 c:/st/stm32cubeide_1.12.1/stm32cubeide/plugins/com.st.stm32cube.ide.mcu.externaltools.gnu-tools-for-stm32.10.3-2021.10.win32_1.0.200.202301161003/tools/bin/../lib/gcc/arm-none-eabi/10.3.1/../../../../arm-none-eabi/lib/thumb/v7e-m+fp/hard\libc_nano.a(lib_a-memset.o)
 .ARM.attributes
                0x00000000000005db       0x34 c:/st/stm32cubeide_1.12.1/stm32cubeide/plugins/com.st.stm32cube.ide.mcu.externaltools.gnu-tools-for-stm32.10.3-2021.10.win32_1.0.200.202301161003/tools/bin/../lib/gcc/arm-none-eabi/10.3.1/../../../../arm-none-eabi/lib/thumb/v7e-m+fp/hard\libc_nano.a(lib_a-snprintf.o)
 .ARM.attributes
                0x000000000000060f       0x34 c:/st/stm32cubeide_1.12.1/stm32cubeide/plugins/com.st.stm32cube.ide.mcu.externaltools.gnu-tools-for-stm32.10.3-2021.10.win32_1.0.200.202301161003/tools/bin/../lib/gcc/arm-none-eabi/10.3.1/../../../../arm-none-eabi/lib/thumb/v7e-m+fp/hard\libc_nano.a(lib_a-nano-svfprintf.o)
 .ARM.attributes
                0x0000000000000643       0x34 c:/st/stm32cubeide_1.12.1/stm32cubeide/plugins/com.st.stm32cube.ide.mcu.externaltools.gnu-tools-for-stm32.10.3-2021.10.win32_1.0.200.202301161003/tools/bin/../lib/gcc/arm-none-eabi/10.3.1/../../../../arm-none-eabi/lib/thumb/v7e-m+fp/hard\libc_nano.a(lib_a-nano-vfprintf_i.o)
 .ARM.attributes
                0x0000000000000677       0x1c c:/st/stm32cubeide_1.12.1/stm32cubeide/plugins/com.st.stm32cube.ide.mcu.externaltools.gnu-tools-for-stm32.10.3-2021.10.win32_1.0.200.202301161003/tools/bin/../lib/gcc/arm-none-eabi/10.3.1/../../../../arm-none-eabi/lib/thumb/v7e-m+fp/hard\libc_nano.a(lib_a-memchr.o)
 .ARM.attributes
                0x0000000000000693       0x34 c:/st/stm32cubeide_1.12.1/stm32cubeide/plugins/com.st.stm32cube.ide.mcu.externaltools.gnu-tools-for-stm32.10.3-2021.10.win32_1.0.200.202301161003/tools/bin/../lib/gcc/arm-none-eabi/10.3.1/../../../../arm-none-eabi/lib/thumb/v7e-m+fp/hard\libc_nano.a(lib_a-memmove.o)
 .ARM.attributes
                0x00000000000006c7       0x34 c:/st/stm32cubeide_1.12.1/stm32cubeide/plugins/com.st.stm32cube.ide.mcu.externaltools.gnu-tools-for-stm32.10.3-2021.10.win32_1.0.200.202301161003/tools/bin/../lib/gcc/arm-none-eabi/10.3.1/../../../../arm-none-eabi/lib/thumb/v7e-m+fp/hard\libc_nano.a(lib_a-nano-freer.o)
 .ARM.attributes
                0x00000000000006fb       0x34 c:/st/stm32cubeide_1.12.1/stm32cubeide/plugins/com.st.stm32cube.ide.mcu.externaltools.gnu-tools-for-stm32.10.3-2021.10.win32_1.0.200.202301161003/tools/bin/../lib/gcc/arm-none-eabi/10.3.1/../../../../arm-none-eabi/lib/thumb/v7e-m+fp/hard\libc_nano.a(lib_a-nano-mallocr.o)
 .ARM.attributes
                0x000000000000072f       0x34 c:/st/stm32cubeide_1.12.1/stm32cubeide/plugins/com.st.stm32cube.ide.mcu.externaltools.gnu-tools-for-stm32.10.3-2021.10.win32_1.0.200.202301161003/tools/bin/../lib/gcc/arm-none-eabi/10.3.1/../../../../arm-none-eabi/lib/thumb/v7e-m+fp/hard\libc_nano.a(lib_a-nano-reallocr.o)
 .ARM.attributes
                0x0000000000000763       0x34 c:/st/stm32cubeide_1.12.1/stm32cubeide/plugins/com.st.stm32cube.ide.mcu.externaltools.gnu-tools-for-stm32.10.3-2021.10.win32_1.0.200.202301161003/tools/bin/../lib/gcc/arm-none-eabi/10.3.1/../../../../arm-none-eabi/lib/thumb/v7e-m+fp/hard\libc_nano.a(lib_a-sbrkr.o)
 .ARM.attributes
                0x0000000000000797       0x34 c:/st/stm32cubeide_1.12.1/stm32cubeide/plugins/com.st.stm32cube.ide.mcu.externaltools.gnu-tools-for-stm32.10.3-2021.10.win32_1.0.200.202301161003/tools/bin/../lib/gcc/arm-none-eabi/10.3.1/../../../../arm-none-eabi/lib/thumb/v7e-m+fp/hard\libc_nano.a(lib_a-mlock.o)
 .ARM.attributes
                0x00000000000007cb       0x34 c:/st/stm32cubeide_1.12.1/stm32cubeide/plugins/com.st.stm32cube.ide.mcu.externaltools.gnu-tools-for-stm32.10.3-2021.10.win32_1.0.200.202301161003/tools/bin/../lib/gcc/arm-none-eabi/10.3.1/../../../../arm-none-eabi/lib/thumb/v7e-m+fp/hard\libc_nano.a(lib_a-nano-msizer.o)
 .ARM.attributes
                0x00000000000007ff       0x34 c:/st/stm32cubeide_1.12.1/stm32cubeide/plugins/com.st.stm32cube.ide.mcu.externaltools.gnu-tools-for-stm32.10.3-2021.10.win32_1.0.200.202301161003/tools/bin/../lib/gcc/arm-none-eabi/10.3.1/../../../../arm-none-eabi/lib/thumb/v7e-m+fp/hard\libc_nano.a(lib_a-reent.o)
 .ARM.attributes
                0x0000000000000833       0x34 c:/st/stm32cubeide_1.12.1/stm32cubeide/plugins/com.st.stm32cube.ide.mcu.externaltools.gnu-tools-for-stm32.10.3-2021.10.win32_1.0.200.202301161003/tools/bin/../lib/gcc/arm-none-eabi/10.3.1/../../../../arm-none-eabi/lib/thumb/v7e-m+fp/hard\libc_nano.a(lib_a-lock.o)
 .ARM.attributes
                0x0000000000000867       0x1e c:/st/stm32cubeide_1.12.1/stm32cubeide/plugins/com.st.stm32cube.ide.mcu.externaltools.gnu-tools-for-stm32.10.3-2021.10.win32_1.0.200.202301161003/tools/bin/../lib/gcc/arm-none-eabi/10.3.1/thumb/v7e-m+fp/hard\libgcc.a(_aeabi_uldivmod.o)
 .ARM.attributes
                0x0000000000000885       0x34 c:/st/stm32cubeide_1.12.1/stm32cubeide/plugins/com.st.stm32cube.ide.mcu.externaltools.gnu-tools-for-stm32.10.3-2021.10.win32_1.0.200.202301161003/tools/bin/../lib/gcc/arm-none-eabi/10.3.1/thumb/v7e-m+fp/hard\libgcc.a(_udivmoddi4.o)
 .ARM.attributes
                0x00000000000008b9       0x1e c:/st/stm32cubeide_1.12.1/stm32cubeide/plugins/com.st.stm32cube.ide.mcu.externaltools.gnu-tools-for-stm32.10.3-2021.10.win32_1.0.200.202301161003/tools/bin/../lib/gcc/arm-none-eabi/10.3.1/thumb/v7e-m+fp/hard\libgcc.a(_dvmd_tls.o)
 .ARM.attributes
                0x00000000000008d7       0x34 c:/st/stm32cubeide_1.12.1/stm32cubeide/plugins/com.st.stm32cube.ide.mcu.externaltools.gnu-tools-for-stm32.10.3-2021.10.win32_1.0.200.202301161003/tools/bin/../lib/gcc/arm-none-eabi/10.3.1/../../../../arm-none-eabi/lib/thumb/v7e-m+fp/hard\libnosys.a(sbrk.o)
 .ARM.attributes
                0x000000000000090b       0x1e c:/st/stm32cubeide_1.12.1/stm32cubeide/plugins/com.st.stm32cube.ide.mcu.externaltools.gnu-tools-for-stm32.10.3-2021.10.win32_1.0.200.202301161003/tools/bin/../lib/gcc/arm-none-eabi/10.3.1/thumb/v7e-m+fp/hard/crtn.o
OUTPUT(001Tasks.elf elf32-littlearm)
LOAD linker stubs
LOAD c:/st/stm32cubeide_1.12.1/stm32cubeide/plugins/com.st.stm32cube.ide.mcu.externaltools.gnu-tools-for-stm32.10.3-2021.10.win32_1.0.200.202301161003/tools/bin/../lib/gcc/arm-none-eabi/10.3.1/../../../../arm-none-eabi/lib/thumb/v7e-m+fp/hard\libc.a
LOAD c:/st/stm32cubeide_1.12.1/stm32cubeide/plugins/com.st.stm32cube.ide.mcu.externaltools.gnu-tools-for-stm32.10.3-2021.10.win32_1.0.200.202301161003/tools/bin/../lib/gcc/arm-none-eabi/10.3.1/../../../../arm-none-eabi/lib/thumb/v7e-m+fp/hard\libm.a
LOAD c:/st/stm32cubeide_1.12.1/stm32cubeide/plugins/com.st.stm32cube.ide.mcu.externaltools.gnu-tools-for-stm32.10.3-2021.10.win32_1.0.200.202301161003/tools/bin/../lib/gcc/arm-none-eabi/10.3.1/thumb/v7e-m+fp/hard\libgcc.a

.debug_info     0x0000000000000000    0x12dad
 .debug_info    0x0000000000000000      0xf82 ./Core/Src/main.o
 .debug_info    0x0000000000000f82      0x2ef ./Core/Src/stm32f4xx_hal_msp.o
 .debug_info    0x0000000000001271      0xca1 ./Core/Src/stm32f4xx_hal_timebase_tim.o
 .debug_info    0x0000000000001f12      0x6f8 ./Core/Src/stm32f4xx_it.o
 .debug_info    0x000000000000260a      0x55b ./Core/Src/system_stm32f4xx.o
 .debug_info    0x0000000000002b65       0x22 ./Core/Startup/startup_stm32f446retx.o
 .debug_info    0x0000000000002b87      0x9d2 ./Drivers/STM32F4xx_HAL_Driver/Src/stm32f4xx_hal.o
 .debug_info    0x0000000000003559      0xe39 ./Drivers/STM32F4xx_HAL_Driver/Src/stm32f4xx_hal_cortex.o
 .debug_info    0x0000000000004392      0x7be ./Drivers/STM32F4xx_HAL_Driver/Src/stm32f4xx_hal_gpio.o
 .debug_info    0x0000000000004b50      0x9ab ./Drivers/STM32F4xx_HAL_Driver/Src/stm32f4xx_hal_rcc.o
 .debug_info    0x00000000000054fb      0x9ec ./Drivers/STM32F4xx_HAL_Driver/Src/stm32f4xx_hal_rcc_ex.o
 .debug_info    0x0000000000005ee7     0x2bbe ./Drivers/STM32F4xx_HAL_Driver/Src/stm32f4xx_hal_tim.o
 .debug_info    0x0000000000008aa5     0x15e0 ./Drivers/STM32F4xx_HAL_Driver/Src/stm32f4xx_hal_tim_ex.o
 .debug_info    0x000000000000a085      0x2d1 ./ThirdParty/FreeRTOS/list.o
 .debug_info    0x000000000000a356     0x234c ./ThirdParty/FreeRTOS/tasks.o
 .debug_info    0x000000000000c6a2      0x5ca ./ThirdParty/FreeRTOS/portable/GCC/ARM_CM4F/port.o
 .debug_info    0x000000000000cc6c      0x50d ./ThirdParty/FreeRTOS/portable/MemMang/heap_4.o
 .debug_info    0x000000000000d179      0x183 ./ThirdParty/SEGGER/Config/SEGGER_SYSVIEW_Config_FreeRTOS.o
 .debug_info    0x000000000000d2fc      0x43e ./ThirdParty/SEGGER/OS/SEGGER_SYSVIEW_FreeRTOS.o
 .debug_info    0x000000000000d73a      0x93c ./ThirdParty/SEGGER/Rec/segger_uart.o
 .debug_info    0x000000000000e076     0x14ff ./ThirdParty/SEGGER/SEGGER/SEGGER_RTT.o
 .debug_info    0x000000000000f575       0x26 ./ThirdParty/SEGGER/SEGGER/SEGGER_RTT_ASM_ARMv7M.o
 .debug_info    0x000000000000f59b     0x3812 ./ThirdParty/SEGGER/SEGGER/SEGGER_SYSVIEW.o

.debug_abbrev   0x0000000000000000     0x2c38
 .debug_abbrev  0x0000000000000000      0x30c ./Core/Src/main.o
 .debug_abbrev  0x000000000000030c       0xe7 ./Core/Src/stm32f4xx_hal_msp.o
 .debug_abbrev  0x00000000000003f3      0x1e6 ./Core/Src/stm32f4xx_hal_timebase_tim.o
 .debug_abbrev  0x00000000000005d9      0x171 ./Core/Src/stm32f4xx_it.o
 .debug_abbrev  0x000000000000074a      0x116 ./Core/Src/system_stm32f4xx.o
 .debug_abbrev  0x0000000000000860       0x12 ./Core/Startup/startup_stm32f446retx.o
 .debug_abbrev  0x0000000000000872      0x20d ./Drivers/STM32F4xx_HAL_Driver/Src/stm32f4xx_hal.o
 .debug_abbrev  0x0000000000000a7f      0x316 ./Drivers/STM32F4xx_HAL_Driver/Src/stm32f4xx_hal_cortex.o
 .debug_abbrev  0x0000000000000d95      0x1c4 ./Drivers/STM32F4xx_HAL_Driver/Src/stm32f4xx_hal_gpio.o
 .debug_abbrev  0x0000000000000f59      0x2aa ./Drivers/STM32F4xx_HAL_Driver/Src/stm32f4xx_hal_rcc.o
 .debug_abbrev  0x0000000000001203      0x1fb ./Drivers/STM32F4xx_HAL_Driver/Src/stm32f4xx_hal_rcc_ex.o
 .debug_abbrev  0x00000000000013fe      0x25d ./Drivers/STM32F4xx_HAL_Driver/Src/stm32f4xx_hal_tim.o
 .debug_abbrev  0x000000000000165b      0x265 ./Drivers/STM32F4xx_HAL_Driver/Src/stm32f4xx_hal_tim_ex.o
 .debug_abbrev  0x00000000000018c0       0xf2 ./ThirdParty/FreeRTOS/list.o
 .debug_abbrev  0x00000000000019b2      0x38a ./ThirdParty/FreeRTOS/tasks.o
 .debug_abbrev  0x0000000000001d3c      0x259 ./ThirdParty/FreeRTOS/portable/GCC/ARM_CM4F/port.o
 .debug_abbrev  0x0000000000001f95      0x212 ./ThirdParty/FreeRTOS/portable/MemMang/heap_4.o
 .debug_abbrev  0x00000000000021a7       0xf2 ./ThirdParty/SEGGER/Config/SEGGER_SYSVIEW_Config_FreeRTOS.o
 .debug_abbrev  0x0000000000002299      0x189 ./ThirdParty/SEGGER/OS/SEGGER_SYSVIEW_FreeRTOS.o
 .debug_abbrev  0x0000000000002422      0x27b ./ThirdParty/SEGGER/Rec/segger_uart.o
 .debug_abbrev  0x000000000000269d      0x24e ./ThirdParty/SEGGER/SEGGER/SEGGER_RTT.o
 .debug_abbrev  0x00000000000028eb       0x14 ./ThirdParty/SEGGER/SEGGER/SEGGER_RTT_ASM_ARMv7M.o
 .debug_abbrev  0x00000000000028ff      0x339 ./ThirdParty/SEGGER/SEGGER/SEGGER_SYSVIEW.o

.debug_aranges  0x0000000000000000     0x11a0
 .debug_aranges
                0x0000000000000000       0x50 ./Core/Src/main.o
 .debug_aranges
                0x0000000000000050       0x20 ./Core/Src/stm32f4xx_hal_msp.o
 .debug_aranges
                0x0000000000000070       0x30 ./Core/Src/stm32f4xx_hal_timebase_tim.o
 .debug_aranges
                0x00000000000000a0       0x50 ./Core/Src/stm32f4xx_it.o
 .debug_aranges
                0x00000000000000f0       0x28 ./Core/Src/system_stm32f4xx.o
 .debug_aranges
                0x0000000000000118       0x28 ./Core/Startup/startup_stm32f446retx.o
 .debug_aranges
                0x0000000000000140       0xf0 ./Drivers/STM32F4xx_HAL_Driver/Src/stm32f4xx_hal.o
 .debug_aranges
                0x0000000000000230      0x118 ./Drivers/STM32F4xx_HAL_Driver/Src/stm32f4xx_hal_cortex.o
 .debug_aranges
                0x0000000000000348       0x58 ./Drivers/STM32F4xx_HAL_Driver/Src/stm32f4xx_hal_gpio.o
 .debug_aranges
                0x00000000000003a0       0x88 ./Drivers/STM32F4xx_HAL_Driver/Src/stm32f4xx_hal_rcc.o
 .debug_aranges
                0x0000000000000428       0x78 ./Drivers/STM32F4xx_HAL_Driver/Src/stm32f4xx_hal_rcc_ex.o
 .debug_aranges
                0x00000000000004a0      0x3d0 ./Drivers/STM32F4xx_HAL_Driver/Src/stm32f4xx_hal_tim.o
 .debug_aranges
                0x0000000000000870      0x168 ./Drivers/STM32F4xx_HAL_Driver/Src/stm32f4xx_hal_tim_ex.o
 .debug_aranges
                0x00000000000009d8       0x40 ./ThirdParty/FreeRTOS/list.o
 .debug_aranges
                0x0000000000000a18      0x1f8 ./ThirdParty/FreeRTOS/tasks.o
 .debug_aranges
                0x0000000000000c10       0x88 ./ThirdParty/FreeRTOS/portable/GCC/ARM_CM4F/port.o
 .debug_aranges
                0x0000000000000c98       0x58 ./ThirdParty/FreeRTOS/portable/MemMang/heap_4.o
 .debug_aranges
                0x0000000000000cf0       0x28 ./ThirdParty/SEGGER/Config/SEGGER_SYSVIEW_Config_FreeRTOS.o
 .debug_aranges
                0x0000000000000d18       0x48 ./ThirdParty/SEGGER/OS/SEGGER_SYSVIEW_FreeRTOS.o
 .debug_aranges
                0x0000000000000d60       0x68 ./ThirdParty/SEGGER/Rec/segger_uart.o
 .debug_aranges
                0x0000000000000dc8      0x138 ./ThirdParty/SEGGER/SEGGER/SEGGER_RTT.o
 .debug_aranges
                0x0000000000000f00       0x20 ./ThirdParty/SEGGER/SEGGER/SEGGER_RTT_ASM_ARMv7M.o
 .debug_aranges
                0x0000000000000f20      0x280 ./ThirdParty/SEGGER/SEGGER/SEGGER_SYSVIEW.o

.debug_ranges   0x0000000000000000     0x1028
 .debug_ranges  0x0000000000000000       0x40 ./Core/Src/main.o
 .debug_ranges  0x0000000000000040       0x10 ./Core/Src/stm32f4xx_hal_msp.o
 .debug_ranges  0x0000000000000050       0x20 ./Core/Src/stm32f4xx_hal_timebase_tim.o
 .debug_ranges  0x0000000000000070       0x40 ./Core/Src/stm32f4xx_it.o
 .debug_ranges  0x00000000000000b0       0x18 ./Core/Src/system_stm32f4xx.o
 .debug_ranges  0x00000000000000c8       0x20 ./Core/Startup/startup_stm32f446retx.o
 .debug_ranges  0x00000000000000e8       0xe0 ./Drivers/STM32F4xx_HAL_Driver/Src/stm32f4xx_hal.o
 .debug_ranges  0x00000000000001c8      0x108 ./Drivers/STM32F4xx_HAL_Driver/Src/stm32f4xx_hal_cortex.o
 .debug_ranges  0x00000000000002d0       0x48 ./Drivers/STM32F4xx_HAL_Driver/Src/stm32f4xx_hal_gpio.o
 .debug_ranges  0x0000000000000318       0x78 ./Drivers/STM32F4xx_HAL_Driver/Src/stm32f4xx_hal_rcc.o
 .debug_ranges  0x0000000000000390       0x68 ./Drivers/STM32F4xx_HAL_Driver/Src/stm32f4xx_hal_rcc_ex.o
 .debug_ranges  0x00000000000003f8      0x3c0 ./Drivers/STM32F4xx_HAL_Driver/Src/stm32f4xx_hal_tim.o
 .debug_ranges  0x00000000000007b8      0x158 ./Drivers/STM32F4xx_HAL_Driver/Src/stm32f4xx_hal_tim_ex.o
 .debug_ranges  0x0000000000000910       0x30 ./ThirdParty/FreeRTOS/list.o
 .debug_ranges  0x0000000000000940      0x1e8 ./ThirdParty/FreeRTOS/tasks.o
 .debug_ranges  0x0000000000000b28       0x78 ./ThirdParty/FreeRTOS/portable/GCC/ARM_CM4F/port.o
 .debug_ranges  0x0000000000000ba0       0x48 ./ThirdParty/FreeRTOS/portable/MemMang/heap_4.o
 .debug_ranges  0x0000000000000be8       0x18 ./ThirdParty/SEGGER/Config/SEGGER_SYSVIEW_Config_FreeRTOS.o
 .debug_ranges  0x0000000000000c00       0x38 ./ThirdParty/SEGGER/OS/SEGGER_SYSVIEW_FreeRTOS.o
 .debug_ranges  0x0000000000000c38       0x58 ./ThirdParty/SEGGER/Rec/segger_uart.o
 .debug_ranges  0x0000000000000c90      0x128 ./ThirdParty/SEGGER/SEGGER/SEGGER_RTT.o
 .debug_ranges  0x0000000000000db8      0x270 ./ThirdParty/SEGGER/SEGGER/SEGGER_SYSVIEW.o

.debug_macro    0x0000000000000000    0x24522
 .debug_macro   0x0000000000000000      0x431 ./Core/Src/main.o
 .debug_macro   0x0000000000000431      0xa78 ./Core/Src/main.o
 .debug_macro   0x0000000000000ea9      0x295 ./Core/Src/main.o
 .debug_macro   0x000000000000113e       0x2e ./Core/Src/main.o
 .debug_macro   0x000000000000116c       0x28 ./Core/Src/main.o
 .debug_macro   0x0000000000001194       0x22 ./Core/Src/main.o
 .debug_macro   0x00000000000011b6       0x8e ./Core/Src/main.o
 .debug_macro   0x0000000000001244       0x51 ./Core/Src/main.o
 .debug_macro   0x0000000000001295      0x103 ./Core/Src/main.o
 .debug_macro   0x0000000000001398       0x6a ./Core/Src/main.o
 .debug_macro   0x0000000000001402      0x1df ./Core/Src/main.o
 .debug_macro   0x00000000000015e1       0x1c ./Core/Src/main.o
 .debug_macro   0x00000000000015fd       0x22 ./Core/Src/main.o
 .debug_macro   0x000000000000161f       0xd9 ./Core/Src/main.o
 .debug_macro   0x00000000000016f8     0x102d ./Core/Src/main.o
 .debug_macro   0x0000000000002725      0x11f ./Core/Src/main.o
 .debug_macro   0x0000000000002844    0x16749 ./Core/Src/main.o
 .debug_macro   0x0000000000018f8d       0x6d ./Core/Src/main.o
 .debug_macro   0x0000000000018ffa     0x367e ./Core/Src/main.o
 .debug_macro   0x000000000001c678      0x174 ./Core/Src/main.o
 .debug_macro   0x000000000001c7ec       0x5c ./Core/Src/main.o
 .debug_macro   0x000000000001c848      0xc90 ./Core/Src/main.o
 .debug_macro   0x000000000001d4d8      0x9fe ./Core/Src/main.o
 .debug_macro   0x000000000001ded6      0x115 ./Core/Src/main.o
 .debug_macro   0x000000000001dfeb      0x1a0 ./Core/Src/main.o
 .debug_macro   0x000000000001e18b       0xa5 ./Core/Src/main.o
 .debug_macro   0x000000000001e230      0x16d ./Core/Src/main.o
 .debug_macro   0x000000000001e39d      0x287 ./Core/Src/main.o
 .debug_macro   0x000000000001e624       0x5f ./Core/Src/main.o
 .debug_macro   0x000000000001e683      0x236 ./Core/Src/main.o
 .debug_macro   0x000000000001e8b9      0x132 ./Core/Src/main.o
 .debug_macro   0x000000000001e9eb      0x29c ./Core/Src/main.o
 .debug_macro   0x000000000001ec87       0x2e ./Core/Src/main.o
 .debug_macro   0x000000000001ecb5      0x11a ./Core/Src/main.o
 .debug_macro   0x000000000001edcf       0xe8 ./Core/Src/main.o
 .debug_macro   0x000000000001eeb7       0x89 ./Core/Src/main.o
 .debug_macro   0x000000000001ef40      0x8e6 ./Core/Src/main.o
 .debug_macro   0x000000000001f826       0x4d ./Core/Src/main.o
 .debug_macro   0x000000000001f873      0x126 ./Core/Src/main.o
 .debug_macro   0x000000000001f999       0x58 ./Core/Src/main.o
 .debug_macro   0x000000000001f9f1       0x52 ./Core/Src/main.o
 .debug_macro   0x000000000001fa43       0x1e ./Core/Src/main.o
 .debug_macro   0x000000000001fa61       0x3c ./Core/Src/main.o
 .debug_macro   0x000000000001fa9d       0x34 ./Core/Src/main.o
 .debug_macro   0x000000000001fad1       0x16 ./Core/Src/main.o
 .debug_macro   0x000000000001fae7       0x35 ./Core/Src/main.o
 .debug_macro   0x000000000001fb1c      0x341 ./Core/Src/main.o
 .debug_macro   0x000000000001fe5d       0x10 ./Core/Src/main.o
 .debug_macro   0x000000000001fe6d       0x16 ./Core/Src/main.o
 .debug_macro   0x000000000001fe83       0x43 ./Core/Src/main.o
 .debug_macro   0x000000000001fec6       0x34 ./Core/Src/main.o
 .debug_macro   0x000000000001fefa       0x10 ./Core/Src/main.o
 .debug_macro   0x000000000001ff0a       0x58 ./Core/Src/main.o
 .debug_macro   0x000000000001ff62       0x71 ./Core/Src/main.o
 .debug_macro   0x000000000001ffd3       0x1c ./Core/Src/main.o
 .debug_macro   0x000000000001ffef      0x12a ./Core/Src/main.o
 .debug_macro   0x0000000000020119       0x10 ./Core/Src/main.o
 .debug_macro   0x0000000000020129       0x1c ./Core/Src/main.o
 .debug_macro   0x0000000000020145       0x52 ./Core/Src/main.o
 .debug_macro   0x0000000000020197       0x22 ./Core/Src/main.o
 .debug_macro   0x00000000000201b9       0x10 ./Core/Src/main.o
 .debug_macro   0x00000000000201c9       0x52 ./Core/Src/main.o
 .debug_macro   0x000000000002021b       0xd5 ./Core/Src/main.o
 .debug_macro   0x00000000000202f0       0x1c ./Core/Src/main.o
 .debug_macro   0x000000000002030c       0x3d ./Core/Src/main.o
 .debug_macro   0x0000000000020349       0x16 ./Core/Src/main.o
 .debug_macro   0x000000000002035f      0x145 ./Core/Src/main.o
 .debug_macro   0x00000000000204a4      0x112 ./Core/Src/main.o
 .debug_macro   0x00000000000205b6       0x4c ./Core/Src/main.o
 .debug_macro   0x0000000000020602       0x46 ./Core/Src/main.o
 .debug_macro   0x0000000000020648       0x64 ./Core/Src/main.o
 .debug_macro   0x00000000000206ac       0x16 ./Core/Src/main.o
 .debug_macro   0x00000000000206c2       0x49 ./Core/Src/main.o
 .debug_macro   0x000000000002070b       0xbc ./Core/Src/main.o
 .debug_macro   0x00000000000207c7      0x204 ./Core/Src/main.o
 .debug_macro   0x00000000000209cb      0x450 ./Core/Src/main.o
 .debug_macro   0x0000000000020e1b      0x15a ./Core/Src/main.o
 .debug_macro   0x0000000000020f75       0xea ./Core/Src/main.o
 .debug_macro   0x000000000002105f       0x1c ./Core/Src/main.o
 .debug_macro   0x000000000002107b       0x26 ./Core/Src/main.o
 .debug_macro   0x00000000000210a1      0x3d0 ./Core/Src/main.o
 .debug_macro   0x0000000000021471       0xb5 ./Core/Src/main.o
 .debug_macro   0x0000000000021526      0x120 ./Core/Src/main.o
 .debug_macro   0x0000000000021646       0x16 ./Core/Src/main.o
 .debug_macro   0x000000000002165c       0x20 ./Core/Src/main.o
 .debug_macro   0x000000000002167c      0x284 ./Core/Src/stm32f4xx_hal_msp.o
 .debug_macro   0x0000000000021900       0x58 ./Core/Src/stm32f4xx_hal_msp.o
 .debug_macro   0x0000000000021958      0x1c4 ./Core/Src/stm32f4xx_hal_timebase_tim.o
 .debug_macro   0x0000000000021b1c      0x1dd ./Core/Src/stm32f4xx_it.o
 .debug_macro   0x0000000000021cf9      0x1c4 ./Core/Src/system_stm32f4xx.o
 .debug_macro   0x0000000000021ebd      0x224 ./Drivers/STM32F4xx_HAL_Driver/Src/stm32f4xx_hal.o
 .debug_macro   0x00000000000220e1      0x1c4 ./Drivers/STM32F4xx_HAL_Driver/Src/stm32f4xx_hal_cortex.o
 .debug_macro   0x00000000000222a5      0x1ca ./Drivers/STM32F4xx_HAL_Driver/Src/stm32f4xx_hal_gpio.o
 .debug_macro   0x000000000002246f      0x1e8 ./Drivers/STM32F4xx_HAL_Driver/Src/stm32f4xx_hal_rcc.o
 .debug_macro   0x0000000000022657      0x1c4 ./Drivers/STM32F4xx_HAL_Driver/Src/stm32f4xx_hal_rcc_ex.o
 .debug_macro   0x000000000002281b      0x1c5 ./Drivers/STM32F4xx_HAL_Driver/Src/stm32f4xx_hal_tim.o
 .debug_macro   0x00000000000229e0      0x1c4 ./Drivers/STM32F4xx_HAL_Driver/Src/stm32f4xx_hal_tim_ex.o
 .debug_macro   0x0000000000022ba4      0x1f4 ./ThirdParty/FreeRTOS/list.o
 .debug_macro   0x0000000000022d98      0x2e1 ./ThirdParty/FreeRTOS/tasks.o
 .debug_macro   0x0000000000023079       0x10 ./ThirdParty/FreeRTOS/tasks.o
 .debug_macro   0x0000000000023089      0x1f7 ./ThirdParty/FreeRTOS/portable/GCC/ARM_CM4F/port.o
 .debug_macro   0x0000000000023280      0x20f ./ThirdParty/FreeRTOS/portable/MemMang/heap_4.o
 .debug_macro   0x000000000002348f      0x137 ./ThirdParty/SEGGER/Config/SEGGER_SYSVIEW_Config_FreeRTOS.o
 .debug_macro   0x00000000000235c6      0x203 ./ThirdParty/SEGGER/OS/SEGGER_SYSVIEW_FreeRTOS.o
 .debug_macro   0x00000000000237c9      0x41c ./ThirdParty/SEGGER/Rec/segger_uart.o
 .debug_macro   0x0000000000023be5       0x3a ./ThirdParty/SEGGER/Rec/segger_uart.o
 .debug_macro   0x0000000000023c1f      0x138 ./ThirdParty/SEGGER/Rec/segger_uart.o
 .debug_macro   0x0000000000023d57       0x56 ./ThirdParty/SEGGER/Rec/segger_uart.o
 .debug_macro   0x0000000000023dad      0x1bd ./ThirdParty/SEGGER/SEGGER/SEGGER_RTT.o
 .debug_macro   0x0000000000023f6a       0x34 ./ThirdParty/SEGGER/SEGGER/SEGGER_RTT.o
 .debug_macro   0x0000000000023f9e      0x212 ./ThirdParty/SEGGER/SEGGER/SEGGER_SYSVIEW.o
 .debug_macro   0x00000000000241b0      0x204 ./ThirdParty/SEGGER/SEGGER/SEGGER_SYSVIEW.o
 .debug_macro   0x00000000000243b4      0x16e ./ThirdParty/SEGGER/SEGGER/SEGGER_SYSVIEW.o

.debug_line     0x0000000000000000    0x14c1f
 .debug_line    0x0000000000000000      0xde5 ./Core/Src/main.o
 .debug_line    0x0000000000000de5      0xa4e ./Core/Src/stm32f4xx_hal_msp.o
 .debug_line    0x0000000000001833      0x727 ./Core/Src/stm32f4xx_hal_timebase_tim.o
 .debug_line    0x0000000000001f5a      0x748 ./Core/Src/stm32f4xx_it.o
 .debug_line    0x00000000000026a2      0x72d ./Core/Src/system_stm32f4xx.o
 .debug_line    0x0000000000002dcf       0x88 ./Core/Startup/startup_stm32f446retx.o
 .debug_line    0x0000000000002e57      0x993 ./Drivers/STM32F4xx_HAL_Driver/Src/stm32f4xx_hal.o
 .debug_line    0x00000000000037ea      0xc42 ./Drivers/STM32F4xx_HAL_Driver/Src/stm32f4xx_hal_cortex.o
 .debug_line    0x000000000000442c      0xaf3 ./Drivers/STM32F4xx_HAL_Driver/Src/stm32f4xx_hal_gpio.o