14:35:06 **** Incremental Build of configuration Debug for project rainbow_bars_lcd_tft_display ****
make -j8 all 
arm-none-eabi-gcc -o "rainbow_bars_lcd_tft_display.elf" @"objects.list"   -mcpu=cortex-m4 -T"C:\Users\hj.abijuru\Documents\formations_udemy\formation_graphic_hmis_stm32\rainbow_bars_lcd_tft_display\STM32L476ZGTX_FLASH.ld" --specs=nosys.specs -Wl,-Map="rainbow_bars_lcd_tft_display.map" -Wl,--gc-sections -static --specs=nano.specs -mfpu=fpv4-sp-d16 -mfloat-abi=soft -mthumb -Wl,--start-group -lc -lm -Wl,--end-group
Finished building target: rainbow_bars_lcd_tft_display.elf
 
arm-none-eabi-size   rainbow_bars_lcd_tft_display.elf 
arm-none-eabi-objdump -h -S  rainbow_bars_lcd_tft_display.elf  > "rainbow_bars_lcd_tft_display.list"
   text	   data	    bss	    dec	    hex	filename
    748	      8	   1568	   2324	    914	rainbow_bars_lcd_tft_display.elf
Finished building: default.size.stdout
 
Finished building: rainbow_bars_lcd_tft_display.list
 
16:09:49 **** Build of configuration Debug for project TouchSensing_1touchkey ****
make -j8 all 
arm-none-eabi-gcc "C:/Users/hj.abijuru/Documents/STM32CubeL4/Middlewares/ST/STM32_TouchSensing_Library/src/tsl.c" -mcpu=cortex-m4 -std=gnu11 -g3 -DDEBUG -DUSE_STM32L476G_EVAL_REVB -DUSE_HAL_DRIVER -DSTM32L476xx -DUSE_IOEXPANDER -c -I../../Inc -I../../../../../../../Drivers/CMSIS/Include -I../../../../../../../Drivers/CMSIS/Device/ST/STM32L4xx/Include -I../../../../../../../Drivers/STM32L4xx_HAL_Driver/Inc -I../../../../../../../Drivers/BSP/STM32L476G_EVAL -I../../../../../../../Drivers/BSP/Components/Common -I../../../../../../../Utilities/Log -I../../../../../../../Utilities/CPU -I../../../../../../../Middlewares/ST/STM32_TouchSensing_Library/inc -O0 -ffunction-sections -fdata-sections -Wall -fstack-usage -fcyclomatic-complexity -MMD -MP -MF"Middlewares/STM32_TouchSensing_Library/tsl.d" -MT"Middlewares/STM32_TouchSensing_Library/tsl.o" --specs=nano.specs -mfpu=fpv4-sp-d16 -mfloat-abi=hard -mthumb -o "Middlewares/STM32_TouchSensing_Library/tsl.o"
arm-none-eabi-gcc "C:/Users/hj.abijuru/Documents/STM32CubeL4/Middlewares/ST/STM32_TouchSensing_Library/src/tsl_acq.c" -mcpu=cortex-m4 -std=gnu11 -g3 -DDEBUG -DUSE_STM32L476G_EVAL_REVB -DUSE_HAL_DRIVER -DSTM32L476xx -DUSE_IOEXPANDER -c -I../../Inc -I../../../../../../../Drivers/CMSIS/Include -I../../../../../../../Drivers/CMSIS/Device/ST/STM32L4xx/Include -I../../../../../../../Drivers/STM32L4xx_HAL_Driver/Inc -I../../../../../../../Drivers/BSP/STM32L476G_EVAL -I../../../../../../../Drivers/BSP/Components/Common -I../../../../../../../Utilities/Log -I../../../../../../../Utilities/CPU -I../../../../../../../Middlewares/ST/STM32_TouchSensing_Library/inc -O0 -ffunction-sections -fdata-sections -Wall -fstack-usage -fcyclomatic-complexity -MMD -MP -MF"Middlewares/STM32_TouchSensing_Library/tsl_acq.d" -MT"Middlewares/STM32_TouchSensing_Library/tsl_acq.o" --specs=nano.specs -mfpu=fpv4-sp-d16 -mfloat-abi=hard -mthumb -o "Middlewares/STM32_TouchSensing_Library/tsl_acq.o"
arm-none-eabi-gcc "C:/Users/hj.abijuru/Documents/STM32CubeL4/Middlewares/ST/STM32_TouchSensing_Library/src/tsl_acq_tsc.c" -mcpu=cortex-m4 -std=gnu11 -g3 -DDEBUG -DUSE_STM32L476G_EVAL_REVB -DUSE_HAL_DRIVER -DSTM32L476xx -DUSE_IOEXPANDER -c -I../../Inc -I../../../../../../../Drivers/CMSIS/Include -I../../../../../../../Drivers/CMSIS/Device/ST/STM32L4xx/Include -I../../../../../../../Drivers/STM32L4xx_HAL_Driver/Inc -I../../../../../../../Drivers/BSP/STM32L476G_EVAL -I../../../../../../../Drivers/BSP/Components/Common -I../../../../../../../Utilities/Log -I../../../../../../../Utilities/CPU -I../../../../../../../Middlewares/ST/STM32_TouchSensing_Library/inc -O0 -ffunction-sections -fdata-sections -Wall -fstack-usage -fcyclomatic-complexity -MMD -MP -MF"Middlewares/STM32_TouchSensing_Library/tsl_acq_tsc.d" -MT"Middlewares/STM32_TouchSensing_Library/tsl_acq_tsc.o" --specs=nano.specs -mfpu=fpv4-sp-d16 -mfloat-abi=hard -mthumb -o "Middlewares/STM32_TouchSensing_Library/tsl_acq_tsc.o"
arm-none-eabi-gcc "C:/Users/hj.abijuru/Documents/STM32CubeL4/Middlewares/ST/STM32_TouchSensing_Library/src/tsl_dxs.c" -mcpu=cortex-m4 -std=gnu11 -g3 -DDEBUG -DUSE_STM32L476G_EVAL_REVB -DUSE_HAL_DRIVER -DSTM32L476xx -DUSE_IOEXPANDER -c -I../../Inc -I../../../../../../../Drivers/CMSIS/Include -I../../../../../../../Drivers/CMSIS/Device/ST/STM32L4xx/Include -I../../../../../../../Drivers/STM32L4xx_HAL_Driver/Inc -I../../../../../../../Drivers/BSP/STM32L476G_EVAL -I../../../../../../../Drivers/BSP/Components/Common -I../../../../../../../Utilities/Log -I../../../../../../../Utilities/CPU -I../../../../../../../Middlewares/ST/STM32_TouchSensing_Library/inc -O0 -ffunction-sections -fdata-sections -Wall -fstack-usage -fcyclomatic-complexity -MMD -MP -MF"Middlewares/STM32_TouchSensing_Library/tsl_dxs.d" -MT"Middlewares/STM32_TouchSensing_Library/tsl_dxs.o" --specs=nano.specs -mfpu=fpv4-sp-d16 -mfloat-abi=hard -mthumb -o "Middlewares/STM32_TouchSensing_Library/tsl_dxs.o"
arm-none-eabi-gcc "C:/Users/hj.abijuru/Documents/STM32CubeL4/Middlewares/ST/STM32_TouchSensing_Library/src/tsl_ecs.c" -mcpu=cortex-m4 -std=gnu11 -g3 -DDEBUG -DUSE_STM32L476G_EVAL_REVB -DUSE_HAL_DRIVER -DSTM32L476xx -DUSE_IOEXPANDER -c -I../../Inc -I../../../../../../../Drivers/CMSIS/Include -I../../../../../../../Drivers/CMSIS/Device/ST/STM32L4xx/Include -I../../../../../../../Drivers/STM32L4xx_HAL_Driver/Inc -I../../../../../../../Drivers/BSP/STM32L476G_EVAL -I../../../../../../../Drivers/BSP/Components/Common -I../../../../../../../Utilities/Log -I../../../../../../../Utilities/CPU -I../../../../../../../Middlewares/ST/STM32_TouchSensing_Library/inc -O0 -ffunction-sections -fdata-sections -Wall -fstack-usage -fcyclomatic-complexity -MMD -MP -MF"Middlewares/STM32_TouchSensing_Library/tsl_ecs.d" -MT"Middlewares/STM32_TouchSensing_Library/tsl_ecs.o" --specs=nano.specs -mfpu=fpv4-sp-d16 -mfloat-abi=hard -mthumb -o "Middlewares/STM32_TouchSensing_Library/tsl_ecs.o"
arm-none-eabi-gcc "C:/Users/hj.abijuru/Documents/STM32CubeL4/Middlewares/ST/STM32_TouchSensing_Library/src/tsl_filter.c" -mcpu=cortex-m4 -std=gnu11 -g3 -DDEBUG -DUSE_STM32L476G_EVAL_REVB -DUSE_HAL_DRIVER -DSTM32L476xx -DUSE_IOEXPANDER -c -I../../Inc -I../../../../../../../Drivers/CMSIS/Include -I../../../../../../../Drivers/CMSIS/Device/ST/STM32L4xx/Include -I../../../../../../../Drivers/STM32L4xx_HAL_Driver/Inc -I../../../../../../../Drivers/BSP/STM32L476G_EVAL -I../../../../../../../Drivers/BSP/Components/Common -I../../../../../../../Utilities/Log -I../../../../../../../Utilities/CPU -I../../../../../../../Middlewares/ST/STM32_TouchSensing_Library/inc -O0 -ffunction-sections -fdata-sections -Wall -fstack-usage -fcyclomatic-complexity -MMD -MP -MF"Middlewares/STM32_TouchSensing_Library/tsl_filter.d" -MT"Middlewares/STM32_TouchSensing_Library/tsl_filter.o" --specs=nano.specs -mfpu=fpv4-sp-d16 -mfloat-abi=hard -mthumb -o "Middlewares/STM32_TouchSensing_Library/tsl_filter.o"
arm-none-eabi-gcc "C:/Users/hj.abijuru/Documents/STM32CubeL4/Middlewares/ST/STM32_TouchSensing_Library/src/tsl_globals.c" -mcpu=cortex-m4 -std=gnu11 -g3 -DDEBUG -DUSE_STM32L476G_EVAL_REVB -DUSE_HAL_DRIVER -DSTM32L476xx -DUSE_IOEXPANDER -c -I../../Inc -I../../../../../../../Drivers/CMSIS/Include -I../../../../../../../Drivers/CMSIS/Device/ST/STM32L4xx/Include -I../../../../../../../Drivers/STM32L4xx_HAL_Driver/Inc -I../../../../../../../Drivers/BSP/STM32L476G_EVAL -I../../../../../../../Drivers/BSP/Components/Common -I../../../../../../../Utilities/Log -I../../../../../../../Utilities/CPU -I../../../../../../../Middlewares/ST/STM32_TouchSensing_Library/inc -O0 -ffunction-sections -fdata-sections -Wall -fstack-usage -fcyclomatic-complexity -MMD -MP -MF"Middlewares/STM32_TouchSensing_Library/tsl_globals.d" -MT"Middlewares/STM32_TouchSensing_Library/tsl_globals.o" --specs=nano.specs -mfpu=fpv4-sp-d16 -mfloat-abi=hard -mthumb -o "Middlewares/STM32_TouchSensing_Library/tsl_globals.o"
arm-none-eabi-gcc "C:/Users/hj.abijuru/Documents/STM32CubeL4/Middlewares/ST/STM32_TouchSensing_Library/src/tsl_linrot.c" -mcpu=cortex-m4 -std=gnu11 -g3 -DDEBUG -DUSE_STM32L476G_EVAL_REVB -DUSE_HAL_DRIVER -DSTM32L476xx -DUSE_IOEXPANDER -c -I../../Inc -I../../../../../../../Drivers/CMSIS/Include -I../../../../../../../Drivers/CMSIS/Device/ST/STM32L4xx/Include -I../../../../../../../Drivers/STM32L4xx_HAL_Driver/Inc -I../../../../../../../Drivers/BSP/STM32L476G_EVAL -I../../../../../../../Drivers/BSP/Components/Common -I../../../../../../../Utilities/Log -I../../../../../../../Utilities/CPU -I../../../../../../../Middlewares/ST/STM32_TouchSensing_Library/inc -O0 -ffunction-sections -fdata-sections -Wall -fstack-usage -fcyclomatic-complexity -MMD -MP -MF"Middlewares/STM32_TouchSensing_Library/tsl_linrot.d" -MT"Middlewares/STM32_TouchSensing_Library/tsl_linrot.o" --specs=nano.specs -mfpu=fpv4-sp-d16 -mfloat-abi=hard -mthumb -o "Middlewares/STM32_TouchSensing_Library/tsl_linrot.o"
arm-none-eabi-gcc "C:/Users/hj.abijuru/Documents/STM32CubeL4/Middlewares/ST/STM32_TouchSensing_Library/src/tsl_object.c" -mcpu=cortex-m4 -std=gnu11 -g3 -DDEBUG -DUSE_STM32L476G_EVAL_REVB -DUSE_HAL_DRIVER -DSTM32L476xx -DUSE_IOEXPANDER -c -I../../Inc -I../../../../../../../Drivers/CMSIS/Include -I../../../../../../../Drivers/CMSIS/Device/ST/STM32L4xx/Include -I../../../../../../../Drivers/STM32L4xx_HAL_Driver/Inc -I../../../../../../../Drivers/BSP/STM32L476G_EVAL -I../../../../../../../Drivers/BSP/Components/Common -I../../../../../../../Utilities/Log -I../../../../../../../Utilities/CPU -I../../../../../../../Middlewares/ST/STM32_TouchSensing_Library/inc -O0 -ffunction-sections -fdata-sections -Wall -fstack-usage -fcyclomatic-complexity -MMD -MP -MF"Middlewares/STM32_TouchSensing_Library/tsl_object.d" -MT"Middlewares/STM32_TouchSensing_Library/tsl_object.o" --specs=nano.specs -mfpu=fpv4-sp-d16 -mfloat-abi=hard -mthumb -o "Middlewares/STM32_TouchSensing_Library/tsl_object.o"
arm-none-eabi-gcc "C:/Users/hj.abijuru/Documents/STM32CubeL4/Middlewares/ST/STM32_TouchSensing_Library/src/tsl_time.c" -mcpu=cortex-m4 -std=gnu11 -g3 -DDEBUG -DUSE_STM32L476G_EVAL_REVB -DUSE_HAL_DRIVER -DSTM32L476xx -DUSE_IOEXPANDER -c -I../../Inc -I../../../../../../../Drivers/CMSIS/Include -I../../../../../../../Drivers/CMSIS/Device/ST/STM32L4xx/Include -I../../../../../../../Drivers/STM32L4xx_HAL_Driver/Inc -I../../../../../../../Drivers/BSP/STM32L476G_EVAL -I../../../../../../../Drivers/BSP/Components/Common -I../../../../../../../Utilities/Log -I../../../../../../../Utilities/CPU -I../../../../../../../Middlewares/ST/STM32_TouchSensing_Library/inc -O0 -ffunction-sections -fdata-sections -Wall -fstack-usage -fcyclomatic-complexity -MMD -MP -MF"Middlewares/STM32_TouchSensing_Library/tsl_time.d" -MT"Middlewares/STM32_TouchSensing_Library/tsl_time.o" --specs=nano.specs -mfpu=fpv4-sp-d16 -mfloat-abi=hard -mthumb -o "Middlewares/STM32_TouchSensing_Library/tsl_time.o"
arm-none-eabi-gcc "C:/Users/hj.abijuru/Documents/STM32CubeL4/Middlewares/ST/STM32_TouchSensing_Library/src/tsl_touchkey.c" -mcpu=cortex-m4 -std=gnu11 -g3 -DDEBUG -DUSE_STM32L476G_EVAL_REVB -DUSE_HAL_DRIVER -DSTM32L476xx -DUSE_IOEXPANDER -c -I../../Inc -I../../../../../../../Drivers/CMSIS/Include -I../../../../../../../Drivers/CMSIS/Device/ST/STM32L4xx/Include -I../../../../../../../Drivers/STM32L4xx_HAL_Driver/Inc -I../../../../../../../Drivers/BSP/STM32L476G_EVAL -I../../../../../../../Drivers/BSP/Components/Common -I../../../../../../../Utilities/Log -I../../../../../../../Utilities/CPU -I../../../../../../../Middlewares/ST/STM32_TouchSensing_Library/inc -O0 -ffunction-sections -fdata-sections -Wall -fstack-usage -fcyclomatic-complexity -MMD -MP -MF"Middlewares/STM32_TouchSensing_Library/tsl_touchkey.d" -MT"Middlewares/STM32_TouchSensing_Library/tsl_touchkey.o" --specs=nano.specs -mfpu=fpv4-sp-d16 -mfloat-abi=hard -mthumb -o "Middlewares/STM32_TouchSensing_Library/tsl_touchkey.o"
arm-none-eabi-gcc "C:/Users/hj.abijuru/Documents/STM32CubeL4/Projects/STM32L476G-EVAL/Applications/TouchSensing/TouchSensing_1touchkey/Src/main.c" -mcpu=cortex-m4 -std=gnu11 -g3 -DDEBUG -DUSE_STM32L476G_EVAL_REVB -DUSE_HAL_DRIVER -DSTM32L476xx -DUSE_IOEXPANDER -c -I../../Inc -I../../../../../../../Drivers/CMSIS/Include -I../../../../../../../Drivers/CMSIS/Device/ST/STM32L4xx/Include -I../../../../../../../Drivers/STM32L4xx_HAL_Driver/Inc -I../../../../../../../Drivers/BSP/STM32L476G_EVAL -I../../../../../../../Drivers/BSP/Components/Common -I../../../../../../../Utilities/Log -I../../../../../../../Utilities/CPU -I../../../../../../../Middlewares/ST/STM32_TouchSensing_Library/inc -O0 -ffunction-sections -fdata-sections -Wall -fstack-usage -fcyclomatic-complexity -MMD -MP -MF"Example/User/main.d" -MT"Example/User/main.o" --specs=nano.specs -mfpu=fpv4-sp-d16 -mfloat-abi=hard -mthumb -o "Example/User/main.o"
arm-none-eabi-gcc "C:/Users/hj.abijuru/Documents/STM32CubeL4/Projects/STM32L476G-EVAL/Applications/TouchSensing/TouchSensing_1touchkey/Src/stm32l4xx_hal_msp.c" -mcpu=cortex-m4 -std=gnu11 -g3 -DDEBUG -DUSE_STM32L476G_EVAL_REVB -DUSE_HAL_DRIVER -DSTM32L476xx -DUSE_IOEXPANDER -c -I../../Inc -I../../../../../../../Drivers/CMSIS/Include -I../../../../../../../Drivers/CMSIS/Device/ST/STM32L4xx/Include -I../../../../../../../Drivers/STM32L4xx_HAL_Driver/Inc -I../../../../../../../Drivers/BSP/STM32L476G_EVAL -I../../../../../../../Drivers/BSP/Components/Common -I../../../../../../../Utilities/Log -I../../../../../../../Utilities/CPU -I../../../../../../../Middlewares/ST/STM32_TouchSensing_Library/inc -O0 -ffunction-sections -fdata-sections -Wall -fstack-usage -fcyclomatic-complexity -MMD -MP -MF"Example/User/stm32l4xx_hal_msp.d" -MT"Example/User/stm32l4xx_hal_msp.o" --specs=nano.specs -mfpu=fpv4-sp-d16 -mfloat-abi=hard -mthumb -o "Example/User/stm32l4xx_hal_msp.o"
arm-none-eabi-gcc "C:/Users/hj.abijuru/Documents/STM32CubeL4/Projects/STM32L476G-EVAL/Applications/TouchSensing/TouchSensing_1touchkey/Src/stm32l4xx_it.c" -mcpu=cortex-m4 -std=gnu11 -g3 -DDEBUG -DUSE_STM32L476G_EVAL_REVB -DUSE_HAL_DRIVER -DSTM32L476xx -DUSE_IOEXPANDER -c -I../../Inc -I../../../../../../../Drivers/CMSIS/Include -I../../../../../../../Drivers/CMSIS/Device/ST/STM32L4xx/Include -I../../../../../../../Drivers/STM32L4xx_HAL_Driver/Inc -I../../../../../../../Drivers/BSP/STM32L476G_EVAL -I../../../../../../../Drivers/BSP/Components/Common -I../../../../../../../Utilities/Log -I../../../../../../../Utilities/CPU -I../../../../../../../Middlewares/ST/STM32_TouchSensing_Library/inc -O0 -ffunction-sections -fdata-sections -Wall -fstack-usage -fcyclomatic-complexity -MMD -MP -MF"Example/User/stm32l4xx_it.d" -MT"Example/User/stm32l4xx_it.o" --specs=nano.specs -mfpu=fpv4-sp-d16 -mfloat-abi=hard -mthumb -o "Example/User/stm32l4xx_it.o"
arm-none-eabi-gcc "C:/Users/hj.abijuru/Documents/STM32CubeL4/Projects/STM32L476G-EVAL/Applications/TouchSensing/TouchSensing_1touchkey/Src/stmCriticalSection.c" -mcpu=cortex-m4 -std=gnu11 -g3 -DDEBUG -DUSE_STM32L476G_EVAL_REVB -DUSE_HAL_DRIVER -DSTM32L476xx -DUSE_IOEXPANDER -c -I../../Inc -I../../../../../../../Drivers/CMSIS/Include -I../../../../../../../Drivers/CMSIS/Device/ST/STM32L4xx/Include -I../../../../../../../Drivers/STM32L4xx_HAL_Driver/Inc -I../../../../../../../Drivers/BSP/STM32L476G_EVAL -I../../../../../../../Drivers/BSP/Components/Common -I../../../../../../../Utilities/Log -I../../../../../../../Utilities/CPU -I../../../../../../../Middlewares/ST/STM32_TouchSensing_Library/inc -O0 -ffunction-sections -fdata-sections -Wall -fstack-usage -fcyclomatic-complexity -MMD -MP -MF"Example/User/stmCriticalSection.d" -MT"Example/User/stmCriticalSection.o" --specs=nano.specs -mfpu=fpv4-sp-d16 -mfloat-abi=hard -mthumb -o "Example/User/stmCriticalSection.o"
arm-none-eabi-gcc "../Example/User/syscalls.c" -mcpu=cortex-m4 -std=gnu11 -g3 -DDEBUG -DUSE_STM32L476G_EVAL_REVB -DUSE_HAL_DRIVER -DSTM32L476xx -DUSE_IOEXPANDER -c -I../../Inc -I../../../../../../../Drivers/CMSIS/Include -I../../../../../../../Drivers/CMSIS/Device/ST/STM32L4xx/Include -I../../../../../../../Drivers/STM32L4xx_HAL_Driver/Inc -I../../../../../../../Drivers/BSP/STM32L476G_EVAL -I../../../../../../../Drivers/BSP/Components/Common -I../../../../../../../Utilities/Log -I../../../../../../../Utilities/CPU -I../../../../../../../Middlewares/ST/STM32_TouchSensing_Library/inc -O0 -ffunction-sections -fdata-sections -Wall -fstack-usage -fcyclomatic-complexity -MMD -MP -MF"Example/User/syscalls.d" -MT"Example/User/syscalls.o" --specs=nano.specs -mfpu=fpv4-sp-d16 -mfloat-abi=hard -mthumb -o "Example/User/syscalls.o"
arm-none-eabi-gcc "../Example/User/sysmem.c" -mcpu=cortex-m4 -std=gnu11 -g3 -DDEBUG -DUSE_STM32L476G_EVAL_REVB -DUSE_HAL_DRIVER -DSTM32L476xx -DUSE_IOEXPANDER -c -I../../Inc -I../../../../../../../Drivers/CMSIS/Include -I../../../../../../../Drivers/CMSIS/Device/ST/STM32L4xx/Include -I../../../../../../../Drivers/STM32L4xx_HAL_Driver/Inc -I../../../../../../../Drivers/BSP/STM32L476G_EVAL -I../../../../../../../Drivers/BSP/Components/Common -I../../../../../../../Utilities/Log -I../../../../../../../Utilities/CPU -I../../../../../../../Middlewares/ST/STM32_TouchSensing_Library/inc -O0 -ffunction-sections -fdata-sections -Wall -fstack-usage -fcyclomatic-complexity -MMD -MP -MF"Example/User/sysmem.d" -MT"Example/User/sysmem.o" --specs=nano.specs -mfpu=fpv4-sp-d16 -mfloat-abi=hard -mthumb -o "Example/User/sysmem.o"
arm-none-eabi-gcc "C:/Users/hj.abijuru/Documents/STM32CubeL4/Projects/STM32L476G-EVAL/Applications/TouchSensing/TouchSensing_1touchkey/Src/tsl_user.c" -mcpu=cortex-m4 -std=gnu11 -g3 -DDEBUG -DUSE_STM32L476G_EVAL_REVB -DUSE_HAL_DRIVER -DSTM32L476xx -DUSE_IOEXPANDER -c -I../../Inc -I../../../../../../../Drivers/CMSIS/Include -I../../../../../../../Drivers/CMSIS/Device/ST/STM32L4xx/Include -I../../../../../../../Drivers/STM32L4xx_HAL_Driver/Inc -I../../../../../../../Drivers/BSP/STM32L476G_EVAL -I../../../../../../../Drivers/BSP/Components/Common -I../../../../../../../Utilities/Log -I../../../../../../../Utilities/CPU -I../../../../../../../Middlewares/ST/STM32_TouchSensing_Library/inc -O0 -ffunction-sections -fdata-sections -Wall -fstack-usage -fcyclomatic-complexity -MMD -MP -MF"Example/User/tsl_user.d" -MT"Example/User/tsl_user.o" --specs=nano.specs -mfpu=fpv4-sp-d16 -mfloat-abi=hard -mthumb -o "Example/User/tsl_user.o"
arm-none-eabi-gcc -mcpu=cortex-m4 -g3 -DDEBUG -c -x assembler-with-cpp -MMD -MP -MF"Example/Startup/startup_stm32l476zgtx.d" -MT"Example/Startup/startup_stm32l476zgtx.o" --specs=nano.specs -mfpu=fpv4-sp-d16 -mfloat-abi=hard -mthumb -o "Example/Startup/startup_stm32l476zgtx.o" "../Example/Startup/startup_stm32l476zgtx.s"
arm-none-eabi-gcc "C:/Users/hj.abijuru/Documents/STM32CubeL4/Drivers/STM32L4xx_HAL_Driver/Src/stm32l4xx_hal.c" -mcpu=cortex-m4 -std=gnu11 -g3 -DDEBUG -DUSE_STM32L476G_EVAL_REVB -DUSE_HAL_DRIVER -DSTM32L476xx -DUSE_IOEXPANDER -c -I../../Inc -I../../../../../../../Drivers/CMSIS/Include -I../../../../../../../Drivers/CMSIS/Device/ST/STM32L4xx/Include -I../../../../../../../Drivers/STM32L4xx_HAL_Driver/Inc -I../../../../../../../Drivers/BSP/STM32L476G_EVAL -I../../../../../../../Drivers/BSP/Components/Common -I../../../../../../../Utilities/Log -I../../../../../../../Utilities/CPU -I../../../../../../../Middlewares/ST/STM32_TouchSensing_Library/inc -O0 -ffunction-sections -fdata-sections -Wall -fstack-usage -fcyclomatic-complexity -MMD -MP -MF"Drivers/STM32L4xx_HAL_Driver/stm32l4xx_hal.d" -MT"Drivers/STM32L4xx_HAL_Driver/stm32l4xx_hal.o" --specs=nano.specs -mfpu=fpv4-sp-d16 -mfloat-abi=hard -mthumb -o "Drivers/STM32L4xx_HAL_Driver/stm32l4xx_hal.o"
arm-none-eabi-gcc "C:/Users/hj.abijuru/Documents/STM32CubeL4/Drivers/STM32L4xx_HAL_Driver/Src/stm32l4xx_hal_cortex.c" -mcpu=cortex-m4 -std=gnu11 -g3 -DDEBUG -DUSE_STM32L476G_EVAL_REVB -DUSE_HAL_DRIVER -DSTM32L476xx -DUSE_IOEXPANDER -c -I../../Inc -I../../../../../../../Drivers/CMSIS/Include -I../../../../../../../Drivers/CMSIS/Device/ST/STM32L4xx/Include -I../../../../../../../Drivers/STM32L4xx_HAL_Driver/Inc -I../../../../../../../Drivers/BSP/STM32L476G_EVAL -I../../../../../../../Drivers/BSP/Components/Common -I../../../../../../../Utilities/Log -I../../../../../../../Utilities/CPU -I../../../../../../../Middlewares/ST/STM32_TouchSensing_Library/inc -O0 -ffunction-sections -fdata-sections -Wall -fstack-usage -fcyclomatic-complexity -MMD -MP -MF"Drivers/STM32L4xx_HAL_Driver/stm32l4xx_hal_cortex.d" -MT"Drivers/STM32L4xx_HAL_Driver/stm32l4xx_hal_cortex.o" --specs=nano.specs -mfpu=fpv4-sp-d16 -mfloat-abi=hard -mthumb -o "Drivers/STM32L4xx_HAL_Driver/stm32l4xx_hal_cortex.o"
arm-none-eabi-gcc "C:/Users/hj.abijuru/Documents/STM32CubeL4/Drivers/STM32L4xx_HAL_Driver/Src/stm32l4xx_hal_dma.c" -mcpu=cortex-m4 -std=gnu11 -g3 -DDEBUG -DUSE_STM32L476G_EVAL_REVB -DUSE_HAL_DRIVER -DSTM32L476xx -DUSE_IOEXPANDER -c -I../../Inc -I../../../../../../../Drivers/CMSIS/Include -I../../../../../../../Drivers/CMSIS/Device/ST/STM32L4xx/Include -I../../../../../../../Drivers/STM32L4xx_HAL_Driver/Inc -I../../../../../../../Drivers/BSP/STM32L476G_EVAL -I../../../../../../../Drivers/BSP/Components/Common -I../../../../../../../Utilities/Log -I../../../../../../../Utilities/CPU -I../../../../../../../Middlewares/ST/STM32_TouchSensing_Library/inc -O0 -ffunction-sections -fdata-sections -Wall -fstack-usage -fcyclomatic-complexity -MMD -MP -MF"Drivers/STM32L4xx_HAL_Driver/stm32l4xx_hal_dma.d" -MT"Drivers/STM32L4xx_HAL_Driver/stm32l4xx_hal_dma.o" --specs=nano.specs -mfpu=fpv4-sp-d16 -mfloat-abi=hard -mthumb -o "Drivers/STM32L4xx_HAL_Driver/stm32l4xx_hal_dma.o"
arm-none-eabi-gcc "C:/Users/hj.abijuru/Documents/STM32CubeL4/Drivers/STM32L4xx_HAL_Driver/Src/stm32l4xx_hal_gpio.c" -mcpu=cortex-m4 -std=gnu11 -g3 -DDEBUG -DUSE_STM32L476G_EVAL_REVB -DUSE_HAL_DRIVER -DSTM32L476xx -DUSE_IOEXPANDER -c -I../../Inc -I../../../../../../../Drivers/CMSIS/Include -I../../../../../../../Drivers/CMSIS/Device/ST/STM32L4xx/Include -I../../../../../../../Drivers/STM32L4xx_HAL_Driver/Inc -I../../../../../../../Drivers/BSP/STM32L476G_EVAL -I../../../../../../../Drivers/BSP/Components/Common -I../../../../../../../Utilities/Log -I../../../../../../../Utilities/CPU -I../../../../../../../Middlewares/ST/STM32_TouchSensing_Library/inc -O0 -ffunction-sections -fdata-sections -Wall -fstack-usage -fcyclomatic-complexity -MMD -MP -MF"Drivers/STM32L4xx_HAL_Driver/stm32l4xx_hal_gpio.d" -MT"Drivers/STM32L4xx_HAL_Driver/stm32l4xx_hal_gpio.o" --specs=nano.specs -mfpu=fpv4-sp-d16 -mfloat-abi=hard -mthumb -o "Drivers/STM32L4xx_HAL_Driver/stm32l4xx_hal_gpio.o"
arm-none-eabi-gcc "C:/Users/hj.abijuru/Documents/STM32CubeL4/Drivers/STM32L4xx_HAL_Driver/Src/stm32l4xx_hal_i2c.c" -mcpu=cortex-m4 -std=gnu11 -g3 -DDEBUG -DUSE_STM32L476G_EVAL_REVB -DUSE_HAL_DRIVER -DSTM32L476xx -DUSE_IOEXPANDER -c -I../../Inc -I../../../../../../../Drivers/CMSIS/Include -I../../../../../../../Drivers/CMSIS/Device/ST/STM32L4xx/Include -I../../../../../../../Drivers/STM32L4xx_HAL_Driver/Inc -I../../../../../../../Drivers/BSP/STM32L476G_EVAL -I../../../../../../../Drivers/BSP/Components/Common -I../../../../../../../Utilities/Log -I../../../../../../../Utilities/CPU -I../../../../../../../Middlewares/ST/STM32_TouchSensing_Library/inc -O0 -ffunction-sections -fdata-sections -Wall -fstack-usage -fcyclomatic-complexity -MMD -MP -MF"Drivers/STM32L4xx_HAL_Driver/stm32l4xx_hal_i2c.d" -MT"Drivers/STM32L4xx_HAL_Driver/stm32l4xx_hal_i2c.o" --specs=nano.specs -mfpu=fpv4-sp-d16 -mfloat-abi=hard -mthumb -o "Drivers/STM32L4xx_HAL_Driver/stm32l4xx_hal_i2c.o"
arm-none-eabi-gcc "C:/Users/hj.abijuru/Documents/STM32CubeL4/Drivers/STM32L4xx_HAL_Driver/Src/stm32l4xx_hal_i2c_ex.c" -mcpu=cortex-m4 -std=gnu11 -g3 -DDEBUG -DUSE_STM32L476G_EVAL_REVB -DUSE_HAL_DRIVER -DSTM32L476xx -DUSE_IOEXPANDER -c -I../../Inc -I../../../../../../../Drivers/CMSIS/Include -I../../../../../../../Drivers/CMSIS/Device/ST/STM32L4xx/Include -I../../../../../../../Drivers/STM32L4xx_HAL_Driver/Inc -I../../../../../../../Drivers/BSP/STM32L476G_EVAL -I../../../../../../../Drivers/BSP/Components/Common -I../../../../../../../Utilities/Log -I../../../../../../../Utilities/CPU -I../../../../../../../Middlewares/ST/STM32_TouchSensing_Library/inc -O0 -ffunction-sections -fdata-sections -Wall -fstack-usage -fcyclomatic-complexity -MMD -MP -MF"Drivers/STM32L4xx_HAL_Driver/stm32l4xx_hal_i2c_ex.d" -MT"Drivers/STM32L4xx_HAL_Driver/stm32l4xx_hal_i2c_ex.o" --specs=nano.specs -mfpu=fpv4-sp-d16 -mfloat-abi=hard -mthumb -o "Drivers/STM32L4xx_HAL_Driver/stm32l4xx_hal_i2c_ex.o"
arm-none-eabi-gcc "C:/Users/hj.abijuru/Documents/STM32CubeL4/Drivers/STM32L4xx_HAL_Driver/Src/stm32l4xx_hal_pwr.c" -mcpu=cortex-m4 -std=gnu11 -g3 -DDEBUG -DUSE_STM32L476G_EVAL_REVB -DUSE_HAL_DRIVER -DSTM32L476xx -DUSE_IOEXPANDER -c -I../../Inc -I../../../../../../../Drivers/CMSIS/Include -I../../../../../../../Drivers/CMSIS/Device/ST/STM32L4xx/Include -I../../../../../../../Drivers/STM32L4xx_HAL_Driver/Inc -I../../../../../../../Drivers/BSP/STM32L476G_EVAL -I../../../../../../../Drivers/BSP/Components/Common -I../../../../../../../Utilities/Log -I../../../../../../../Utilities/CPU -I../../../../../../../Middlewares/ST/STM32_TouchSensing_Library/inc -O0 -ffunction-sections -fdata-sections -Wall -fstack-usage -fcyclomatic-complexity -MMD -MP -MF"Drivers/STM32L4xx_HAL_Driver/stm32l4xx_hal_pwr.d" -MT"Drivers/STM32L4xx_HAL_Driver/stm32l4xx_hal_pwr.o" --specs=nano.specs -mfpu=fpv4-sp-d16 -mfloat-abi=hard -mthumb -o "Drivers/STM32L4xx_HAL_Driver/stm32l4xx_hal_pwr.o"
arm-none-eabi-gcc "C:/Users/hj.abijuru/Documents/STM32CubeL4/Drivers/STM32L4xx_HAL_Driver/Src/stm32l4xx_hal_pwr_ex.c" -mcpu=cortex-m4 -std=gnu11 -g3 -DDEBUG -DUSE_STM32L476G_EVAL_REVB -DUSE_HAL_DRIVER -DSTM32L476xx -DUSE_IOEXPANDER -c -I../../Inc -I../../../../../../../Drivers/CMSIS/Include -I../../../../../../../Drivers/CMSIS/Device/ST/STM32L4xx/Include -I../../../../../../../Drivers/STM32L4xx_HAL_Driver/Inc -I../../../../../../../Drivers/BSP/STM32L476G_EVAL -I../../../../../../../Drivers/BSP/Components/Common -I../../../../../../../Utilities/Log -I../../../../../../../Utilities/CPU -I../../../../../../../Middlewares/ST/STM32_TouchSensing_Library/inc -O0 -ffunction-sections -fdata-sections -Wall -fstack-usage -fcyclomatic-complexity -MMD -MP -MF"Drivers/STM32L4xx_HAL_Driver/stm32l4xx_hal_pwr_ex.d" -MT"Drivers/STM32L4xx_HAL_Driver/stm32l4xx_hal_pwr_ex.o" --specs=nano.specs -mfpu=fpv4-sp-d16 -mfloat-abi=hard -mthumb -o "Drivers/STM32L4xx_HAL_Driver/stm32l4xx_hal_pwr_ex.o"
arm-none-eabi-gcc "C:/Users/hj.abijuru/Documents/STM32CubeL4/Drivers/STM32L4xx_HAL_Driver/Src/stm32l4xx_hal_rcc.c" -mcpu=cortex-m4 -std=gnu11 -g3 -DDEBUG -DUSE_STM32L476G_EVAL_REVB -DUSE_HAL_DRIVER -DSTM32L476xx -DUSE_IOEXPANDER -c -I../../Inc -I../../../../../../../Drivers/CMSIS/Include -I../../../../../../../Drivers/CMSIS/Device/ST/STM32L4xx/Include -I../../../../../../../Drivers/STM32L4xx_HAL_Driver/Inc -I../../../../../../../Drivers/BSP/STM32L476G_EVAL -I../../../../../../../Drivers/BSP/Components/Common -I../../../../../../../Utilities/Log -I../../../../../../../Utilities/CPU -I../../../../../../../Middlewares/ST/STM32_TouchSensing_Library/inc -O0 -ffunction-sections -fdata-sections -Wall -fstack-usage -fcyclomatic-complexity -MMD -MP -MF"Drivers/STM32L4xx_HAL_Driver/stm32l4xx_hal_rcc.d" -MT"Drivers/STM32L4xx_HAL_Driver/stm32l4xx_hal_rcc.o" --specs=nano.specs -mfpu=fpv4-sp-d16 -mfloat-abi=hard -mthumb -o "Drivers/STM32L4xx_HAL_Driver/stm32l4xx_hal_rcc.o"
arm-none-eabi-gcc "C:/Users/hj.abijuru/Documents/STM32CubeL4/Drivers/STM32L4xx_HAL_Driver/Src/stm32l4xx_hal_rcc_ex.c" -mcpu=cortex-m4 -std=gnu11 -g3 -DDEBUG -DUSE_STM32L476G_EVAL_REVB -DUSE_HAL_DRIVER -DSTM32L476xx -DUSE_IOEXPANDER -c -I../../Inc -I../../../../../../../Drivers/CMSIS/Include -I../../../../../../../Drivers/CMSIS/Device/ST/STM32L4xx/Include -I../../../../../../../Drivers/STM32L4xx_HAL_Driver/Inc -I../../../../../../../Drivers/BSP/STM32L476G_EVAL -I../../../../../../../Drivers/BSP/Components/Common -I../../../../../../../Utilities/Log -I../../../../../../../Utilities/CPU -I../../../../../../../Middlewares/ST/STM32_TouchSensing_Library/inc -O0 -ffunction-sections -fdata-sections -Wall -fstack-usage -fcyclomatic-complexity -MMD -MP -MF"Drivers/STM32L4xx_HAL_Driver/stm32l4xx_hal_rcc_ex.d" -MT"Drivers/STM32L4xx_HAL_Driver/stm32l4xx_hal_rcc_ex.o" --specs=nano.specs -mfpu=fpv4-sp-d16 -mfloat-abi=hard -mthumb -o "Drivers/STM32L4xx_HAL_Driver/stm32l4xx_hal_rcc_ex.o"
arm-none-eabi-gcc "C:/Users/hj.abijuru/Documents/STM32CubeL4/Drivers/STM32L4xx_HAL_Driver/Src/stm32l4xx_hal_sram.c" -mcpu=cortex-m4 -std=gnu11 -g3 -DDEBUG -DUSE_STM32L476G_EVAL_REVB -DUSE_HAL_DRIVER -DSTM32L476xx -DUSE_IOEXPANDER -c -I../../Inc -I../../../../../../../Drivers/CMSIS/Include -I../../../../../../../Drivers/CMSIS/Device/ST/STM32L4xx/Include -I../../../../../../../Drivers/STM32L4xx_HAL_Driver/Inc -I../../../../../../../Drivers/BSP/STM32L476G_EVAL -I../../../../../../../Drivers/BSP/Components/Common -I../../../../../../../Utilities/Log -I../../../../../../../Utilities/CPU -I../../../../../../../Middlewares/ST/STM32_TouchSensing_Library/inc -O0 -ffunction-sections -fdata-sections -Wall -fstack-usage -fcyclomatic-complexity -MMD -MP -MF"Drivers/STM32L4xx_HAL_Driver/stm32l4xx_hal_sram.d" -MT"Drivers/STM32L4xx_HAL_Driver/stm32l4xx_hal_sram.o" --specs=nano.specs -mfpu=fpv4-sp-d16 -mfloat-abi=hard -mthumb -o "Drivers/STM32L4xx_HAL_Driver/stm32l4xx_hal_sram.o"
arm-none-eabi-gcc "C:/Users/hj.abijuru/Documents/STM32CubeL4/Drivers/STM32L4xx_HAL_Driver/Src/stm32l4xx_hal_tsc.c" -mcpu=cortex-m4 -std=gnu11 -g3 -DDEBUG -DUSE_STM32L476G_EVAL_REVB -DUSE_HAL_DRIVER -DSTM32L476xx -DUSE_IOEXPANDER -c -I../../Inc -I../../../../../../../Drivers/CMSIS/Include -I../../../../../../../Drivers/CMSIS/Device/ST/STM32L4xx/Include -I../../../../../../../Drivers/STM32L4xx_HAL_Driver/Inc -I../../../../../../../Drivers/BSP/STM32L476G_EVAL -I../../../../../../../Drivers/BSP/Components/Common -I../../../../../../../Utilities/Log -I../../../../../../../Utilities/CPU -I../../../../../../../Middlewares/ST/STM32_TouchSensing_Library/inc -O0 -ffunction-sections -fdata-sections -Wall -fstack-usage -fcyclomatic-complexity -MMD -MP -MF"Drivers/STM32L4xx_HAL_Driver/stm32l4xx_hal_tsc.d" -MT"Drivers/STM32L4xx_HAL_Driver/stm32l4xx_hal_tsc.o" --specs=nano.specs -mfpu=fpv4-sp-d16 -mfloat-abi=hard -mthumb -o "Drivers/STM32L4xx_HAL_Driver/stm32l4xx_hal_tsc.o"
arm-none-eabi-gcc "C:/Users/hj.abijuru/Documents/STM32CubeL4/Drivers/STM32L4xx_HAL_Driver/Src/stm32l4xx_hal_uart.c" -mcpu=cortex-m4 -std=gnu11 -g3 -DDEBUG -DUSE_STM32L476G_EVAL_REVB -DUSE_HAL_DRIVER -DSTM32L476xx -DUSE_IOEXPANDER -c -I../../Inc -I../../../../../../../Drivers/CMSIS/Include -I../../../../../../../Drivers/CMSIS/Device/ST/STM32L4xx/Include -I../../../../../../../Drivers/STM32L4xx_HAL_Driver/Inc -I../../../../../../../Drivers/BSP/STM32L476G_EVAL -I../../../../../../../Drivers/BSP/Components/Common -I../../../../../../../Utilities/Log -I../../../../../../../Utilities/CPU -I../../../../../../../Middlewares/ST/STM32_TouchSensing_Library/inc -O0 -ffunction-sections -fdata-sections -Wall -fstack-usage -fcyclomatic-complexity -MMD -MP -MF"Drivers/STM32L4xx_HAL_Driver/stm32l4xx_hal_uart.d" -MT"Drivers/STM32L4xx_HAL_Driver/stm32l4xx_hal_uart.o" --specs=nano.specs -mfpu=fpv4-sp-d16 -mfloat-abi=hard -mthumb -o "Drivers/STM32L4xx_HAL_Driver/stm32l4xx_hal_uart.o"
arm-none-eabi-gcc "C:/Users/hj.abijuru/Documents/STM32CubeL4/Drivers/STM32L4xx_HAL_Driver/Src/stm32l4xx_hal_uart_ex.c" -mcpu=cortex-m4 -std=gnu11 -g3 -DDEBUG -DUSE_STM32L476G_EVAL_REVB -DUSE_HAL_DRIVER -DSTM32L476xx -DUSE_IOEXPANDER -c -I../../Inc -I../../../../../../../Drivers/CMSIS/Include -I../../../../../../../Drivers/CMSIS/Device/ST/STM32L4xx/Include -I../../../../../../../Drivers/STM32L4xx_HAL_Driver/Inc -I../../../../../../../Drivers/BSP/STM32L476G_EVAL -I../../../../../../../Drivers/BSP/Components/Common -I../../../../../../../Utilities/Log -I../../../../../../../Utilities/CPU -I../../../../../../../Middlewares/ST/STM32_TouchSensing_Library/inc -O0 -ffunction-sections -fdata-sections -Wall -fstack-usage -fcyclomatic-complexity -MMD -MP -MF"Drivers/STM32L4xx_HAL_Driver/stm32l4xx_hal_uart_ex.d" -MT"Drivers/STM32L4xx_HAL_Driver/stm32l4xx_hal_uart_ex.o" --specs=nano.specs -mfpu=fpv4-sp-d16 -mfloat-abi=hard -mthumb -o "Drivers/STM32L4xx_HAL_Driver/stm32l4xx_hal_uart_ex.o"
arm-none-eabi-gcc "C:/Users/hj.abijuru/Documents/STM32CubeL4/Drivers/STM32L4xx_HAL_Driver/Src/stm32l4xx_ll_fmc.c" -mcpu=cortex-m4 -std=gnu11 -g3 -DDEBUG -DUSE_STM32L476G_EVAL_REVB -DUSE_HAL_DRIVER -DSTM32L476xx -DUSE_IOEXPANDER -c -I../../Inc -I../../../../../../../Drivers/CMSIS/Include -I../../../../../../../Drivers/CMSIS/Device/ST/STM32L4xx/Include -I../../../../../../../Drivers/STM32L4xx_HAL_Driver/Inc -I../../../../../../../Drivers/BSP/STM32L476G_EVAL -I../../../../../../../Drivers/BSP/Components/Common -I../../../../../../../Utilities/Log -I../../../../../../../Utilities/CPU -I../../../../../../../Middlewares/ST/STM32_TouchSensing_Library/inc -O0 -ffunction-sections -fdata-sections -Wall -fstack-usage -fcyclomatic-complexity -MMD -MP -MF"Drivers/STM32L4xx_HAL_Driver/stm32l4xx_ll_fmc.d" -MT"Drivers/STM32L4xx_HAL_Driver/stm32l4xx_ll_fmc.o" --specs=nano.specs -mfpu=fpv4-sp-d16 -mfloat-abi=hard -mthumb -o "Drivers/STM32L4xx_HAL_Driver/stm32l4xx_ll_fmc.o"
arm-none-eabi-gcc "C:/Users/hj.abijuru/Documents/STM32CubeL4/Projects/STM32L476G-EVAL/Applications/TouchSensing/TouchSensing_1touchkey/Src/system_stm32l4xx.c" -mcpu=cortex-m4 -std=gnu11 -g3 -DDEBUG -DUSE_STM32L476G_EVAL_REVB -DUSE_HAL_DRIVER -DSTM32L476xx -DUSE_IOEXPANDER -c -I../../Inc -I../../../../../../../Drivers/CMSIS/Include -I../../../../../../../Drivers/CMSIS/Device/ST/STM32L4xx/Include -I../../../../../../../Drivers/STM32L4xx_HAL_Driver/Inc -I../../../../../../../Drivers/BSP/STM32L476G_EVAL -I../../../../../../../Drivers/BSP/Components/Common -I../../../../../../../Utilities/Log -I../../../../../../../Utilities/CPU -I../../../../../../../Middlewares/ST/STM32_TouchSensing_Library/inc -O0 -ffunction-sections -fdata-sections -Wall -fstack-usage -fcyclomatic-complexity -MMD -MP -MF"Drivers/CMSIS/system_stm32l4xx.d" -MT"Drivers/CMSIS/system_stm32l4xx.o" --specs=nano.specs -mfpu=fpv4-sp-d16 -mfloat-abi=hard -mthumb -o "Drivers/CMSIS/system_stm32l4xx.o"
arm-none-eabi-gcc "C:/Users/hj.abijuru/Documents/STM32CubeL4/Drivers/BSP/STM32L476G_EVAL/stm32l476g_eval.c" -mcpu=cortex-m4 -std=gnu11 -g3 -DDEBUG -DUSE_STM32L476G_EVAL_REVB -DUSE_HAL_DRIVER -DSTM32L476xx -DUSE_IOEXPANDER -c -I../../Inc -I../../../../../../../Drivers/CMSIS/Include -I../../../../../../../Drivers/CMSIS/Device/ST/STM32L4xx/Include -I../../../../../../../Drivers/STM32L4xx_HAL_Driver/Inc -I../../../../../../../Drivers/BSP/STM32L476G_EVAL -I../../../../../../../Drivers/BSP/Components/Common -I../../../../../../../Utilities/Log -I../../../../../../../Utilities/CPU -I../../../../../../../Middlewares/ST/STM32_TouchSensing_Library/inc -O0 -ffunction-sections -fdata-sections -Wall -fstack-usage -fcyclomatic-complexity -MMD -MP -MF"Drivers/BSP/STM32L476G_EVAL/stm32l476g_eval.d" -MT"Drivers/BSP/STM32L476G_EVAL/stm32l476g_eval.o" --specs=nano.specs -mfpu=fpv4-sp-d16 -mfloat-abi=hard -mthumb -o "Drivers/BSP/STM32L476G_EVAL/stm32l476g_eval.o"
arm-none-eabi-gcc "C:/Users/hj.abijuru/Documents/STM32CubeL4/Drivers/BSP/STM32L476G_EVAL/stm32l476g_eval_io.c" -mcpu=cortex-m4 -std=gnu11 -g3 -DDEBUG -DUSE_STM32L476G_EVAL_REVB -DUSE_HAL_DRIVER -DSTM32L476xx -DUSE_IOEXPANDER -c -I../../Inc -I../../../../../../../Drivers/CMSIS/Include -I../../../../../../../Drivers/CMSIS/Device/ST/STM32L4xx/Include -I../../../../../../../Drivers/STM32L4xx_HAL_Driver/Inc -I../../../../../../../Drivers/BSP/STM32L476G_EVAL -I../../../../../../../Drivers/BSP/Components/Common -I../../../../../../../Utilities/Log -I../../../../../../../Utilities/CPU -I../../../../../../../Middlewares/ST/STM32_TouchSensing_Library/inc -O0 -ffunction-sections -fdata-sections -Wall -fstack-usage -fcyclomatic-complexity -MMD -MP -MF"Drivers/BSP/STM32L476G_EVAL/stm32l476g_eval_io.d" -MT"Drivers/BSP/STM32L476G_EVAL/stm32l476g_eval_io.o" --specs=nano.specs -mfpu=fpv4-sp-d16 -mfloat-abi=hard -mthumb -o "Drivers/BSP/STM32L476G_EVAL/stm32l476g_eval_io.o"
arm-none-eabi-gcc "C:/Users/hj.abijuru/Documents/STM32CubeL4/Drivers/BSP/STM32L476G_EVAL/stm32l476g_eval_lcd.c" -mcpu=cortex-m4 -std=gnu11 -g3 -DDEBUG -DUSE_STM32L476G_EVAL_REVB -DUSE_HAL_DRIVER -DSTM32L476xx -DUSE_IOEXPANDER -c -I../../Inc -I../../../../../../../Drivers/CMSIS/Include -I../../../../../../../Drivers/CMSIS/Device/ST/STM32L4xx/Include -I../../../../../../../Drivers/STM32L4xx_HAL_Driver/Inc -I../../../../../../../Drivers/BSP/STM32L476G_EVAL -I../../../../../../../Drivers/BSP/Components/Common -I../../../../../../../Utilities/Log -I../../../../../../../Utilities/CPU -I../../../../../../../Middlewares/ST/STM32_TouchSensing_Library/inc -O0 -ffunction-sections -fdata-sections -Wall -fstack-usage -fcyclomatic-complexity -MMD -MP -MF"Drivers/BSP/STM32L476G_EVAL/stm32l476g_eval_lcd.d" -MT"Drivers/BSP/STM32L476G_EVAL/stm32l476g_eval_lcd.o" --specs=nano.specs -mfpu=fpv4-sp-d16 -mfloat-abi=hard -mthumb -o "Drivers/BSP/STM32L476G_EVAL/stm32l476g_eval_lcd.o"
arm-none-eabi-gcc "C:/Users/hj.abijuru/Documents/STM32CubeL4/Drivers/BSP/Components/hx8347g/hx8347g.c" -mcpu=cortex-m4 -std=gnu11 -g3 -DDEBUG -DUSE_STM32L476G_EVAL_REVB -DUSE_HAL_DRIVER -DSTM32L476xx -DUSE_IOEXPANDER -c -I../../Inc -I../../../../../../../Drivers/CMSIS/Include -I../../../../../../../Drivers/CMSIS/Device/ST/STM32L4xx/Include -I../../../../../../../Drivers/STM32L4xx_HAL_Driver/Inc -I../../../../../../../Drivers/BSP/STM32L476G_EVAL -I../../../../../../../Drivers/BSP/Components/Common -I../../../../../../../Utilities/Log -I../../../../../../../Utilities/CPU -I../../../../../../../Middlewares/ST/STM32_TouchSensing_Library/inc -O0 -ffunction-sections -fdata-sections -Wall -fstack-usage -fcyclomatic-complexity -MMD -MP -MF"Drivers/BSP/Components/hx8347g.d" -MT"Drivers/BSP/Components/hx8347g.o" --specs=nano.specs -mfpu=fpv4-sp-d16 -mfloat-abi=hard -mthumb -o "Drivers/BSP/Components/hx8347g.o"
arm-none-eabi-gcc "C:/Users/hj.abijuru/Documents/STM32CubeL4/Drivers/BSP/Components/hx8347i/hx8347i.c" -mcpu=cortex-m4 -std=gnu11 -g3 -DDEBUG -DUSE_STM32L476G_EVAL_REVB -DUSE_HAL_DRIVER -DSTM32L476xx -DUSE_IOEXPANDER -c -I../../Inc -I../../../../../../../Drivers/CMSIS/Include -I../../../../../../../Drivers/CMSIS/Device/ST/STM32L4xx/Include -I../../../../../../../Drivers/STM32L4xx_HAL_Driver/Inc -I../../../../../../../Drivers/BSP/STM32L476G_EVAL -I../../../../../../../Drivers/BSP/Components/Common -I../../../../../../../Utilities/Log -I../../../../../../../Utilities/CPU -I../../../../../../../Middlewares/ST/STM32_TouchSensing_Library/inc -O0 -ffunction-sections -fdata-sections -Wall -fstack-usage -fcyclomatic-complexity -MMD -MP -MF"Drivers/BSP/Components/hx8347i.d" -MT"Drivers/BSP/Components/hx8347i.o" --specs=nano.specs -mfpu=fpv4-sp-d16 -mfloat-abi=hard -mthumb -o "Drivers/BSP/Components/hx8347i.o"
arm-none-eabi-gcc "C:/Users/hj.abijuru/Documents/STM32CubeL4/Drivers/BSP/Components/stmpe1600/stmpe1600.c" -mcpu=cortex-m4 -std=gnu11 -g3 -DDEBUG -DUSE_STM32L476G_EVAL_REVB -DUSE_HAL_DRIVER -DSTM32L476xx -DUSE_IOEXPANDER -c -I../../Inc -I../../../../../../../Drivers/CMSIS/Include -I../../../../../../../Drivers/CMSIS/Device/ST/STM32L4xx/Include -I../../../../../../../Drivers/STM32L4xx_HAL_Driver/Inc -I../../../../../../../Drivers/BSP/STM32L476G_EVAL -I../../../../../../../Drivers/BSP/Components/Common -I../../../../../../../Utilities/Log -I../../../../../../../Utilities/CPU -I../../../../../../../Middlewares/ST/STM32_TouchSensing_Library/inc -O0 -ffunction-sections -fdata-sections -Wall -fstack-usage -fcyclomatic-complexity -MMD -MP -MF"Drivers/BSP/Components/stmpe1600.d" -MT"Drivers/BSP/Components/stmpe1600.o" --specs=nano.specs -mfpu=fpv4-sp-d16 -mfloat-abi=hard -mthumb -o "Drivers/BSP/Components/stmpe1600.o"
arm-none-eabi-gcc "C:/Users/hj.abijuru/Documents/STM32CubeL4/Drivers/BSP/Components/stmpe811/stmpe811.c" -mcpu=cortex-m4 -std=gnu11 -g3 -DDEBUG -DUSE_STM32L476G_EVAL_REVB -DUSE_HAL_DRIVER -DSTM32L476xx -DUSE_IOEXPANDER -c -I../../Inc -I../../../../../../../Drivers/CMSIS/Include -I../../../../../../../Drivers/CMSIS/Device/ST/STM32L4xx/Include -I../../../../../../../Drivers/STM32L4xx_HAL_Driver/Inc -I../../../../../../../Drivers/BSP/STM32L476G_EVAL -I../../../../../../../Drivers/BSP/Components/Common -I../../../../../../../Utilities/Log -I../../../../../../../Utilities/CPU -I../../../../../../../Middlewares/ST/STM32_TouchSensing_Library/inc -O0 -ffunction-sections -fdata-sections -Wall -fstack-usage -fcyclomatic-complexity -MMD -MP -MF"Drivers/BSP/Components/stmpe811.d" -MT"Drivers/BSP/Components/stmpe811.o" --specs=nano.specs -mfpu=fpv4-sp-d16 -mfloat-abi=hard -mthumb -o "Drivers/BSP/Components/stmpe811.o"
arm-none-eabi-gcc -o "TouchSensing_1touchkey.elf" @"objects.list"   -mcpu=cortex-m4 -T"C:\Users\hj.abijuru\Documents\STM32CubeL4\Projects\STM32L476G-EVAL\Applications\TouchSensing\TouchSensing_1touchkey\STM32CubeIDE\STM32L476ZGTX_FLASH.ld" --specs=nosys.specs -Wl,-Map="TouchSensing_1touchkey.map" -Wl,--gc-sections -static --specs=nano.specs -mfpu=fpv4-sp-d16 -mfloat-abi=hard -mthumb -Wl,--start-group -lc -lm -Wl,--end-group
c:\st\stm32cubeide_1.12.1\stm32cubeide\plugins\com.st.stm32cube.ide.mcu.externaltools.gnu-tools-for-stm32.10.3-2021.10.win32_1.0.200.202301161003\tools\arm-none-eabi\bin\ld.exe:C:\Users\hj.abijuru\Documents\STM32CubeL4\Projects\STM32L476G-EVAL\Applications\TouchSensing\TouchSensing_1touchkey\STM32CubeIDE\STM32L476ZGTX_FLASH.ld:90: non constant or forward reference address expression for section .ARM.extab
collect2.exe: error: ld returned 1 exit status
make: *** [makefile:68: TouchSensing_1touchkey.elf] Error 1
"make -j8 all" terminated with exit code 2. Build might be incomplete.
16:11:15 **** Incremental Build of configuration Debug for project TouchSensing_1touchkey ****
make -j8 all 
arm-none-eabi-gcc -o "TouchSensing_1touchkey.elf" @"objects.list"   -mcpu=cortex-m4 -T"C:\Users\hj.abijuru\Documents\STM32CubeL4\Projects\STM32L476G-EVAL\Applications\TouchSensing\TouchSensing_1touchkey\STM32CubeIDE\STM32L476ZGTX_FLASH.ld" --specs=nosys.specs -Wl,-Map="TouchSensing_1touchkey.map" -Wl,--gc-sections -static --specs=nano.specs -mfpu=fpv4-sp-d16 -mfloat-abi=hard -mthumb -Wl,--start-group -lc -lm -Wl,--end-group
c:\st\stm32cubeide_1.12.1\stm32cubeide\plugins\com.st.stm32cube.ide.mcu.externaltools.gnu-tools-for-stm32.10.3-2021.10.win32_1.0.200.202301161003\tools\arm-none-eabi\bin\ld.exe:C:\Users\hj.abijuru\Documents\STM32CubeL4\Projects\STM32L476G-EVAL\Applications\TouchSensing\TouchSensing_1touchkey\STM32CubeIDE\STM32L476ZGTX_FLASH.ld:90: non constant or forward reference address expression for section .ARM.extab
collect2.exe: error: ld returned 1 exit status
make: *** [makefile:68: TouchSensing_1touchkey.elf] Error 1
"make -j8 all" terminated with exit code 2. Build might be incomplete.
16:11:47 **** Incremental Build of configuration Debug for project TouchSensing_1touchkey ****
make -j8 all 
arm-none-eabi-gcc -o "TouchSensing_1touchkey.elf" @"objects.list"   -mcpu=cortex-m4 -T"C:\Users\hj.abijuru\Documents\STM32CubeL4\Projects\STM32L476G-EVAL\Applications\TouchSensing\TouchSensing_1touchkey\STM32CubeIDE\STM32L476ZGTX_FLASH.ld" --specs=nosys.specs -Wl,-Map="TouchSensing_1touchkey.map" -Wl,--gc-sections -static --specs=nano.specs -mfpu=fpv4-sp-d16 -mfloat-abi=hard -mthumb -Wl,--start-group -lc -lm -Wl,--end-group
Finished building target: TouchSensing_1touchkey.elf
 
arm-none-eabi-size   TouchSensing_1touchkey.elf 
arm-none-eabi-objdump -h -S  TouchSensing_1touchkey.elf  > "TouchSensing_1touchkey.list"
   text	   data	    bss	    dec	    hex	filename
  38944	    280	   3984	  43208	   a8c8	TouchSensing_1touchkey.elf
Finished building: default.size.stdout
 
Finished building: TouchSensing_1touchkey.list
 
16:12:23 **** Incremental Build of configuration Debug for project TouchSensing_1touchkey ****
make -j8 all 
arm-none-eabi-size   TouchSensing_1touchkey.elf 
   text	   data	    bss	    dec	    hex	filename
  38944	    280	   3984	  43208	   a8c8	TouchSensing_1touchkey.elf
Finished building: default.size.stdout
 
16:15:13 **** Incremental Build of configuration Debug for project TouchSensing_1touchkey ****
make -j8 all 
arm-none-eabi-size   TouchSensing_1touchkey.elf 
   text	   data	    bss	    dec	    hex	filename
  38944	    280	   3984	  43208	   a8c8	TouchSensing_1touchkey.elf
Finished building: default.size.stdout
 
16:18:03 **** Incremental Build of configuration Debug for project TouchSensing_1touchkey ****
make -j8 all 
arm-none-eabi-size   TouchSensing_1touchkey.elf 
   text	   data	    bss	    dec	    hex	filename
  38944	    280	   3984	  43208	   a8c8	TouchSensing_1touchkey.elf
Finished building: default.size.stdout
 
16:21:14 **** Incremental Build of configuration Debug for project TouchSensing_1touchkey ****
make -j8 all 
arm-none-eabi-size   TouchSensing_1touchkey.elf 
   text	   data	    bss	    dec	    hex	filename
  38944	    280	   3984	  43208	   a8c8	TouchSensing_1touchkey.elf
Finished building: default.size.stdout
 
16:30:06 **** Incremental Build of configuration Debug for project TouchSensing_1touchkey ****
make -j8 all 
arm-none-eabi-gcc "C:/Users/hj.abijuru/Documents/STM32CubeL4/Drivers/BSP/STM32L476G_EVAL/stm32l476g_eval_lcd.c" -mcpu=cortex-m4 -std=gnu11 -g3 -DDEBUG -DUSE_STM32L476G_EVAL_REVB -DUSE_HAL_DRIVER -DSTM32L476xx -DUSE_IOEXPANDER -c -I../../Inc -I../../../../../../../Drivers/CMSIS/Include -I../../../../../../../Drivers/CMSIS/Device/ST/STM32L4xx/Include -I../../../../../../../Drivers/STM32L4xx_HAL_Driver/Inc -I../../../../../../../Drivers/BSP/STM32L476G_EVAL -I../../../../../../../Drivers/BSP/Components/Common -I../../../../../../../Utilities/Log -I../../../../../../../Utilities/CPU -I../../../../../../../Middlewares/ST/STM32_TouchSensing_Library/inc -O0 -ffunction-sections -fdata-sections -Wall -fstack-usage -fcyclomatic-complexity -MMD -MP -MF"Drivers/BSP/STM32L476G_EVAL/stm32l476g_eval_lcd.d" -MT"Drivers/BSP/STM32L476G_EVAL/stm32l476g_eval_lcd.o" --specs=nano.specs -mfpu=fpv4-sp-d16 -mfloat-abi=hard -mthumb -o "Drivers/BSP/STM32L476G_EVAL/stm32l476g_eval_lcd.o"
C:/Users/hj.abijuru/Documents/STM32CubeL4/Drivers/BSP/STM32L476G_EVAL/stm32l476g_eval_lcd.c: In function 'BSP_LCD_Init':
C:/Users/hj.abijuru/Documents/STM32CubeL4/Drivers/BSP/STM32L476G_EVAL/stm32l476g_eval_lcd.c:136:12: warning: unused variable 'id_g' [-Wunused-variable]
  136 |   uint16_t id_g = hx8347g_drv.ReadID();
      |            ^~~~
C:/Users/hj.abijuru/Documents/STM32CubeL4/Drivers/BSP/STM32L476G_EVAL/stm32l476g_eval_lcd.c:135:12: warning: unused variable 'id_i' [-Wunused-variable]
  135 |   uint16_t id_i = hx8347i_drv.ReadID();
      |            ^~~~
arm-none-eabi-gcc -o "TouchSensing_1touchkey.elf" @"objects.list"   -mcpu=cortex-m4 -T"C:\Users\hj.abijuru\Documents\STM32CubeL4\Projects\STM32L476G-EVAL\Applications\TouchSensing\TouchSensing_1touchkey\STM32CubeIDE\STM32L476ZGTX_FLASH.ld" --specs=nosys.specs -Wl,-Map="TouchSensing_1touchkey.map" -Wl,--gc-sections -static --specs=nano.specs -mfpu=fpv4-sp-d16 -mfloat-abi=hard -mthumb -Wl,--start-group -lc -lm -Wl,--end-group
Finished building target: TouchSensing_1touchkey.elf
 
arm-none-eabi-size   TouchSensing_1touchkey.elf 
arm-none-eabi-objdump -h -S  TouchSensing_1touchkey.elf  > "TouchSensing_1touchkey.list"
   text	   data	    bss	    dec	    hex	filename
  38972	    280	   3984	  43236	   a8e4	TouchSensing_1touchkey.elf
Finished building: default.size.stdout
 
Finished building: TouchSensing_1touchkey.list
 
16:35:18 **** Incremental Build of configuration Debug for project TouchSensing_1touchkey ****
make -j8 all 
arm-none-eabi-gcc "C:/Users/hj.abijuru/Documents/STM32CubeL4/Drivers/BSP/STM32L476G_EVAL/stm32l476g_eval_lcd.c" -mcpu=cortex-m4 -std=gnu11 -g3 -DDEBUG -DUSE_STM32L476G_EVAL_REVB -DUSE_HAL_DRIVER -DSTM32L476xx -DUSE_IOEXPANDER -c -I../../Inc -I../../../../../../../Drivers/CMSIS/Include -I../../../../../../../Drivers/CMSIS/Device/ST/STM32L4xx/Include -I../../../../../../../Drivers/STM32L4xx_HAL_Driver/Inc -I../../../../../../../Drivers/BSP/STM32L476G_EVAL -I../../../../../../../Drivers/BSP/Components/Common -I../../../../../../../Utilities/Log -I../../../../../../../Utilities/CPU -I../../../../../../../Middlewares/ST/STM32_TouchSensing_Library/inc -O0 -ffunction-sections -fdata-sections -Wall -fstack-usage -fcyclomatic-complexity -MMD -MP -MF"Drivers/BSP/STM32L476G_EVAL/stm32l476g_eval_lcd.d" -MT"Drivers/BSP/STM32L476G_EVAL/stm32l476g_eval_lcd.o" --specs=nano.specs -mfpu=fpv4-sp-d16 -mfloat-abi=hard -mthumb -o "Drivers/BSP/STM32L476G_EVAL/stm32l476g_eval_lcd.o"
C:/Users/hj.abijuru/Documents/STM32CubeL4/Drivers/BSP/STM32L476G_EVAL/stm32l476g_eval_lcd.c: In function 'BSP_LCD_Init':
C:/Users/hj.abijuru/Documents/STM32CubeL4/Drivers/BSP/STM32L476G_EVAL/stm32l476g_eval_lcd.c:136:12: warning: unused variable 'id_g' [-Wunused-variable]
  136 |   uint16_t id_g = hx8347g_drv.ReadID();
      |            ^~~~
C:/Users/hj.abijuru/Documents/STM32CubeL4/Drivers/BSP/STM32L476G_EVAL/stm32l476g_eval_lcd.c:135:12: warning: unused variable 'id_i' [-Wunused-variable]
  135 |   uint16_t id_i = hx8347i_drv.ReadID();
      |            ^~~~
arm-none-eabi-gcc -o "TouchSensing_1touchkey.elf" @"objects.list"   -mcpu=cortex-m4 -T"C:\Users\hj.abijuru\Documents\STM32CubeL4\Projects\STM32L476G-EVAL\Applications\TouchSensing\TouchSensing_1touchkey\STM32CubeIDE\STM32L476ZGTX_FLASH.ld" --specs=nosys.specs -Wl,-Map="TouchSensing_1touchkey.map" -Wl,--gc-sections -static --specs=nano.specs -mfpu=fpv4-sp-d16 -mfloat-abi=hard -mthumb -Wl,--start-group -lc -lm -Wl,--end-group
Finished building target: TouchSensing_1touchkey.elf
 
arm-none-eabi-size   TouchSensing_1touchkey.elf 
arm-none-eabi-objdump -h -S  TouchSensing_1touchkey.elf  > "TouchSensing_1touchkey.list"
   text	   data	    bss	    dec	    hex	filename
  38972	    280	   3984	  43236	   a8e4	TouchSensing_1touchkey.elf
Finished building: default.size.stdout
 
Finished building: TouchSensing_1touchkey.list
 
16:50:49 **** Incremental Build of configuration Debug for project TouchSensing_1touchkey ****
make -j8 all 
arm-none-eabi-gcc "C:/Users/hj.abijuru/Documents/STM32CubeL4/Drivers/BSP/STM32L476G_EVAL/stm32l476g_eval_lcd.c" -mcpu=cortex-m4 -std=gnu11 -g3 -DDEBUG -DUSE_STM32L476G_EVAL_REVB -DUSE_HAL_DRIVER -DSTM32L476xx -DUSE_IOEXPANDER -c -I../../Inc -I../../../../../../../Drivers/CMSIS/Include -I../../../../../../../Drivers/CMSIS/Device/ST/STM32L4xx/Include -I../../../../../../../Drivers/STM32L4xx_HAL_Driver/Inc -I../../../../../../../Drivers/BSP/STM32L476G_EVAL -I../../../../../../../Drivers/BSP/Components/Common -I../../../../../../../Utilities/Log -I../../../../../../../Utilities/CPU -I../../../../../../../Middlewares/ST/STM32_TouchSensing_Library/inc -O0 -ffunction-sections -fdata-sections -Wall -fstack-usage -fcyclomatic-complexity -MMD -MP -MF"Drivers/BSP/STM32L476G_EVAL/stm32l476g_eval_lcd.d" -MT"Drivers/BSP/STM32L476G_EVAL/stm32l476g_eval_lcd.o" --specs=nano.specs -mfpu=fpv4-sp-d16 -mfloat-abi=hard -mthumb -o "Drivers/BSP/STM32L476G_EVAL/stm32l476g_eval_lcd.o"
C:/Users/hj.abijuru/Documents/STM32CubeL4/Drivers/BSP/STM32L476G_EVAL/stm32l476g_eval_lcd.c: In function 'BSP_LCD_Init':
C:/Users/hj.abijuru/Documents/STM32CubeL4/Drivers/BSP/STM32L476G_EVAL/stm32l476g_eval_lcd.c:136:12: warning: unused variable 'id_g' [-Wunused-variable]
  136 |   uint16_t id_g = hx8347g_drv.ReadID();
      |            ^~~~
C:/Users/hj.abijuru/Documents/STM32CubeL4/Drivers/BSP/STM32L476G_EVAL/stm32l476g_eval_lcd.c:135:12: warning: unused variable 'id_i' [-Wunused-variable]
  135 |   uint16_t id_i = hx8347i_drv.ReadID();
      |            ^~~~
arm-none-eabi-gcc -o "TouchSensing_1touchkey.elf" @"objects.list"   -mcpu=cortex-m4 -T"C:\Users\hj.abijuru\Documents\STM32CubeL4\Projects\STM32L476G-EVAL\Applications\TouchSensing\TouchSensing_1touchkey\STM32CubeIDE\STM32L476ZGTX_FLASH.ld" --specs=nosys.specs -Wl,-Map="TouchSensing_1touchkey.map" -Wl,--gc-sections -static --specs=nano.specs -mfpu=fpv4-sp-d16 -mfloat-abi=hard -mthumb -Wl,--start-group -lc -lm -Wl,--end-group
Finished building target: TouchSensing_1touchkey.elf
 
arm-none-eabi-size   TouchSensing_1touchkey.elf 
arm-none-eabi-objdump -h -S  TouchSensing_1touchkey.elf  > "TouchSensing_1touchkey.list"
   text	   data	    bss	    dec	    hex	filename
  38972	    280	   3984	  43236	   a8e4	TouchSensing_1touchkey.elf
Finished building: default.size.stdout
 
Finished building: TouchSensing_1touchkey.list
 
17:22:56 **** Incremental Build of configuration Debug for project TouchSensing_1touchkey ****
make -j8 all 
arm-none-eabi-gcc "C:/Users/hj.abijuru/Documents/STM32CubeL4/Drivers/BSP/STM32L476G_EVAL/stm32l476g_eval_lcd.c" -mcpu=cortex-m4 -std=gnu11 -g3 -DDEBUG -DUSE_STM32L476G_EVAL_REVB -DUSE_HAL_DRIVER -DSTM32L476xx -DUSE_IOEXPANDER -c -I../../Inc -I../../../../../../../Drivers/CMSIS/Include -I../../../../../../../Drivers/CMSIS/Device/ST/STM32L4xx/Include -I../../../../../../../Drivers/STM32L4xx_HAL_Driver/Inc -I../../../../../../../Drivers/BSP/STM32L476G_EVAL -I../../../../../../../Drivers/BSP/Components/Common -I../../../../../../../Utilities/Log -I../../../../../../../Utilities/CPU -I../../../../../../../Middlewares/ST/STM32_TouchSensing_Library/inc -O0 -ffunction-sections -fdata-sections -Wall -fstack-usage -fcyclomatic-complexity -MMD -MP -MF"Drivers/BSP/STM32L476G_EVAL/stm32l476g_eval_lcd.d" -MT"Drivers/BSP/STM32L476G_EVAL/stm32l476g_eval_lcd.o" --specs=nano.specs -mfpu=fpv4-sp-d16 -mfloat-abi=hard -mthumb -o "Drivers/BSP/STM32L476G_EVAL/stm32l476g_eval_lcd.o"
C:/Users/hj.abijuru/Documents/STM32CubeL4/Drivers/BSP/STM32L476G_EVAL/stm32l476g_eval_lcd.c: In function 'BSP_LCD_Init':
C:/Users/hj.abijuru/Documents/STM32CubeL4/Drivers/BSP/STM32L476G_EVAL/stm32l476g_eval_lcd.c:136:12: warning: unused variable 'id_g' [-Wunused-variable]
  136 |   uint16_t id_g = hx8347g_drv.ReadID();
      |            ^~~~
C:/Users/hj.abijuru/Documents/STM32CubeL4/Drivers/BSP/STM32L476G_EVAL/stm32l476g_eval_lcd.c:135:12: warning: unused variable 'id_i' [-Wunused-variable]
  135 |   uint16_t id_i = hx8347i_drv.ReadID();
      |            ^~~~
arm-none-eabi-gcc -o "TouchSensing_1touchkey.elf" @"objects.list"   -mcpu=cortex-m4 -T"C:\Users\hj.abijuru\Documents\STM32CubeL4\Projects\STM32L476G-EVAL\Applications\TouchSensing\TouchSensing_1touchkey\STM32CubeIDE\STM32L476ZGTX_FLASH.ld" --specs=nosys.specs -Wl,-Map="TouchSensing_1touchkey.map" -Wl,--gc-sections -static --specs=nano.specs -mfpu=fpv4-sp-d16 -mfloat-abi=hard -mthumb -Wl,--start-group -lc -lm -Wl,--end-group
Finished building target: TouchSensing_1touchkey.elf
 
arm-none-eabi-size   TouchSensing_1touchkey.elf 
arm-none-eabi-objdump -h -S  TouchSensing_1touchkey.elf  > "TouchSensing_1touchkey.list"
   text	   data	    bss	    dec	    hex	filename
  38972	    280	   3984	  43236	   a8e4	TouchSensing_1touchkey.elf
Finished building: default.size.stdout
 
Finished building: TouchSensing_1touchkey.list
 
17:28:40 **** Incremental Build of configuration Debug for project TouchSensing_1touchkey ****
make -j8 all 
arm-none-eabi-size   TouchSensing_1touchkey.elf 
   text	   data	    bss	    dec	    hex	filename
  38972	    280	   3984	  43236	   a8e4	TouchSensing_1touchkey.elf
Finished building: default.size.stdout
 
11:14:02 **** Incremental Build of configuration Debug for project TouchSensing_1touchkey ****
make -j8 all 
arm-none-eabi-gcc "C:/Users/hj.abijuru/Documents/STM32CubeL4/Drivers/BSP/STM32L476G_EVAL/stm32l476g_eval.c" -mcpu=cortex-m4 -std=gnu11 -g3 -DDEBUG -DUSE_STM32L476G_EVAL_REVB -DUSE_HAL_DRIVER -DSTM32L476xx -DUSE_IOEXPANDER -c -I../../Inc -I../../../../../../../Drivers/CMSIS/Include -I../../../../../../../Drivers/CMSIS/Device/ST/STM32L4xx/Include -I../../../../../../../Drivers/STM32L4xx_HAL_Driver/Inc -I../../../../../../../Drivers/BSP/STM32L476G_EVAL -I../../../../../../../Drivers/BSP/Components/Common -I../../../../../../../Utilities/Log -I../../../../../../../Utilities/CPU -I../../../../../../../Middlewares/ST/STM32_TouchSensing_Library/inc -O0 -ffunction-sections -fdata-sections -Wall -fstack-usage -fcyclomatic-complexity -MMD -MP -MF"Drivers/BSP/STM32L476G_EVAL/stm32l476g_eval.d" -MT"Drivers/BSP/STM32L476G_EVAL/stm32l476g_eval.o" --specs=nano.specs -mfpu=fpv4-sp-d16 -mfloat-abi=hard -mthumb -o "Drivers/BSP/STM32L476G_EVAL/stm32l476g_eval.o"
arm-none-eabi-gcc -o "TouchSensing_1touchkey.elf" @"objects.list"   -mcpu=cortex-m4 -T"C:\Users\hj.abijuru\Documents\STM32CubeL4\Projects\STM32L476G-EVAL\Applications\TouchSensing\TouchSensing_1touchkey\STM32CubeIDE\STM32L476ZGTX_FLASH.ld" --specs=nosys.specs -Wl,-Map="TouchSensing_1touchkey.map" -Wl,--gc-sections -static --specs=nano.specs -mfpu=fpv4-sp-d16 -mfloat-abi=hard -mthumb -Wl,--start-group -lc -lm -Wl,--end-group
Finished building target: TouchSensing_1touchkey.elf
 
arm-none-eabi-size   TouchSensing_1touchkey.elf 
arm-none-eabi-objdump -h -S  TouchSensing_1touchkey.elf  > "TouchSensing_1touchkey.list"
   text	   data	    bss	    dec	    hex	filename
  38960	    280	   3984	  43224	   a8d8	TouchSensing_1touchkey.elf
Finished building: default.size.stdout
 
Finished building: TouchSensing_1touchkey.list
 
11:20:05 **** Incremental Build of configuration Debug for project TouchSensing_1touchkey ****
make -j8 all 
arm-none-eabi-gcc "C:/Users/hj.abijuru/Documents/STM32CubeL4/Drivers/BSP/STM32L476G_EVAL/stm32l476g_eval.c" -mcpu=cortex-m4 -std=gnu11 -g3 -DDEBUG -DUSE_STM32L476G_EVAL_REVB -DUSE_HAL_DRIVER -DSTM32L476xx -DUSE_IOEXPANDER -c -I../../Inc -I../../../../../../../Drivers/CMSIS/Include -I../../../../../../../Drivers/CMSIS/Device/ST/STM32L4xx/Include -I../../../../../../../Drivers/STM32L4xx_HAL_Driver/Inc -I../../../../../../../Drivers/BSP/STM32L476G_EVAL -I../../../../../../../Drivers/BSP/Components/Common -I../../../../../../../Utilities/Log -I../../../../../../../Utilities/CPU -I../../../../../../../Middlewares/ST/STM32_TouchSensing_Library/inc -O0 -ffunction-sections -fdata-sections -Wall -fstack-usage -fcyclomatic-complexity -MMD -MP -MF"Drivers/BSP/STM32L476G_EVAL/stm32l476g_eval.d" -MT"Drivers/BSP/STM32L476G_EVAL/stm32l476g_eval.o" --specs=nano.specs -mfpu=fpv4-sp-d16 -mfloat-abi=hard -mthumb -o "Drivers/BSP/STM32L476G_EVAL/stm32l476g_eval.o"
arm-none-eabi-gcc "C:/Users/hj.abijuru/Documents/STM32CubeL4/Drivers/BSP/STM32L476G_EVAL/stm32l476g_eval_lcd.c" -mcpu=cortex-m4 -std=gnu11 -g3 -DDEBUG -DUSE_STM32L476G_EVAL_REVB -DUSE_HAL_DRIVER -DSTM32L476xx -DUSE_IOEXPANDER -c -I../../Inc -I../../../../../../../Drivers/CMSIS/Include -I../../../../../../../Drivers/CMSIS/Device/ST/STM32L4xx/Include -I../../../../../../../Drivers/STM32L4xx_HAL_Driver/Inc -I../../../../../../../Drivers/BSP/STM32L476G_EVAL -I../../../../../../../Drivers/BSP/Components/Common -I../../../../../../../Utilities/Log -I../../../../../../../Utilities/CPU -I../../../../../../../Middlewares/ST/STM32_TouchSensing_Library/inc -O0 -ffunction-sections -fdata-sections -Wall -fstack-usage -fcyclomatic-complexity -MMD -MP -MF"Drivers/BSP/STM32L476G_EVAL/stm32l476g_eval_lcd.d" -MT"Drivers/BSP/STM32L476G_EVAL/stm32l476g_eval_lcd.o" --specs=nano.specs -mfpu=fpv4-sp-d16 -mfloat-abi=hard -mthumb -o "Drivers/BSP/STM32L476G_EVAL/stm32l476g_eval_lcd.o"
C:/Users/hj.abijuru/Documents/STM32CubeL4/Drivers/BSP/STM32L476G_EVAL/stm32l476g_eval_lcd.c: In function 'BSP_LCD_Init':
C:/Users/hj.abijuru/Documents/STM32CubeL4/Drivers/BSP/STM32L476G_EVAL/stm32l476g_eval_lcd.c:136:12: warning: unused variable 'id_g' [-Wunused-variable]
  136 |   uint16_t id_g = hx8347g_drv.ReadID();
      |            ^~~~
C:/Users/hj.abijuru/Documents/STM32CubeL4/Drivers/BSP/STM32L476G_EVAL/stm32l476g_eval_lcd.c:135:12: warning: unused variable 'id_i' [-Wunused-variable]
  135 |   uint16_t id_i = hx8347i_drv.ReadID();
      |            ^~~~
arm-none-eabi-gcc -o "TouchSensing_1touchkey.elf" @"objects.list"   -mcpu=cortex-m4 -T"C:\Users\hj.abijuru\Documents\STM32CubeL4\Projects\STM32L476G-EVAL\Applications\TouchSensing\TouchSensing_1touchkey\STM32CubeIDE\STM32L476ZGTX_FLASH.ld" --specs=nosys.specs -Wl,-Map="TouchSensing_1touchkey.map" -Wl,--gc-sections -static --specs=nano.specs -mfpu=fpv4-sp-d16 -mfloat-abi=hard -mthumb -Wl,--start-group -lc -lm -Wl,--end-group
Finished building target: TouchSensing_1touchkey.elf
 
arm-none-eabi-size   TouchSensing_1touchkey.elf 
arm-none-eabi-objdump -h -S  TouchSensing_1touchkey.elf  > "TouchSensing_1touchkey.list"
   text	   data	    bss	    dec	    hex	filename
  38964	    280	   3984	  43228	   a8dc	TouchSensing_1touchkey.elf
Finished building: default.size.stdout
 
Finished building: TouchSensing_1touchkey.list
 
11:41:51 **** Incremental Build of configuration Debug for project TouchSensing_1touchkey ****
make -j8 all 
arm-none-eabi-gcc "C:/Users/hj.abijuru/Documents/STM32CubeL4/Drivers/BSP/STM32L476G_EVAL/stm32l476g_eval_lcd.c" -mcpu=cortex-m4 -std=gnu11 -g3 -DDEBUG -DUSE_STM32L476G_EVAL_REVB -DUSE_HAL_DRIVER -DSTM32L476xx -DUSE_IOEXPANDER -c -I../../Inc -I../../../../../../../Drivers/CMSIS/Include -I../../../../../../../Drivers/CMSIS/Device/ST/STM32L4xx/Include -I../../../../../../../Drivers/STM32L4xx_HAL_Driver/Inc -I../../../../../../../Drivers/BSP/STM32L476G_EVAL -I../../../../../../../Drivers/BSP/Components/Common -I../../../../../../../Utilities/Log -I../../../../../../../Utilities/CPU -I../../../../../../../Middlewares/ST/STM32_TouchSensing_Library/inc -O0 -ffunction-sections -fdata-sections -Wall -fstack-usage -fcyclomatic-complexity -MMD -MP -MF"Drivers/BSP/STM32L476G_EVAL/stm32l476g_eval_lcd.d" -MT"Drivers/BSP/STM32L476G_EVAL/stm32l476g_eval_lcd.o" --specs=nano.specs -mfpu=fpv4-sp-d16 -mfloat-abi=hard -mthumb -o "Drivers/BSP/STM32L476G_EVAL/stm32l476g_eval_lcd.o"
arm-none-eabi-gcc -o "TouchSensing_1touchkey.elf" @"objects.list"   -mcpu=cortex-m4 -T"C:\Users\hj.abijuru\Documents\STM32CubeL4\Projects\STM32L476G-EVAL\Applications\TouchSensing\TouchSensing_1touchkey\STM32CubeIDE\STM32L476ZGTX_FLASH.ld" --specs=nosys.specs -Wl,-Map="TouchSensing_1touchkey.map" -Wl,--gc-sections -static --specs=nano.specs -mfpu=fpv4-sp-d16 -mfloat-abi=hard -mthumb -Wl,--start-group -lc -lm -Wl,--end-group
Finished building target: TouchSensing_1touchkey.elf
 
arm-none-eabi-size   TouchSensing_1touchkey.elf 
arm-none-eabi-objdump -h -S  TouchSensing_1touchkey.elf  > "TouchSensing_1touchkey.list"
   text	   data	    bss	    dec	    hex	filename
  38944	    280	   3984	  43208	   a8c8	TouchSensing_1touchkey.elf
Finished building: default.size.stdout
 
Finished building: TouchSensing_1touchkey.list
 
11:46:17 **** Incremental Build of configuration Debug for project TouchSensing_1touchkey ****
make -j8 all 
arm-none-eabi-gcc "C:/Users/hj.abijuru/Documents/STM32CubeL4/Drivers/BSP/STM32L476G_EVAL/stm32l476g_eval_lcd.c" -mcpu=cortex-m4 -std=gnu11 -g3 -DDEBUG -DUSE_STM32L476G_EVAL_REVB -DUSE_HAL_DRIVER -DSTM32L476xx -DUSE_IOEXPANDER -c -I../../Inc -I../../../../../../../Drivers/CMSIS/Include -I../../../../../../../Drivers/CMSIS/Device/ST/STM32L4xx/Include -I../../../../../../../Drivers/STM32L4xx_HAL_Driver/Inc -I../../../../../../../Drivers/BSP/STM32L476G_EVAL -I../../../../../../../Drivers/BSP/Components/Common -I../../../../../../../Utilities/Log -I../../../../../../../Utilities/CPU -I../../../../../../../Middlewares/ST/STM32_TouchSensing_Library/inc -O0 -ffunction-sections -fdata-sections -Wall -fstack-usage -fcyclomatic-complexity -MMD -MP -MF"Drivers/BSP/STM32L476G_EVAL/stm32l476g_eval_lcd.d" -MT"Drivers/BSP/STM32L476G_EVAL/stm32l476g_eval_lcd.o" --specs=nano.specs -mfpu=fpv4-sp-d16 -mfloat-abi=hard -mthumb -o "Drivers/BSP/STM32L476G_EVAL/stm32l476g_eval_lcd.o"
arm-none-eabi-gcc -o "TouchSensing_1touchkey.elf" @"objects.list"   -mcpu=cortex-m4 -T"C:\Users\hj.abijuru\Documents\STM32CubeL4\Projects\STM32L476G-EVAL\Applications\TouchSensing\TouchSensing_1touchkey\STM32CubeIDE\STM32L476ZGTX_FLASH.ld" --specs=nosys.specs -Wl,-Map="TouchSensing_1touchkey.map" -Wl,--gc-sections -static --specs=nano.specs -mfpu=fpv4-sp-d16 -mfloat-abi=hard -mthumb -Wl,--start-group -lc -lm -Wl,--end-group
Finished building target: TouchSensing_1touchkey.elf
 
arm-none-eabi-size   TouchSensing_1touchkey.elf 
arm-none-eabi-objdump -h -S  TouchSensing_1touchkey.elf  > "TouchSensing_1touchkey.list"
   text	   data	    bss	    dec	    hex	filename
  38952	    280	   3984	  43216	   a8d0	TouchSensing_1touchkey.elf
Finished building: default.size.stdout
 
Finished building: TouchSensing_1touchkey.list
 
11:48:44 **** Incremental Build of configuration Debug for project TouchSensing_1touchkey ****
make -j8 all 
arm-none-eabi-gcc "C:/Users/hj.abijuru/Documents/STM32CubeL4/Drivers/BSP/STM32L476G_EVAL/stm32l476g_eval_lcd.c" -mcpu=cortex-m4 -std=gnu11 -g3 -DDEBUG -DUSE_STM32L476G_EVAL_REVB -DUSE_HAL_DRIVER -DSTM32L476xx -DUSE_IOEXPANDER -c -I../../Inc -I../../../../../../../Drivers/CMSIS/Include -I../../../../../../../Drivers/CMSIS/Device/ST/STM32L4xx/Include -I../../../../../../../Drivers/STM32L4xx_HAL_Driver/Inc -I../../../../../../../Drivers/BSP/STM32L476G_EVAL -I../../../../../../../Drivers/BSP/Components/Common -I../../../../../../../Utilities/Log -I../../../../../../../Utilities/CPU -I../../../../../../../Middlewares/ST/STM32_TouchSensing_Library/inc -O0 -ffunction-sections -fdata-sections -Wall -fstack-usage -fcyclomatic-complexity -MMD -MP -MF"Drivers/BSP/STM32L476G_EVAL/stm32l476g_eval_lcd.d" -MT"Drivers/BSP/STM32L476G_EVAL/stm32l476g_eval_lcd.o" --specs=nano.specs -mfpu=fpv4-sp-d16 -mfloat-abi=hard -mthumb -o "Drivers/BSP/STM32L476G_EVAL/stm32l476g_eval_lcd.o"
arm-none-eabi-gcc -o "TouchSensing_1touchkey.elf" @"objects.list"   -mcpu=cortex-m4 -T"C:\Users\hj.abijuru\Documents\STM32CubeL4\Projects\STM32L476G-EVAL\Applications\TouchSensing\TouchSensing_1touchkey\STM32CubeIDE\STM32L476ZGTX_FLASH.ld" --specs=nosys.specs -Wl,-Map="TouchSensing_1touchkey.map" -Wl,--gc-sections -static --specs=nano.specs -mfpu=fpv4-sp-d16 -mfloat-abi=hard -mthumb -Wl,--start-group -lc -lm -Wl,--end-group
Finished building target: TouchSensing_1touchkey.elf
 
arm-none-eabi-size   TouchSensing_1touchkey.elf 
arm-none-eabi-objdump -h -S  TouchSensing_1touchkey.elf  > "TouchSensing_1touchkey.list"
   text	   data	    bss	    dec	    hex	filename
  38964	    280	   3984	  43228	   a8dc	TouchSensing_1touchkey.elf
Finished building: default.size.stdout
 
Finished building: TouchSensing_1touchkey.list
 
11:49:19 **** Incremental Build of configuration Debug for project TouchSensing_1touchkey ****
make -j8 all 
arm-none-eabi-size   TouchSensing_1touchkey.elf 
   text	   data	    bss	    dec	    hex	filename
  38964	    280	   3984	  43228	   a8dc	TouchSensing_1touchkey.elf
Finished building: default.size.stdout
 
11:51:00 **** Incremental Build of configuration Debug for project TouchSensing_1touchkey ****
make -j8 all 
arm-none-eabi-size   TouchSensing_1touchkey.elf 
   text	   data	    bss	    dec	    hex	filename
  38964	    280	   3984	  43228	   a8dc	TouchSensing_1touchkey.elf
Finished building: default.size.stdout
 
