10:14:04 **** Incremental Build of configuration Debug for project Demo_Roaring_tiger_F429 ****
make -j8 all 
arm-none-eabi-size   Demo_Roaring_tiger_F429.elf 
   text	   data	    bss	    dec	    hex	filename
 472672	     20	   1740	 474432	  73d40	Demo_Roaring_tiger_F429.elf
Finished building: default.size.stdout
 
10:15:27 **** Incremental Build of configuration Debug for project Demo_Roaring_tiger_F429 ****
make -j8 all 
arm-none-eabi-size   Demo_Roaring_tiger_F429.elf 
   text	   data	    bss	    dec	    hex	filename
 472672	     20	   1740	 474432	  73d40	Demo_Roaring_tiger_F429.elf
Finished building: default.size.stdout
 
10:22:43 **** Incremental Build of configuration Debug for project Demo_Roaring_tiger_F429 ****
make -j8 all 
arm-none-eabi-gcc "../Core/Src/main.c" -mcpu=cortex-m4 -std=gnu11 -g3 -DDEBUG -DUSE_HAL_DRIVER -DSTM32F429xx -c -I../Core/Inc -I../Drivers/STM32F4xx_HAL_Driver/Inc -I../Drivers/STM32F4xx_HAL_Driver/Inc/Legacy -I../Drivers/CMSIS/Device/ST/STM32F4xx/Include -I../Drivers/CMSIS/Include -O0 -ffunction-sections -fdata-sections -Wall -fstack-usage -fcyclomatic-complexity -MMD -MP -MF"Core/Src/main.d" -MT"Core/Src/main.o" --specs=nano.specs -mfpu=fpv4-sp-d16 -mfloat-abi=hard -mthumb -o "Core/Src/main.o"
arm-none-eabi-gcc -o "Demo_Roaring_tiger_F429.elf" @"objects.list"   -mcpu=cortex-m4 -T"C:\Users\hj.abijuru\Documents\formations_udemy\formation_graphic_hmis_stm32\Demo_Roaring_tiger_F429\STM32F429ZITX_FLASH.ld" --specs=nosys.specs -Wl,-Map="Demo_Roaring_tiger_F429.map" -Wl,--gc-sections -static --specs=nano.specs -mfpu=fpv4-sp-d16 -mfloat-abi=hard -mthumb -Wl,--start-group -lc -lm -Wl,--end-group
Finished building target: Demo_Roaring_tiger_F429.elf
 
arm-none-eabi-size   Demo_Roaring_tiger_F429.elf 
arm-none-eabi-objdump -h -S  Demo_Roaring_tiger_F429.elf  > "Demo_Roaring_tiger_F429.list"
   text	   data	    bss	    dec	    hex	filename
 472672	     20	   1740	 474432	  73d40	Demo_Roaring_tiger_F429.elf
Finished building: default.size.stdout
 
Finished building: Demo_Roaring_tiger_F429.list
 
