14:35:06 **** Incremental Build of configuration Debug for project rainbow_bars_lcd_tft_display ****
make -j8 all 
arm-none-eabi-gcc -o "rainbow_bars_lcd_tft_display.elf" @"objects.list"   -mcpu=cortex-m4 -T"C:\Users\hj.abijuru\Documents\formations_udemy\formation_graphic_hmis_stm32\rainbow_bars_lcd_tft_display\STM32L476ZGTX_FLASH.ld" --specs=nosys.specs -Wl,-Map="rainbow_bars_lcd_tft_display.map" -Wl,--gc-sections -static --specs=nano.specs -mfpu=fpv4-sp-d16 -mfloat-abi=soft -mthumb -Wl,--start-group -lc -lm -Wl,--end-group
Finished building target: rainbow_bars_lcd_tft_display.elf
 
arm-none-eabi-size   rainbow_bars_lcd_tft_display.elf 
arm-none-eabi-objdump -h -S  rainbow_bars_lcd_tft_display.elf  > "rainbow_bars_lcd_tft_display.list"
   text	   data	    bss	    dec	    hex	filename
    748	      8	   1568	   2324	    914	rainbow_bars_lcd_tft_display.elf
Finished building: default.size.stdout
 
Finished building: rainbow_bars_lcd_tft_display.list
 

14:35:07 Build Finished. 0 errors, 0 warnings. (took 731ms)

