Archive member included to satisfy reference by file (symbol)

c:/st/stm32cubeide_1.12.1/stm32cubeide/plugins/com.st.stm32cube.ide.mcu.externaltools.gnu-tools-for-stm32.10.3-2021.10.win32_1.0.200.202301161003/tools/bin/../lib/gcc/arm-none-eabi/10.3.1/../../../../arm-none-eabi/lib/thumb/v7e-m+fp/hard\libc_nano.a(lib_a-errno.o)
                              ./Core/Src/syscalls.o (__errno)
c:/st/stm32cubeide_1.12.1/stm32cubeide/plugins/com.st.stm32cube.ide.mcu.externaltools.gnu-tools-for-stm32.10.3-2021.10.win32_1.0.200.202301161003/tools/bin/../lib/gcc/arm-none-eabi/10.3.1/../../../../arm-none-eabi/lib/thumb/v7e-m+fp/hard\libc_nano.a(lib_a-exit.o)
                              c:/st/stm32cubeide_1.12.1/stm32cubeide/plugins/com.st.stm32cube.ide.mcu.externaltools.gnu-tools-for-stm32.10.3-2021.10.win32_1.0.200.202301161003/tools/bin/../lib/gcc/arm-none-eabi/10.3.1/../../../../arm-none-eabi/lib/thumb/v7e-m+fp/hard/crt0.o (exit)
c:/st/stm32cubeide_1.12.1/stm32cubeide/plugins/com.st.stm32cube.ide.mcu.externaltools.gnu-tools-for-stm32.10.3-2021.10.win32_1.0.200.202301161003/tools/bin/../lib/gcc/arm-none-eabi/10.3.1/../../../../arm-none-eabi/lib/thumb/v7e-m+fp/hard\libc_nano.a(lib_a-impure.o)
                              c:/st/stm32cubeide_1.12.1/stm32cubeide/plugins/com.st.stm32cube.ide.mcu.externaltools.gnu-tools-for-stm32.10.3-2021.10.win32_1.0.200.202301161003/tools/bin/../lib/gcc/arm-none-eabi/10.3.1/../../../../arm-none-eabi/lib/thumb/v7e-m+fp/hard\libc_nano.a(lib_a-exit.o) (_global_impure_ptr)
c:/st/stm32cubeide_1.12.1/stm32cubeide/plugins/com.st.stm32cube.ide.mcu.externaltools.gnu-tools-for-stm32.10.3-2021.10.win32_1.0.200.202301161003/tools/bin/../lib/gcc/arm-none-eabi/10.3.1/../../../../arm-none-eabi/lib/thumb/v7e-m+fp/hard\libc_nano.a(lib_a-init.o)
                              c:/st/stm32cubeide_1.12.1/stm32cubeide/plugins/com.st.stm32cube.ide.mcu.externaltools.gnu-tools-for-stm32.10.3-2021.10.win32_1.0.200.202301161003/tools/bin/../lib/gcc/arm-none-eabi/10.3.1/../../../../arm-none-eabi/lib/thumb/v7e-m+fp/hard/crt0.o (__libc_init_array)
c:/st/stm32cubeide_1.12.1/stm32cubeide/plugins/com.st.stm32cube.ide.mcu.externaltools.gnu-tools-for-stm32.10.3-2021.10.win32_1.0.200.202301161003/tools/bin/../lib/gcc/arm-none-eabi/10.3.1/../../../../arm-none-eabi/lib/thumb/v7e-m+fp/hard\libc_nano.a(lib_a-memset.o)
                              c:/st/stm32cubeide_1.12.1/stm32cubeide/plugins/com.st.stm32cube.ide.mcu.externaltools.gnu-tools-for-stm32.10.3-2021.10.win32_1.0.200.202301161003/tools/bin/../lib/gcc/arm-none-eabi/10.3.1/../../../../arm-none-eabi/lib/thumb/v7e-m+fp/hard/crt0.o (memset)
c:/st/stm32cubeide_1.12.1/stm32cubeide/plugins/com.st.stm32cube.ide.mcu.externaltools.gnu-tools-for-stm32.10.3-2021.10.win32_1.0.200.202301161003/tools/bin/../lib/gcc/arm-none-eabi/10.3.1/thumb/v7e-m+fp/hard\libgcc.a(_aeabi_uldivmod.o)
                              ./Drivers/STM32F4xx_HAL_Driver/Src/stm32f4xx_hal_rcc.o (__aeabi_uldivmod)
c:/st/stm32cubeide_1.12.1/stm32cubeide/plugins/com.st.stm32cube.ide.mcu.externaltools.gnu-tools-for-stm32.10.3-2021.10.win32_1.0.200.202301161003/tools/bin/../lib/gcc/arm-none-eabi/10.3.1/thumb/v7e-m+fp/hard\libgcc.a(_udivmoddi4.o)
                              c:/st/stm32cubeide_1.12.1/stm32cubeide/plugins/com.st.stm32cube.ide.mcu.externaltools.gnu-tools-for-stm32.10.3-2021.10.win32_1.0.200.202301161003/tools/bin/../lib/gcc/arm-none-eabi/10.3.1/thumb/v7e-m+fp/hard\libgcc.a(_aeabi_uldivmod.o) (__udivmoddi4)
c:/st/stm32cubeide_1.12.1/stm32cubeide/plugins/com.st.stm32cube.ide.mcu.externaltools.gnu-tools-for-stm32.10.3-2021.10.win32_1.0.200.202301161003/tools/bin/../lib/gcc/arm-none-eabi/10.3.1/thumb/v7e-m+fp/hard\libgcc.a(_dvmd_tls.o)
                              c:/st/stm32cubeide_1.12.1/stm32cubeide/plugins/com.st.stm32cube.ide.mcu.externaltools.gnu-tools-for-stm32.10.3-2021.10.win32_1.0.200.202301161003/tools/bin/../lib/gcc/arm-none-eabi/10.3.1/thumb/v7e-m+fp/hard\libgcc.a(_aeabi_uldivmod.o) (__aeabi_ldiv0)

Discarded input sections

 .text          0x0000000000000000        0x0 c:/st/stm32cubeide_1.12.1/stm32cubeide/plugins/com.st.stm32cube.ide.mcu.externaltools.gnu-tools-for-stm32.10.3-2021.10.win32_1.0.200.202301161003/tools/bin/../lib/gcc/arm-none-eabi/10.3.1/thumb/v7e-m+fp/hard/crti.o
 .data          0x0000000000000000        0x0 c:/st/stm32cubeide_1.12.1/stm32cubeide/plugins/com.st.stm32cube.ide.mcu.externaltools.gnu-tools-for-stm32.10.3-2021.10.win32_1.0.200.202301161003/tools/bin/../lib/gcc/arm-none-eabi/10.3.1/thumb/v7e-m+fp/hard/crti.o
 .bss           0x0000000000000000        0x0 c:/st/stm32cubeide_1.12.1/stm32cubeide/plugins/com.st.stm32cube.ide.mcu.externaltools.gnu-tools-for-stm32.10.3-2021.10.win32_1.0.200.202301161003/tools/bin/../lib/gcc/arm-none-eabi/10.3.1/thumb/v7e-m+fp/hard/crti.o
[...]
Memory Configuration

Name             Origin             Length             Attributes
CCMRAM           0x0000000010000000 0x0000000000010000 xrw
RAM              0x0000000020000000 0x0000000000030000 xrw
FLASH            0x0000000008000000 0x0000000000200000 xr
*default*        0x0000000000000000 0xffffffffffffffff

Linker script and memory map

LOAD c:/st/stm32cubeide_1.12.1/stm32cubeide/plugins/com.st.stm32cube.ide.mcu.externaltools.gnu-tools-for-stm32.10.3-2021.10.win32_1.0.200.202301161003/tools/bin/../lib/gcc/arm-none-eabi/10.3.1/thumb/v7e-m+fp/hard/crti.o
LOAD c:/st/stm32cubeide_1.12.1/stm32cubeide/plugins/com.st.stm32cube.ide.mcu.externaltools.gnu-tools-for-stm32.10.3-2021.10.win32_1.0.200.202301161003/tools/bin/../lib/gcc/arm-none-eabi/10.3.1/thumb/v7e-m+fp/hard/crtbegin.o
LOAD c:/st/stm32cubeide_1.12.1/stm32cubeide/plugins/com.st.stm32cube.ide.mcu.externaltools.gnu-tools-for-stm32.10.3-2021.10.win32_1.0.200.202301161003/tools/bin/../lib/gcc/arm-none-eabi/10.3.1/../../../../arm-none-eabi/lib/thumb/v7e-m+fp/hard/crt0.o
LOAD ./Core/Src/bsp_lcd.o
LOAD ./Core/Src/main.o
LOAD ./Core/Src/stm32f4xx_hal_msp.o
LOAD ./Core/Src/stm32f4xx_it.o
LOAD ./Core/Src/syscalls.o
LOAD ./Core/Src/sysmem.o
LOAD ./Core/Src/system_stm32f4xx.o
LOAD ./Core/Src/t1_320x240.o
LOAD ./Core/Src/t2_320x240.o
LOAD ./Core/Src/t3_320x240.o
LOAD ./Core/Startup/startup_stm32f429zitx.o
LOAD ./Drivers/STM32F4xx_HAL_Driver/Src/stm32f4xx_hal.o
LOAD ./Drivers/STM32F4xx_HAL_Driver/Src/stm32f4xx_hal_cortex.o
LOAD ./Drivers/STM32F4xx_HAL_Driver/Src/stm32f4xx_hal_dma.o
LOAD ./Drivers/STM32F4xx_HAL_Driver/Src/stm32f4xx_hal_dma_ex.o
LOAD ./Drivers/STM32F4xx_HAL_Driver/Src/stm32f4xx_hal_dsi.o
LOAD ./Drivers/STM32F4xx_HAL_Driver/Src/stm32f4xx_hal_exti.o
LOAD ./Drivers/STM32F4xx_HAL_Driver/Src/stm32f4xx_hal_flash.o
LOAD ./Drivers/STM32F4xx_HAL_Driver/Src/stm32f4xx_hal_flash_ex.o
LOAD ./Drivers/STM32F4xx_HAL_Driver/Src/stm32f4xx_hal_flash_ramfunc.o
LOAD ./Drivers/STM32F4xx_HAL_Driver/Src/stm32f4xx_hal_gpio.o
LOAD ./Drivers/STM32F4xx_HAL_Driver/Src/stm32f4xx_hal_ltdc.o
LOAD ./Drivers/STM32F4xx_HAL_Driver/Src/stm32f4xx_hal_ltdc_ex.o
LOAD ./Drivers/STM32F4xx_HAL_Driver/Src/stm32f4xx_hal_pwr.o
LOAD ./Drivers/STM32F4xx_HAL_Driver/Src/stm32f4xx_hal_pwr_ex.o
LOAD ./Drivers/STM32F4xx_HAL_Driver/Src/stm32f4xx_hal_rcc.o
LOAD ./Drivers/STM32F4xx_HAL_Driver/Src/stm32f4xx_hal_rcc_ex.o
LOAD ./Drivers/STM32F4xx_HAL_Driver/Src/stm32f4xx_hal_spi.o
LOAD ./Drivers/STM32F4xx_HAL_Driver/Src/stm32f4xx_hal_tim.o
LOAD ./Drivers/STM32F4xx_HAL_Driver/Src/stm32f4xx_hal_tim_ex.o
START GROUP
LOAD c:/st/stm32cubeide_1.12.1/stm32cubeide/plugins/com.st.stm32cube.ide.mcu.externaltools.gnu-tools-for-stm32.10.3-2021.10.win32_1.0.200.202301161003/tools/bin/../lib/gcc/arm-none-eabi/10.3.1/../../../../arm-none-eabi/lib/thumb/v7e-m+fp/hard\libc_nano.a
LOAD c:/st/stm32cubeide_1.12.1/stm32cubeide/plugins/com.st.stm32cube.ide.mcu.externaltools.gnu-tools-for-stm32.10.3-2021.10.win32_1.0.200.202301161003/tools/bin/../lib/gcc/arm-none-eabi/10.3.1/../../../../arm-none-eabi/lib/thumb/v7e-m+fp/hard\libm.a
END GROUP
START GROUP
LOAD c:/st/stm32cubeide_1.12.1/stm32cubeide/plugins/com.st.stm32cube.ide.mcu.externaltools.gnu-tools-for-stm32.10.3-2021.10.win32_1.0.200.202301161003/tools/bin/../lib/gcc/arm-none-eabi/10.3.1/thumb/v7e-m+fp/hard\libgcc.a
LOAD c:/st/stm32cubeide_1.12.1/stm32cubeide/plugins/com.st.stm32cube.ide.mcu.externaltools.gnu-tools-for-stm32.10.3-2021.10.win32_1.0.200.202301161003/tools/bin/../lib/gcc/arm-none-eabi/10.3.1/../../../../arm-none-eabi/lib/thumb/v7e-m+fp/hard\libc_nano.a
END GROUP
START GROUP
LOAD c:/st/stm32cubeide_1.12.1/stm32cubeide/plugins/com.st.stm32cube.ide.mcu.externaltools.gnu-tools-for-stm32.10.3-2021.10.win32_1.0.200.202301161003/tools/bin/../lib/gcc/arm-none-eabi/10.3.1/thumb/v7e-m+fp/hard\libgcc.a
LOAD c:/st/stm32cubeide_1.12.1/stm32cubeide/plugins/com.st.stm32cube.ide.mcu.externaltools.gnu-tools-for-stm32.10.3-2021.10.win32_1.0.200.202301161003/tools/bin/../lib/gcc/arm-none-eabi/10.3.1/../../../../arm-none-eabi/lib/thumb/v7e-m+fp/hard\libc_nano.a
LOAD c:/st/stm32cubeide_1.12.1/stm32cubeide/plugins/com.st.stm32cube.ide.mcu.externaltools.gnu-tools-for-stm32.10.3-2021.10.win32_1.0.200.202301161003/tools/bin/../lib/gcc/arm-none-eabi/10.3.1/../../../../arm-none-eabi/lib/thumb/v7e-m+fp/hard\libnosys.a
END GROUP
START GROUP
LOAD c:/st/stm32cubeide_1.12.1/stm32cubeide/plugins/com.st.stm32cube.ide.mcu.externaltools.gnu-tools-for-stm32.10.3-2021.10.win32_1.0.200.202301161003/tools/bin/../lib/gcc/arm-none-eabi/10.3.1/thumb/v7e-m+fp/hard\libgcc.a
LOAD c:/st/stm32cubeide_1.12.1/stm32cubeide/plugins/com.st.stm32cube.ide.mcu.externaltools.gnu-tools-for-stm32.10.3-2021.10.win32_1.0.200.202301161003/tools/bin/../lib/gcc/arm-none-eabi/10.3.1/../../../../arm-none-eabi/lib/thumb/v7e-m+fp/hard\libc_nano.a
LOAD c:/st/stm32cubeide_1.12.1/stm32cubeide/plugins/com.st.stm32cube.ide.mcu.externaltools.gnu-tools-for-stm32.10.3-2021.10.win32_1.0.200.202301161003/tools/bin/../lib/gcc/arm-none-eabi/10.3.1/../../../../arm-none-eabi/lib/thumb/v7e-m+fp/hard\libnosys.a
END GROUP
LOAD c:/st/stm32cubeide_1.12.1/stm32cubeide/plugins/com.st.stm32cube.ide.mcu.externaltools.gnu-tools-for-stm32.10.3-2021.10.win32_1.0.200.202301161003/tools/bin/../lib/gcc/arm-none-eabi/10.3.1/thumb/v7e-m+fp/hard/crtend.o
LOAD c:/st/stm32cubeide_1.12.1/stm32cubeide/plugins/com.st.stm32cube.ide.mcu.externaltools.gnu-tools-for-stm32.10.3-2021.10.win32_1.0.200.202301161003/tools/bin/../lib/gcc/arm-none-eabi/10.3.1/thumb/v7e-m+fp/hard/crtn.o
                0x0000000020030000                _estack = (ORIGIN (RAM) + LENGTH (RAM))
                0x0000000000000200                _Min_Heap_Size = 0x200
                0x0000000000000400                _Min_Stack_Size = 0x400

.isr_vector     0x0000000008000000      0x1ac
                0x0000000008000000                . = ALIGN (0x4)
 *(.isr_vector)
 .isr_vector    0x0000000008000000      0x1ac ./Core/Startup/startup_stm32f429zitx.o
                0x0000000008000000                g_pfnVectors
                0x00000000080001ac                . = ALIGN (0x4)

.text           0x00000000080001ac     0x2c9c
                0x00000000080001ac                . = ALIGN (0x4)
 *(.text)
 .text          0x00000000080001ac       0x40 c:/st/stm32cubeide_1.12.1/stm32cubeide/plugins/com.st.stm32cube.ide.mcu.externaltools.gnu-tools-for-stm32.10.3-2021.10.win32_1.0.200.202301161003/tools/bin/../lib/gcc/arm-none-eabi/10.3.1/thumb/v7e-m+fp/hard/crtbegin.o
 .text          0x00000000080001ec       0x30 c:/st/stm32cubeide_1.12.1/stm32cubeide/plugins/com.st.stm32cube.ide.mcu.externaltools.gnu-tools-for-stm32.10.3-2021.10.win32_1.0.200.202301161003/tools/bin/../lib/gcc/arm-none-eabi/10.3.1/thumb/v7e-m+fp/hard\libgcc.a(_aeabi_uldivmod.o)
                0x00000000080001ec                __aeabi_uldivmod
 .text          0x000000000800021c      0x2d0 c:/st/stm32cubeide_1.12.1/stm32cubeide/plugins/com.st.stm32cube.ide.mcu.externaltools.gnu-tools-for-stm32.10.3-2021.10.win32_1.0.200.202301161003/tools/bin/../lib/gcc/arm-none-eabi/10.3.1/thumb/v7e-m+fp/hard\libgcc.a(_udivmoddi4.o)
                0x000000000800021c                __udivmoddi4
 .text          0x00000000080004ec        0x4 c:/st/stm32cubeide_1.12.1/stm32cubeide/plugins/com.st.stm32cube.ide.mcu.externaltools.gnu-tools-for-stm32.10.3-2021.10.win32_1.0.200.202301161003/tools/bin/../lib/gcc/arm-none-eabi/10.3.1/thumb/v7e-m+fp/hard\libgcc.a(_dvmd_tls.o)
                0x00000000080004ec                __aeabi_idiv0
                0x00000000080004ec                __aeabi_ldiv0
 *(.text*)
 .text.BSP_LCD_Init
                0x00000000080004f0       0x1c ./Core/Src/bsp_lcd.o
                0x00000000080004f0                BSP_LCD_Init
 .text.BSP_LCD_Set_Orientation
                0x000000000800050c       0xc0 ./Core/Src/bsp_lcd.o
                0x000000000800050c                BSP_LCD_Set_Orientation
 .text.LCD_Pin_Init
                0x00000000080005cc      0x1ec ./Core/Src/bsp_lcd.o
                0x00000000080005cc                LCD_Pin_Init
 .text.LCD_SPI_Enable
                0x00000000080007b8       0x28 ./Core/Src/bsp_lcd.o
                0x00000000080007b8                LCD_SPI_Enable
 .text.LCD_SPI_Init
                0x00000000080007e0       0xcc ./Core/Src/bsp_lcd.o
                0x00000000080007e0                LCD_SPI_Init
 .text.delay_50ms
                0x00000000080008ac       0x2c ./Core/Src/bsp_lcd.o
                0x00000000080008ac                delay_50ms
 .text.LCD_Reset
                0x00000000080008d8       0x5c ./Core/Src/bsp_lcd.o
                0x00000000080008d8                LCD_Reset
 .text.LCD_Config
                0x0000000008000934      0x2c0 ./Core/Src/bsp_lcd.o
                0x0000000008000934                LCD_Config
 .text.LCD_Write_Cmd
                0x0000000008000bf4       0x88 ./Core/Src/bsp_lcd.o
                0x0000000008000bf4                LCD_Write_Cmd
 .text.LCD_Write_Data
                0x0000000008000c7c       0x88 ./Core/Src/bsp_lcd.o
                0x0000000008000c7c                LCD_Write_Data
 .text.main     0x0000000008000d04       0x68 ./Core/Src/main.o
                0x0000000008000d04                main
 .text.SystemClock_Config
                0x0000000008000d6c       0xe0 ./Core/Src/main.o
                0x0000000008000d6c                SystemClock_Config
 .text.MX_LTDC_Init
                0x0000000008000e4c      0x100 ./Core/Src/main.o
 .text.Error_Handler
                0x0000000008000f4c        0xa ./Core/Src/main.o
                0x0000000008000f4c                Error_Handler
 *fill*         0x0000000008000f56        0x2 
 .text.HAL_MspInit
                0x0000000008000f58       0x50 ./Core/Src/stm32f4xx_hal_msp.o
                0x0000000008000f58                HAL_MspInit
 .text.HAL_LTDC_MspInit
                0x0000000008000fa8      0x270 ./Core/Src/stm32f4xx_hal_msp.o
                0x0000000008000fa8                HAL_LTDC_MspInit
 .text.NMI_Handler
                0x0000000008001218        0x6 ./Core/Src/stm32f4xx_it.o
                0x0000000008001218                NMI_Handler
 .text.HardFault_Handler
                0x000000000800121e        0x6 ./Core/Src/stm32f4xx_it.o
                0x000000000800121e                HardFault_Handler
 .text.MemManage_Handler
                0x0000000008001224        0x6 ./Core/Src/stm32f4xx_it.o
                0x0000000008001224                MemManage_Handler
 .text.BusFault_Handler
                0x000000000800122a        0x6 ./Core/Src/stm32f4xx_it.o
                0x000000000800122a                BusFault_Handler
 .text.UsageFault_Handler
                0x0000000008001230        0x6 ./Core/Src/stm32f4xx_it.o
                0x0000000008001230                UsageFault_Handler
 .text.SVC_Handler
                0x0000000008001236        0xe ./Core/Src/stm32f4xx_it.o
                0x0000000008001236                SVC_Handler
 .text.DebugMon_Handler
                0x0000000008001244        0xe ./Core/Src/stm32f4xx_it.o
                0x0000000008001244                DebugMon_Handler
 .text.PendSV_Handler
                0x0000000008001252        0xe ./Core/Src/stm32f4xx_it.o
                0x0000000008001252                PendSV_Handler
 .text.SysTick_Handler
                0x0000000008001260        0xc ./Core/Src/stm32f4xx_it.o
                0x0000000008001260                SysTick_Handler
 .text.LTDC_IRQHandler
                0x000000000800126c       0x14 ./Core/Src/stm32f4xx_it.o
                0x000000000800126c                LTDC_IRQHandler
 .text.LTDC_ER_IRQHandler
                0x0000000008001280       0x14 ./Core/Src/stm32f4xx_it.o
                0x0000000008001280                LTDC_ER_IRQHandler
 .text.SystemInit
                0x0000000008001294       0x24 ./Core/Src/system_stm32f4xx.o
                0x0000000008001294                SystemInit
 .text.Reset_Handler
                0x00000000080012b8       0x50 ./Core/Startup/startup_stm32f429zitx.o
                0x00000000080012b8                Reset_Handler
 .text.Default_Handler
                0x0000000008001308        0x2 ./Core/Startup/startup_stm32f429zitx.o
                0x0000000008001308                RTC_Alarm_IRQHandler
                0x0000000008001308                HASH_RNG_IRQHandler
                0x0000000008001308                EXTI2_IRQHandler
                0x0000000008001308                TIM8_CC_IRQHandler
                0x0000000008001308                UART8_IRQHandler
                0x0000000008001308                SPI4_IRQHandler
                0x0000000008001308                TIM1_CC_IRQHandler
                0x0000000008001308                DMA2_Stream5_IRQHandler
                0x0000000008001308                DMA1_Stream5_IRQHandler
                0x0000000008001308                PVD_IRQHandler
                0x0000000008001308                SDIO_IRQHandler
                0x0000000008001308                TAMP_STAMP_IRQHandler
                0x0000000008001308                CAN2_RX1_IRQHandler
                0x0000000008001308                EXTI3_IRQHandler
                0x0000000008001308                TIM8_TRG_COM_TIM14_IRQHandler
                0x0000000008001308                TIM1_UP_TIM10_IRQHandler
                0x0000000008001308                TIM8_UP_TIM13_IRQHandler
                0x0000000008001308                I2C3_ER_IRQHandler
                0x0000000008001308                EXTI0_IRQHandler
                0x0000000008001308                I2C2_EV_IRQHandler
                0x0000000008001308                DMA1_Stream2_IRQHandler
                0x0000000008001308                CAN1_RX0_IRQHandler
                0x0000000008001308                FPU_IRQHandler
                0x0000000008001308                OTG_HS_WKUP_IRQHandler
                0x0000000008001308                CAN2_SCE_IRQHandler
                0x0000000008001308                DMA2_Stream2_IRQHandler
                0x0000000008001308                SPI1_IRQHandler
                0x0000000008001308                TIM6_DAC_IRQHandler
                0x0000000008001308                TIM1_BRK_TIM9_IRQHandler
                0x0000000008001308                DCMI_IRQHandler
                0x0000000008001308                CAN2_RX0_IRQHandler
                0x0000000008001308                DMA2_Stream3_IRQHandler
                0x0000000008001308                USART6_IRQHandler
                0x0000000008001308                USART3_IRQHandler
                0x0000000008001308                CAN1_RX1_IRQHandler
                0x0000000008001308                UART5_IRQHandler
                0x0000000008001308                DMA2_Stream0_IRQHandler
                0x0000000008001308                TIM4_IRQHandler
                0x0000000008001308                I2C1_EV_IRQHandler
                0x0000000008001308                DMA1_Stream6_IRQHandler
                0x0000000008001308                DMA1_Stream1_IRQHandler
                0x0000000008001308                UART4_IRQHandler
                0x0000000008001308                TIM3_IRQHandler
                0x0000000008001308                RCC_IRQHandler
                0x0000000008001308                TIM8_BRK_TIM12_IRQHandler
                0x0000000008001308                Default_Handler
                0x0000000008001308                EXTI15_10_IRQHandler
                0x0000000008001308                ADC_IRQHandler
                0x0000000008001308                DMA1_Stream7_IRQHandler
                0x0000000008001308                SPI5_IRQHandler
                0x0000000008001308                TIM7_IRQHandler
                0x0000000008001308                CAN2_TX_IRQHandler
                0x0000000008001308                TIM5_IRQHandler
                0x0000000008001308                DMA2_Stream7_IRQHandler
                0x0000000008001308                I2C3_EV_IRQHandler
                0x0000000008001308                EXTI9_5_IRQHandler
                0x0000000008001308                RTC_WKUP_IRQHandler
                0x0000000008001308                ETH_WKUP_IRQHandler
                0x0000000008001308                SPI2_IRQHandler
                0x0000000008001308                OTG_HS_EP1_IN_IRQHandler
                0x0000000008001308                DMA1_Stream0_IRQHandler
                0x0000000008001308                CAN1_TX_IRQHandler
                0x0000000008001308                EXTI4_IRQHandler
                0x0000000008001308                ETH_IRQHandler
                0x0000000008001308                OTG_HS_EP1_OUT_IRQHandler
                0x0000000008001308                WWDG_IRQHandler
                0x0000000008001308                SPI6_IRQHandler
                0x0000000008001308                TIM2_IRQHandler
                0x0000000008001308                OTG_FS_WKUP_IRQHandler
                0x0000000008001308                TIM1_TRG_COM_TIM11_IRQHandler
                0x0000000008001308                OTG_HS_IRQHandler
                0x0000000008001308                DMA2D_IRQHandler
                0x0000000008001308                EXTI1_IRQHandler
                0x0000000008001308                UART7_IRQHandler
                0x0000000008001308                USART2_IRQHandler
                0x0000000008001308                I2C2_ER_IRQHandler
                0x0000000008001308                DMA2_Stream1_IRQHandler
                0x0000000008001308                CAN1_SCE_IRQHandler
                0x0000000008001308                FLASH_IRQHandler
                0x0000000008001308                DMA2_Stream4_IRQHandler
                0x0000000008001308                USART1_IRQHandler
                0x0000000008001308                OTG_FS_IRQHandler
                0x0000000008001308                SPI3_IRQHandler
                0x0000000008001308                DMA1_Stream4_IRQHandler
                0x0000000008001308                I2C1_ER_IRQHandler
                0x0000000008001308                FMC_IRQHandler
                0x0000000008001308                DMA2_Stream6_IRQHandler
                0x0000000008001308                SAI1_IRQHandler
                0x0000000008001308                DMA1_Stream3_IRQHandler
 *fill*         0x000000000800130a        0x2 
 .text.HAL_Init
                0x000000000800130c       0x44 ./Drivers/STM32F4xx_HAL_Driver/Src/stm32f4xx_hal.o
                0x000000000800130c                HAL_Init
 .text.HAL_InitTick
                0x0000000008001350       0x60 ./Drivers/STM32F4xx_HAL_Driver/Src/stm32f4xx_hal.o
                0x0000000008001350                HAL_InitTick
 .text.HAL_IncTick
                0x00000000080013b0       0x28 ./Drivers/STM32F4xx_HAL_Driver/Src/stm32f4xx_hal.o
                0x00000000080013b0                HAL_IncTick
 .text.HAL_GetTick
                0x00000000080013d8       0x18 ./Drivers/STM32F4xx_HAL_Driver/Src/stm32f4xx_hal.o
                0x00000000080013d8                HAL_GetTick
 .text.HAL_Delay
                0x00000000080013f0       0x48 ./Drivers/STM32F4xx_HAL_Driver/Src/stm32f4xx_hal.o
                0x00000000080013f0                HAL_Delay
 .text.__NVIC_SetPriorityGrouping
                0x0000000008001438       0x48 ./Drivers/STM32F4xx_HAL_Driver/Src/stm32f4xx_hal_cortex.o
 .text.__NVIC_GetPriorityGrouping
                0x0000000008001480       0x1c ./Drivers/STM32F4xx_HAL_Driver/Src/stm32f4xx_hal_cortex.o
 .text.__NVIC_EnableIRQ
                0x000000000800149c       0x3c ./Drivers/STM32F4xx_HAL_Driver/Src/stm32f4xx_hal_cortex.o
 .text.__NVIC_SetPriority
                0x00000000080014d8       0x54 ./Drivers/STM32F4xx_HAL_Driver/Src/stm32f4xx_hal_cortex.o
 .text.NVIC_EncodePriority
                0x000000000800152c       0x66 ./Drivers/STM32F4xx_HAL_Driver/Src/stm32f4xx_hal_cortex.o
 *fill*         0x0000000008001592        0x2 
 .text.SysTick_Config
                0x0000000008001594       0x44 ./Drivers/STM32F4xx_HAL_Driver/Src/stm32f4xx_hal_cortex.o
 .text.HAL_NVIC_SetPriorityGrouping
                0x00000000080015d8       0x16 ./Drivers/STM32F4xx_HAL_Driver/Src/stm32f4xx_hal_cortex.o
                0x00000000080015d8                HAL_NVIC_SetPriorityGrouping
 .text.HAL_NVIC_SetPriority
                0x00000000080015ee       0x38 ./Drivers/STM32F4xx_HAL_Driver/Src/stm32f4xx_hal_cortex.o
                0x00000000080015ee                HAL_NVIC_SetPriority
 .text.HAL_NVIC_EnableIRQ
                0x0000000008001626       0x1c ./Drivers/STM32F4xx_HAL_Driver/Src/stm32f4xx_hal_cortex.o
                0x0000000008001626                HAL_NVIC_EnableIRQ
 .text.HAL_SYSTICK_Config
                0x0000000008001642       0x18 ./Drivers/STM32F4xx_HAL_Driver/Src/stm32f4xx_hal_cortex.o
                0x0000000008001642                HAL_SYSTICK_Config
 *fill*         0x000000000800165a        0x2 
 .text.HAL_GPIO_Init
                0x000000000800165c      0x358 ./Drivers/STM32F4xx_HAL_Driver/Src/stm32f4xx_hal_gpio.o
                0x000000000800165c                HAL_GPIO_Init
 .text.HAL_LTDC_Init
                0x00000000080019b4      0x1a0 ./Drivers/STM32F4xx_HAL_Driver/Src/stm32f4xx_hal_ltdc.o
                0x00000000080019b4                HAL_LTDC_Init
 .text.HAL_LTDC_IRQHandler
                0x0000000008001b54      0x148 ./Drivers/STM32F4xx_HAL_Driver/Src/stm32f4xx_hal_ltdc.o
                0x0000000008001b54                HAL_LTDC_IRQHandler
 .text.HAL_LTDC_ErrorCallback
                0x0000000008001c9c       0x14 ./Drivers/STM32F4xx_HAL_Driver/Src/stm32f4xx_hal_ltdc.o
                0x0000000008001c9c                HAL_LTDC_ErrorCallback
 .text.HAL_LTDC_LineEventCallback
                0x0000000008001cb0       0x14 ./Drivers/STM32F4xx_HAL_Driver/Src/stm32f4xx_hal_ltdc.o
                0x0000000008001cb0                HAL_LTDC_LineEventCallback
 .text.HAL_LTDC_ReloadEventCallback
                0x0000000008001cc4       0x14 ./Drivers/STM32F4xx_HAL_Driver/Src/stm32f4xx_hal_ltdc.o
                0x0000000008001cc4                HAL_LTDC_ReloadEventCallback
 .text.HAL_LTDC_ConfigLayer
                0x0000000008001cd8       0x7c ./Drivers/STM32F4xx_HAL_Driver/Src/stm32f4xx_hal_ltdc.o
                0x0000000008001cd8                HAL_LTDC_ConfigLayer
 .text.HAL_LTDC_SetAddress
                0x0000000008001d54       0x6c ./Drivers/STM32F4xx_HAL_Driver/Src/stm32f4xx_hal_ltdc.o
                0x0000000008001d54                HAL_LTDC_SetAddress
 .text.LTDC_SetConfig
                0x0000000008001dc0      0x32e ./Drivers/STM32F4xx_HAL_Driver/Src/stm32f4xx_hal_ltdc.o
 *fill*         0x00000000080020ee        0x2 
 .text.HAL_PWREx_EnableOverDrive
                0x00000000080020f0       0xa0 ./Drivers/STM32F4xx_HAL_Driver/Src/stm32f4xx_hal_pwr_ex.o
                0x00000000080020f0                HAL_PWREx_EnableOverDrive
 .text.HAL_RCC_OscConfig
                0x0000000008002190      0x4f0 ./Drivers/STM32F4xx_HAL_Driver/Src/stm32f4xx_hal_rcc.o
                0x0000000008002190                HAL_RCC_OscConfig
 .text.HAL_RCC_ClockConfig
                0x0000000008002680      0x1cc ./Drivers/STM32F4xx_HAL_Driver/Src/stm32f4xx_hal_rcc.o
                0x0000000008002680                HAL_RCC_ClockConfig
 .text.HAL_RCC_GetSysClockFreq
                0x000000000800284c      0x20c ./Drivers/STM32F4xx_HAL_Driver/Src/stm32f4xx_hal_rcc.o
                0x000000000800284c                HAL_RCC_GetSysClockFreq
 .text.HAL_RCCEx_PeriphCLKConfig
                0x0000000008002a58      0x380 ./Drivers/STM32F4xx_HAL_Driver/Src/stm32f4xx_hal_rcc_ex.o
                0x0000000008002a58                HAL_RCCEx_PeriphCLKConfig
 .text.__libc_init_array
                0x0000000008002dd8       0x48 c:/st/stm32cubeide_1.12.1/stm32cubeide/plugins/com.st.stm32cube.ide.mcu.externaltools.gnu-tools-for-stm32.10.3-2021.10.win32_1.0.200.202301161003/tools/bin/../lib/gcc/arm-none-eabi/10.3.1/../../../../arm-none-eabi/lib/thumb/v7e-m+fp/hard\libc_nano.a(lib_a-init.o)
                0x0000000008002dd8                __libc_init_array
 .text.memset   0x0000000008002e20       0x10 c:/st/stm32cubeide_1.12.1/stm32cubeide/plugins/com.st.stm32cube.ide.mcu.externaltools.gnu-tools-for-stm32.10.3-2021.10.win32_1.0.200.202301161003/tools/bin/../lib/gcc/arm-none-eabi/10.3.1/../../../../arm-none-eabi/lib/thumb/v7e-m+fp/hard\libc_nano.a(lib_a-memset.o)
                0x0000000008002e20                memset
 *(.glue_7)
 .glue_7        0x0000000008002e30        0x0 linker stubs
 *(.glue_7t)
 .glue_7t       0x0000000008002e30        0x0 linker stubs
 *(.eh_frame)
 .eh_frame      0x0000000008002e30        0x0 c:/st/stm32cubeide_1.12.1/stm32cubeide/plugins/com.st.stm32cube.ide.mcu.externaltools.gnu-tools-for-stm32.10.3-2021.10.win32_1.0.200.202301161003/tools/bin/../lib/gcc/arm-none-eabi/10.3.1/thumb/v7e-m+fp/hard/crtbegin.o
 *(.init)
 .init          0x0000000008002e30        0x4 c:/st/stm32cubeide_1.12.1/stm32cubeide/plugins/com.st.stm32cube.ide.mcu.externaltools.gnu-tools-for-stm32.10.3-2021.10.win32_1.0.200.202301161003/tools/bin/../lib/gcc/arm-none-eabi/10.3.1/thumb/v7e-m+fp/hard/crti.o
                0x0000000008002e30                _init
 .init          0x0000000008002e34        0x8 c:/st/stm32cubeide_1.12.1/stm32cubeide/plugins/com.st.stm32cube.ide.mcu.externaltools.gnu-tools-for-stm32.10.3-2021.10.win32_1.0.200.202301161003/tools/bin/../lib/gcc/arm-none-eabi/10.3.1/thumb/v7e-m+fp/hard/crtn.o
 *(.fini)
 .fini          0x0000000008002e3c        0x4 c:/st/stm32cubeide_1.12.1/stm32cubeide/plugins/com.st.stm32cube.ide.mcu.externaltools.gnu-tools-for-stm32.10.3-2021.10.win32_1.0.200.202301161003/tools/bin/../lib/gcc/arm-none-eabi/10.3.1/thumb/v7e-m+fp/hard/crti.o
                0x0000000008002e3c                _fini
 .fini          0x0000000008002e40        0x8 c:/st/stm32cubeide_1.12.1/stm32cubeide/plugins/com.st.stm32cube.ide.mcu.externaltools.gnu-tools-for-stm32.10.3-2021.10.win32_1.0.200.202301161003/tools/bin/../lib/gcc/arm-none-eabi/10.3.1/thumb/v7e-m+fp/hard/crtn.o
                0x0000000008002e48                . = ALIGN (0x4)
                0x0000000008002e48                _etext = .

.vfp11_veneer   0x0000000008002e48        0x0
 .vfp11_veneer  0x0000000008002e48        0x0 linker stubs

.v4_bx          0x0000000008002e48        0x0
 .v4_bx         0x0000000008002e48        0x0 linker stubs

.iplt           0x0000000008002e48        0x0
 .iplt          0x0000000008002e48        0x0 c:/st/stm32cubeide_1.12.1/stm32cubeide/plugins/com.st.stm32cube.ide.mcu.externaltools.gnu-tools-for-stm32.10.3-2021.10.win32_1.0.200.202301161003/tools/bin/../lib/gcc/arm-none-eabi/10.3.1/thumb/v7e-m+fp/hard/crtbegin.o

.rodata         0x0000000008002e48    0x70810
                0x0000000008002e48                . = ALIGN (0x4)
 *(.rodata)
 *(.rodata*)
 .rodata.AHBPrescTable
                0x0000000008002e48       0x10 ./Core/Src/system_stm32f4xx.o
                0x0000000008002e48                AHBPrescTable
 .rodata.t1_320x240_map
                0x0000000008002e58    0x25800 ./Core/Src/t1_320x240.o
                0x0000000008002e58                t1_320x240_map
 .rodata.t2_320x240_map
                0x0000000008028658    0x25800 ./Core/Src/t2_320x240.o
                0x0000000008028658                t2_320x240_map
 .rodata.t3_320x240_map
                0x000000000804de58    0x25800 ./Core/Src/t3_320x240.o
                0x000000000804de58                t3_320x240_map
                0x0000000008073658                . = ALIGN (0x4)

.ARM.extab      0x0000000008073658        0x0
                0x0000000008073658                . = ALIGN (0x4)
 *(.ARM.extab* .gnu.linkonce.armextab.*)
                0x0000000008073658                . = ALIGN (0x4)

.ARM            0x0000000008073658        0x8
                0x0000000008073658                . = ALIGN (0x4)
                0x0000000008073658                __exidx_start = .
 *(.ARM.exidx*)
 .ARM.exidx     0x0000000008073658        0x8 c:/st/stm32cubeide_1.12.1/stm32cubeide/plugins/com.st.stm32cube.ide.mcu.externaltools.gnu-tools-for-stm32.10.3-2021.10.win32_1.0.200.202301161003/tools/bin/../lib/gcc/arm-none-eabi/10.3.1/thumb/v7e-m+fp/hard\libgcc.a(_udivmoddi4.o)
                0x0000000008073660                __exidx_end = .
                0x0000000008073660                . = ALIGN (0x4)

.rel.dyn        0x0000000008073660        0x0
 .rel.iplt      0x0000000008073660        0x0 c:/st/stm32cubeide_1.12.1/stm32cubeide/plugins/com.st.stm32cube.ide.mcu.externaltools.gnu-tools-for-stm32.10.3-2021.10.win32_1.0.200.202301161003/tools/bin/../lib/gcc/arm-none-eabi/10.3.1/thumb/v7e-m+fp/hard/crtbegin.o

.preinit_array  0x0000000008073660        0x0
                0x0000000008073660                . = ALIGN (0x4)
                0x0000000008073660                PROVIDE (__preinit_array_start = .)
 *(.preinit_array*)
                0x0000000008073660                PROVIDE (__preinit_array_end = .)
                0x0000000008073660                . = ALIGN (0x4)

.init_array     0x0000000008073660        0x4
                0x0000000008073660                . = ALIGN (0x4)
                0x0000000008073660                PROVIDE (__init_array_start = .)
 *(SORT_BY_NAME(.init_array.*))
 *(.init_array*)
 .init_array    0x0000000008073660        0x4 c:/st/stm32cubeide_1.12.1/stm32cubeide/plugins/com.st.stm32cube.ide.mcu.externaltools.gnu-tools-for-stm32.10.3-2021.10.win32_1.0.200.202301161003/tools/bin/../lib/gcc/arm-none-eabi/10.3.1/thumb/v7e-m+fp/hard/crtbegin.o
                0x0000000008073664                PROVIDE (__init_array_end = .)
                0x0000000008073664                . = ALIGN (0x4)

.fini_array     0x0000000008073664        0x4
                0x0000000008073664                . = ALIGN (0x4)
                [!provide]                        PROVIDE (__fini_array_start = .)
 *(SORT_BY_NAME(.fini_array.*))
 *(.fini_array*)
 .fini_array    0x0000000008073664        0x4 c:/st/stm32cubeide_1.12.1/stm32cubeide/plugins/com.st.stm32cube.ide.mcu.externaltools.gnu-tools-for-stm32.10.3-2021.10.win32_1.0.200.202301161003/tools/bin/../lib/gcc/arm-none-eabi/10.3.1/thumb/v7e-m+fp/hard/crtbegin.o
                [!provide]                        PROVIDE (__fini_array_end = .)
                0x0000000008073668                . = ALIGN (0x4)
                0x0000000008073668                _sidata = LOADADDR (.data)

.data           0x0000000020000000        0xc load address 0x0000000008073668
                0x0000000020000000                . = ALIGN (0x4)
                0x0000000020000000                _sdata = .
 *(.data)
 *(.data*)
 .data.SystemCoreClock
                0x0000000020000000        0x4 ./Core/Src/system_stm32f4xx.o
                0x0000000020000000                SystemCoreClock
 .data.uwTickPrio
                0x0000000020000004        0x4 ./Drivers/STM32F4xx_HAL_Driver/Src/stm32f4xx_hal.o
                0x0000000020000004                uwTickPrio
 .data.uwTickFreq
                0x0000000020000008        0x1 ./Drivers/STM32F4xx_HAL_Driver/Src/stm32f4xx_hal.o
                0x0000000020000008                uwTickFreq
 *(.RamFunc)
 *(.RamFunc*)
                0x000000002000000c                . = ALIGN (0x4)
 *fill*         0x0000000020000009        0x3 
                0x000000002000000c                _edata = .
                0x0000000008073674                _siccmram = LOADADDR (.ccmram)

.igot.plt       0x000000002000000c        0x0 load address 0x0000000008073674
 .igot.plt      0x000000002000000c        0x0 c:/st/stm32cubeide_1.12.1/stm32cubeide/plugins/com.st.stm32cube.ide.mcu.externaltools.gnu-tools-for-stm32.10.3-2021.10.win32_1.0.200.202301161003/tools/bin/../lib/gcc/arm-none-eabi/10.3.1/thumb/v7e-m+fp/hard/crtbegin.o

.ccmram         0x0000000010000000        0x0 load address 0x0000000008073674
                0x0000000010000000                . = ALIGN (0x4)
                0x0000000010000000                _sccmram = .
 *(.ccmram)
 *(.ccmram*)
                0x0000000010000000                . = ALIGN (0x4)
                0x0000000010000000                _eccmram = .
                0x0000000010000000                . = ALIGN (0x4)

.bss            0x000000002000000c       0xc8
                0x000000002000000c                _sbss = .
                0x000000002000000c                __bss_start__ = _sbss
 *(.bss)
 .bss           0x000000002000000c       0x1c c:/st/stm32cubeide_1.12.1/stm32cubeide/plugins/com.st.stm32cube.ide.mcu.externaltools.gnu-tools-for-stm32.10.3-2021.10.win32_1.0.200.202301161003/tools/bin/../lib/gcc/arm-none-eabi/10.3.1/thumb/v7e-m+fp/hard/crtbegin.o
 *(.bss*)
 .bss.hltdc     0x0000000020000028       0xa8 ./Core/Src/main.o
                0x0000000020000028                hltdc
 .bss.uwTick    0x00000000200000d0        0x4 ./Drivers/STM32F4xx_HAL_Driver/Src/stm32f4xx_hal.o
                0x00000000200000d0                uwTick
 *(COMMON)
                0x00000000200000d4                . = ALIGN (0x4)
                0x00000000200000d4                _ebss = .
                0x00000000200000d4                __bss_end__ = _ebss

._user_heap_stack
                0x00000000200000d4      0x604
                0x00000000200000d8                . = ALIGN (0x8)
 *fill*         0x00000000200000d4        0x4 
                [!provide]                        PROVIDE (end = .)
                0x00000000200000d8                PROVIDE (_end = .)
                0x00000000200002d8                . = (. + _Min_Heap_Size)
 *fill*         0x00000000200000d8      0x200 
                0x00000000200006d8                . = (. + _Min_Stack_Size)
 *fill*         0x00000000200002d8      0x400 
                0x00000000200006d8                . = ALIGN (0x8)

/DISCARD/
 libc.a(*)
 libm.a(*)
 libgcc.a(*)

.ARM.attributes
                0x0000000000000000       0x30
 *(.ARM.attributes)
 .ARM.attributes
                0x0000000000000000       0x1e c:/st/stm32cubeide_1.12.1/stm32cubeide/plugins/com.st.stm32cube.ide.mcu.externaltools.gnu-tools-for-stm32.10.3-2021.10.win32_1.0.200.202301161003/tools/bin/../lib/gcc/arm-none-eabi/10.3.1/thumb/v7e-m+fp/hard/crti.o
 .ARM.attributes
                0x000000000000001e       0x34 c:/st/stm32cubeide_1.12.1/stm32cubeide/plugins/com.st.stm32cube.ide.mcu.externaltools.gnu-tools-for-stm32.10.3-2021.10.win32_1.0.200.202301161003/tools/bin/../lib/gcc/arm-none-eabi/10.3.1/thumb/v7e-m+fp/hard/crtbegin.o
 .ARM.attributes
                0x0000000000000052       0x34 ./Core/Src/bsp_lcd.o
 .ARM.attributes
                0x0000000000000086       0x34 ./Core/Src/main.o
 .ARM.attributes
                0x00000000000000ba       0x34 ./Core/Src/stm32f4xx_hal_msp.o
 .ARM.attributes
                0x00000000000000ee       0x34 ./Core/Src/stm32f4xx_it.o
 .ARM.attributes
                0x0000000000000122       0x34 ./Core/Src/system_stm32f4xx.o
 .ARM.attributes
                0x0000000000000156       0x34 ./Core/Src/t1_320x240.o
 .ARM.attributes
                0x000000000000018a       0x34 ./Core/Src/t2_320x240.o
 .ARM.attributes
                0x00000000000001be       0x34 ./Core/Src/t3_320x240.o
 .ARM.attributes
                0x00000000000001f2       0x21 ./Core/Startup/startup_stm32f429zitx.o
 .ARM.attributes
                0x0000000000000213       0x34 ./Drivers/STM32F4xx_HAL_Driver/Src/stm32f4xx_hal.o
 .ARM.attributes
                0x0000000000000247       0x34 ./Drivers/STM32F4xx_HAL_Driver/Src/stm32f4xx_hal_cortex.o
 .ARM.attributes
                0x000000000000027b       0x34 ./Drivers/STM32F4xx_HAL_Driver/Src/stm32f4xx_hal_gpio.o
 .ARM.attributes
                0x00000000000002af       0x34 ./Drivers/STM32F4xx_HAL_Driver/Src/stm32f4xx_hal_ltdc.o
 .ARM.attributes
                0x00000000000002e3       0x34 ./Drivers/STM32F4xx_HAL_Driver/Src/stm32f4xx_hal_pwr_ex.o
 .ARM.attributes
                0x0000000000000317       0x34 ./Drivers/STM32F4xx_HAL_Driver/Src/stm32f4xx_hal_rcc.o
 .ARM.attributes
                0x000000000000034b       0x34 ./Drivers/STM32F4xx_HAL_Driver/Src/stm32f4xx_hal_rcc_ex.o
 .ARM.attributes
                0x000000000000037f       0x34 c:/st/stm32cubeide_1.12.1/stm32cubeide/plugins/com.st.stm32cube.ide.mcu.externaltools.gnu-tools-for-stm32.10.3-2021.10.win32_1.0.200.202301161003/tools/bin/../lib/gcc/arm-none-eabi/10.3.1/../../../../arm-none-eabi/lib/thumb/v7e-m+fp/hard\libc_nano.a(lib_a-init.o)
 .ARM.attributes
                0x00000000000003b3       0x34 c:/st/stm32cubeide_1.12.1/stm32cubeide/plugins/com.st.stm32cube.ide.mcu.externaltools.gnu-tools-for-stm32.10.3-2021.10.win32_1.0.200.202301161003/tools/bin/../lib/gcc/arm-none-eabi/10.3.1/../../../../arm-none-eabi/lib/thumb/v7e-m+fp/hard\libc_nano.a(lib_a-memset.o)
 .ARM.attributes
                0x00000000000003e7       0x1e c:/st/stm32cubeide_1.12.1/stm32cubeide/plugins/com.st.stm32cube.ide.mcu.externaltools.gnu-tools-for-stm32.10.3-2021.10.win32_1.0.200.202301161003/tools/bin/../lib/gcc/arm-none-eabi/10.3.1/thumb/v7e-m+fp/hard\libgcc.a(_aeabi_uldivmod.o)
 .ARM.attributes
                0x0000000000000405       0x34 c:/st/stm32cubeide_1.12.1/stm32cubeide/plugins/com.st.stm32cube.ide.mcu.externaltools.gnu-tools-for-stm32.10.3-2021.10.win32_1.0.200.202301161003/tools/bin/../lib/gcc/arm-none-eabi/10.3.1/thumb/v7e-m+fp/hard\libgcc.a(_udivmoddi4.o)
 .ARM.attributes
                0x0000000000000439       0x1e c:/st/stm32cubeide_1.12.1/stm32cubeide/plugins/com.st.stm32cube.ide.mcu.externaltools.gnu-tools-for-stm32.10.3-2021.10.win32_1.0.200.202301161003/tools/bin/../lib/gcc/arm-none-eabi/10.3.1/thumb/v7e-m+fp/hard\libgcc.a(_dvmd_tls.o)
 .ARM.attributes
                0x0000000000000457       0x1e c:/st/stm32cubeide_1.12.1/stm32cubeide/plugins/com.st.stm32cube.ide.mcu.externaltools.gnu-tools-for-stm32.10.3-2021.10.win32_1.0.200.202301161003/tools/bin/../lib/gcc/arm-none-eabi/10.3.1/thumb/v7e-m+fp/hard/crtn.o
OUTPUT(Demo_Roaring_tiger_F429.elf elf32-littlearm)
LOAD linker stubs
LOAD c:/st/stm32cubeide_1.12.1/stm32cubeide/plugins/com.st.stm32cube.ide.mcu.externaltools.gnu-tools-for-stm32.10.3-2021.10.win32_1.0.200.202301161003/tools/bin/../lib/gcc/arm-none-eabi/10.3.1/../../../../arm-none-eabi/lib/thumb/v7e-m+fp/hard\libc.a
LOAD c:/st/stm32cubeide_1.12.1/stm32cubeide/plugins/com.st.stm32cube.ide.mcu.externaltools.gnu-tools-for-stm32.10.3-2021.10.win32_1.0.200.202301161003/tools/bin/../lib/gcc/arm-none-eabi/10.3.1/../../../../arm-none-eabi/lib/thumb/v7e-m+fp/hard\libm.a
LOAD c:/st/stm32cubeide_1.12.1/stm32cubeide/plugins/com.st.stm32cube.ide.mcu.externaltools.gnu-tools-for-stm32.10.3-2021.10.win32_1.0.200.202301161003/tools/bin/../lib/gcc/arm-none-eabi/10.3.1/thumb/v7e-m+fp/hard\libgcc.a

.debug_info     0x0000000000000000     0x731b
 .debug_info    0x0000000000000000      0x6f4 ./Core/Src/bsp_lcd.o
 .debug_info    0x00000000000006f4      0x9f6 ./Core/Src/main.o
 .debug_info    0x00000000000010ea      0xd4e ./Core/Src/stm32f4xx_hal_msp.o
 .debug_info    0x0000000000001e38      0x56c ./Core/Src/stm32f4xx_it.o
 .debug_info    0x00000000000023a4      0x53f ./Core/Src/system_stm32f4xx.o
 .debug_info    0x00000000000028e3       0xaf ./Core/Src/t1_320x240.o
 .debug_info    0x0000000000002992       0xaf ./Core/Src/t2_320x240.o
 .debug_info    0x0000000000002a41       0xaf ./Core/Src/t3_320x240.o
 .debug_info    0x0000000000002af0       0x22 ./Core/Startup/startup_stm32f429zitx.o
 .debug_info    0x0000000000002b12      0x9f4 ./Drivers/STM32F4xx_HAL_Driver/Src/stm32f4xx_hal.o
 .debug_info    0x0000000000003506      0xe51 ./Drivers/STM32F4xx_HAL_Driver/Src/stm32f4xx_hal_cortex.o
 .debug_info    0x0000000000004357      0x786 ./Drivers/STM32F4xx_HAL_Driver/Src/stm32f4xx_hal_gpio.o
 .debug_info    0x0000000000004add     0x114d ./Drivers/STM32F4xx_HAL_Driver/Src/stm32f4xx_hal_ltdc.o
 .debug_info    0x0000000000005c2a      0x6e6 ./Drivers/STM32F4xx_HAL_Driver/Src/stm32f4xx_hal_pwr_ex.o
 .debug_info    0x0000000000006310      0x982 ./Drivers/STM32F4xx_HAL_Driver/Src/stm32f4xx_hal_rcc.o
 .debug_info    0x0000000000006c92      0x689 ./Drivers/STM32F4xx_HAL_Driver/Src/stm32f4xx_hal_rcc_ex.o

.debug_abbrev   0x0000000000000000     0x1896
 .debug_abbrev  0x0000000000000000      0x1d6 ./Core/Src/bsp_lcd.o
 .debug_abbrev  0x00000000000001d6      0x22d ./Core/Src/main.o
 .debug_abbrev  0x0000000000000403      0x1bb ./Core/Src/stm32f4xx_hal_msp.o
 .debug_abbrev  0x00000000000005be      0x161 ./Core/Src/stm32f4xx_it.o
 .debug_abbrev  0x000000000000071f      0x116 ./Core/Src/system_stm32f4xx.o
 .debug_abbrev  0x0000000000000835       0x64 ./Core/Src/t1_320x240.o
 .debug_abbrev  0x0000000000000899       0x64 ./Core/Src/t2_320x240.o
 .debug_abbrev  0x00000000000008fd       0x64 ./Core/Src/t3_320x240.o
 .debug_abbrev  0x0000000000000961       0x12 ./Core/Startup/startup_stm32f429zitx.o
 .debug_abbrev  0x0000000000000973      0x20d ./Drivers/STM32F4xx_HAL_Driver/Src/stm32f4xx_hal.o
 .debug_abbrev  0x0000000000000b80      0x316 ./Drivers/STM32F4xx_HAL_Driver/Src/stm32f4xx_hal_cortex.o
 .debug_abbrev  0x0000000000000e96      0x1c4 ./Drivers/STM32F4xx_HAL_Driver/Src/stm32f4xx_hal_gpio.o
 .debug_abbrev  0x000000000000105a      0x221 ./Drivers/STM32F4xx_HAL_Driver/Src/stm32f4xx_hal_ltdc.o
 .debug_abbrev  0x000000000000127b      0x1c9 ./Drivers/STM32F4xx_HAL_Driver/Src/stm32f4xx_hal_pwr_ex.o
 .debug_abbrev  0x0000000000001444      0x2aa ./Drivers/STM32F4xx_HAL_Driver/Src/stm32f4xx_hal_rcc.o
 .debug_abbrev  0x00000000000016ee      0x1a8 ./Drivers/STM32F4xx_HAL_Driver/Src/stm32f4xx_hal_rcc_ex.o

.debug_aranges  0x0000000000000000      0x6e0
 .debug_aranges
                0x0000000000000000       0x68 ./Core/Src/bsp_lcd.o
 .debug_aranges
                0x0000000000000068       0x38 ./Core/Src/main.o
 .debug_aranges
                0x00000000000000a0       0x30 ./Core/Src/stm32f4xx_hal_msp.o
 .debug_aranges
                0x00000000000000d0       0x70 ./Core/Src/stm32f4xx_it.o
 .debug_aranges
                0x0000000000000140       0x28 ./Core/Src/system_stm32f4xx.o
 .debug_aranges
                0x0000000000000168       0x18 ./Core/Src/t1_320x240.o
 .debug_aranges
                0x0000000000000180       0x18 ./Core/Src/t2_320x240.o
 .debug_aranges
                0x0000000000000198       0x18 ./Core/Src/t3_320x240.o
 .debug_aranges
                0x00000000000001b0       0x28 ./Core/Startup/startup_stm32f429zitx.o
 .debug_aranges
                0x00000000000001d8      0x100 ./Drivers/STM32F4xx_HAL_Driver/Src/stm32f4xx_hal.o
 .debug_aranges
                0x00000000000002d8      0x118 ./Drivers/STM32F4xx_HAL_Driver/Src/stm32f4xx_hal_cortex.o
 .debug_aranges
                0x00000000000003f0       0x58 ./Drivers/STM32F4xx_HAL_Driver/Src/stm32f4xx_hal_gpio.o
 .debug_aranges
                0x0000000000000448      0x158 ./Drivers/STM32F4xx_HAL_Driver/Src/stm32f4xx_hal_ltdc.o
 .debug_aranges
                0x00000000000005a0       0x60 ./Drivers/STM32F4xx_HAL_Driver/Src/stm32f4xx_hal_pwr_ex.o
 .debug_aranges
                0x0000000000000600       0x88 ./Drivers/STM32F4xx_HAL_Driver/Src/stm32f4xx_hal_rcc.o
 .debug_aranges
                0x0000000000000688       0x58 ./Drivers/STM32F4xx_HAL_Driver/Src/stm32f4xx_hal_rcc_ex.o

.debug_ranges   0x0000000000000000      0x5d0
 .debug_ranges  0x0000000000000000       0x58 ./Core/Src/bsp_lcd.o
 .debug_ranges  0x0000000000000058       0x28 ./Core/Src/main.o
 .debug_ranges  0x0000000000000080       0x20 ./Core/Src/stm32f4xx_hal_msp.o
 .debug_ranges  0x00000000000000a0       0x60 ./Core/Src/stm32f4xx_it.o
 .debug_ranges  0x0000000000000100       0x18 ./Core/Src/system_stm32f4xx.o
 .debug_ranges  0x0000000000000118       0x20 ./Core/Startup/startup_stm32f429zitx.o
 .debug_ranges  0x0000000000000138       0xf0 ./Drivers/STM32F4xx_HAL_Driver/Src/stm32f4xx_hal.o
 .debug_ranges  0x0000000000000228      0x108 ./Drivers/STM32F4xx_HAL_Driver/Src/stm32f4xx_hal_cortex.o
 .debug_ranges  0x0000000000000330       0x48 ./Drivers/STM32F4xx_HAL_Driver/Src/stm32f4xx_hal_gpio.o
 .debug_ranges  0x0000000000000378      0x148 ./Drivers/STM32F4xx_HAL_Driver/Src/stm32f4xx_hal_ltdc.o
 .debug_ranges  0x00000000000004c0       0x50 ./Drivers/STM32F4xx_HAL_Driver/Src/stm32f4xx_hal_pwr_ex.o
 .debug_ranges  0x0000000000000510       0x78 ./Drivers/STM32F4xx_HAL_Driver/Src/stm32f4xx_hal_rcc.o
 .debug_ranges  0x0000000000000588       0x48 ./Drivers/STM32F4xx_HAL_Driver/Src/stm32f4xx_hal_rcc_ex.o

.debug_macro    0x0000000000000000    0x23b36
 .debug_macro   0x0000000000000000      0x2a7 ./Core/Src/bsp_lcd.o
 .debug_macro   0x00000000000002a7      0xa78 ./Core/Src/bsp_lcd.o
 .debug_macro   0x0000000000000d1f       0x28 ./Core/Src/bsp_lcd.o
 .debug_macro   0x0000000000000d47       0x22 ./Core/Src/bsp_lcd.o
 .debug_macro   0x0000000000000d69       0x8e ./Core/Src/bsp_lcd.o
 .debug_macro   0x0000000000000df7       0x51 ./Core/Src/bsp_lcd.o
 .debug_macro   0x0000000000000e48      0x103 ./Core/Src/bsp_lcd.o
 .debug_macro   0x0000000000000f4b       0x6a ./Core/Src/bsp_lcd.o
 .debug_macro   0x0000000000000fb5      0x1df ./Core/Src/bsp_lcd.o
 .debug_macro   0x0000000000001194       0x1c ./Core/Src/bsp_lcd.o
 .debug_macro   0x00000000000011b0       0x22 ./Core/Src/bsp_lcd.o
 .debug_macro   0x00000000000011d2       0xd9 ./Core/Src/bsp_lcd.o
 .debug_macro   0x00000000000012ab     0x102d ./Core/Src/bsp_lcd.o
 .debug_macro   0x00000000000022d8      0x11f ./Core/Src/bsp_lcd.o
 .debug_macro   0x00000000000023f7    0x17fc0 ./Core/Src/bsp_lcd.o
 .debug_macro   0x000000000001a3b7       0x3a ./Core/Src/bsp_lcd.o
 .debug_macro   0x000000000001a3f1       0x52 ./Core/Src/bsp_lcd.o
 .debug_macro   0x000000000001a443       0x1e ./Core/Src/bsp_lcd.o
 .debug_macro   0x000000000001a461       0x3c ./Core/Src/bsp_lcd.o
 .debug_macro   0x000000000001a49d       0x34 ./Core/Src/bsp_lcd.o
 .debug_macro   0x000000000001a4d1       0x16 ./Core/Src/bsp_lcd.o
 .debug_macro   0x000000000001a4e7       0x97 ./Core/Src/bsp_lcd.o
 .debug_macro   0x000000000001a57e      0x341 ./Core/Src/bsp_lcd.o
 .debug_macro   0x000000000001a8bf       0xfd ./Core/Src/bsp_lcd.o
 .debug_macro   0x000000000001a9bc       0x10 ./Core/Src/bsp_lcd.o
 .debug_macro   0x000000000001a9cc       0x16 ./Core/Src/bsp_lcd.o
 .debug_macro   0x000000000001a9e2       0x43 ./Core/Src/bsp_lcd.o
 .debug_macro   0x000000000001aa25       0x34 ./Core/Src/bsp_lcd.o
 .debug_macro   0x000000000001aa59       0x10 ./Core/Src/bsp_lcd.o
 .debug_macro   0x000000000001aa69       0x58 ./Core/Src/bsp_lcd.o
 .debug_macro   0x000000000001aac1       0x71 ./Core/Src/bsp_lcd.o
 .debug_macro   0x000000000001ab32       0x1c ./Core/Src/bsp_lcd.o
 .debug_macro   0x000000000001ab4e      0x12a ./Core/Src/bsp_lcd.o
 .debug_macro   0x000000000001ac78       0x10 ./Core/Src/bsp_lcd.o
 .debug_macro   0x000000000001ac88       0x1c ./Core/Src/bsp_lcd.o
 .debug_macro   0x000000000001aca4       0x52 ./Core/Src/bsp_lcd.o
 .debug_macro   0x000000000001acf6       0x22 ./Core/Src/bsp_lcd.o
 .debug_macro   0x000000000001ad18       0x10 ./Core/Src/bsp_lcd.o
 .debug_macro   0x000000000001ad28       0x52 ./Core/Src/bsp_lcd.o
 .debug_macro   0x000000000001ad7a       0xd5 ./Core/Src/bsp_lcd.o
 .debug_macro   0x000000000001ae4f       0x1c ./Core/Src/bsp_lcd.o
 .debug_macro   0x000000000001ae6b       0x3d ./Core/Src/bsp_lcd.o
 .debug_macro   0x000000000001aea8       0x16 ./Core/Src/bsp_lcd.o
 .debug_macro   0x000000000001aebe      0x145 ./Core/Src/bsp_lcd.o
 .debug_macro   0x000000000001b003      0x1f0 ./Core/Src/bsp_lcd.o
 .debug_macro   0x000000000001b1f3      0x1b4 ./Core/Src/bsp_lcd.o
 .debug_macro   0x000000000001b3a7       0xa0 ./Core/Src/bsp_lcd.o
 .debug_macro   0x000000000001b447      0x388 ./Core/Src/main.o
 .debug_macro   0x000000000001b7cf      0x29b ./Core/Src/main.o
 .debug_macro   0x000000000001ba6a       0x2e ./Core/Src/main.o
 .debug_macro   0x000000000001ba98       0x6d ./Core/Src/main.o
 .debug_macro   0x000000000001bb05     0x36f5 ./Core/Src/main.o
 .debug_macro   0x000000000001f1fa      0x174 ./Core/Src/main.o
 .debug_macro   0x000000000001f36e       0x5c ./Core/Src/main.o
 .debug_macro   0x000000000001f3ca      0xca5 ./Core/Src/main.o
 .debug_macro   0x000000000002006f      0x9fe ./Core/Src/main.o
 .debug_macro   0x0000000000020a6d      0x115 ./Core/Src/main.o
 .debug_macro   0x0000000000020b82      0x156 ./Core/Src/main.o
 .debug_macro   0x0000000000020cd8       0xa5 ./Core/Src/main.o
 .debug_macro   0x0000000000020d7d      0x182 ./Core/Src/main.o
 .debug_macro   0x0000000000020eff      0x287 ./Core/Src/main.o
 .debug_macro   0x0000000000021186       0x5f ./Core/Src/main.o
 .debug_macro   0x00000000000211e5      0x236 ./Core/Src/main.o
 .debug_macro   0x000000000002141b      0x132 ./Core/Src/main.o
 .debug_macro   0x000000000002154d      0x41d ./Core/Src/main.o
 .debug_macro   0x000000000002196a       0x2e ./Core/Src/main.o
 .debug_macro   0x0000000000021998      0x198 ./Core/Src/main.o
 .debug_macro   0x0000000000021b30       0xd6 ./Core/Src/main.o
 .debug_macro   0x0000000000021c06      0x11a ./Core/Src/main.o
 .debug_macro   0x0000000000021d20       0xe2 ./Core/Src/main.o
 .debug_macro   0x0000000000021e02       0x89 ./Core/Src/main.o
 .debug_macro   0x0000000000021e8b      0x225 ./Core/Src/main.o
 .debug_macro   0x00000000000220b0      0x134 ./Core/Src/main.o
 .debug_macro   0x00000000000221e4      0x4c8 ./Core/Src/main.o
 .debug_macro   0x00000000000226ac       0x35 ./Core/Src/main.o
 .debug_macro   0x00000000000226e1      0x1e3 ./Core/Src/stm32f4xx_hal_msp.o
 .debug_macro   0x00000000000228c4      0x1ed ./Core/Src/stm32f4xx_it.o
 .debug_macro   0x0000000000022ab1      0x1d4 ./Core/Src/system_stm32f4xx.o
 .debug_macro   0x0000000000022c85       0x69 ./Core/Src/t1_320x240.o
 .debug_macro   0x0000000000022cee       0x69 ./Core/Src/t2_320x240.o
 .debug_macro   0x0000000000022d57       0x69 ./Core/Src/t3_320x240.o
 .debug_macro   0x0000000000022dc0      0x234 ./Drivers/STM32F4xx_HAL_Driver/Src/stm32f4xx_hal.o
 .debug_macro   0x0000000000022ff4      0x1d4 ./Drivers/STM32F4xx_HAL_Driver/Src/stm32f4xx_hal_cortex.o
 .debug_macro   0x00000000000231c8      0x1da ./Drivers/STM32F4xx_HAL_Driver/Src/stm32f4xx_hal_gpio.o
 .debug_macro   0x00000000000233a2      0x1dc ./Drivers/STM32F4xx_HAL_Driver/Src/stm32f4xx_hal_ltdc.o
 .debug_macro   0x000000000002357e      0x1ec ./Drivers/STM32F4xx_HAL_Driver/Src/stm32f4xx_hal_pwr_ex.o
 .debug_macro   0x000000000002376a      0x1f8 ./Drivers/STM32F4xx_HAL_Driver/Src/stm32f4xx_hal_rcc.o
 .debug_macro   0x0000000000023962      0x1d4 ./Drivers/STM32F4xx_HAL_Driver/Src/stm32f4xx_hal_rcc_ex.o

.debug_line     0x0000000000000000     0x8ec7
 .debug_line    0x0000000000000000      0x965 ./Core/Src/bsp_lcd.o
 .debug_line    0x0000000000000965      0x9ec ./Core/Src/main.o
 .debug_line    0x0000000000001351      0x7ae ./Core/Src/stm32f4xx_hal_msp.o
 .debug_line    0x0000000000001aff      0x7b7 ./Core/Src/stm32f4xx_it.o
 .debug_line    0x00000000000022b6      0x746 ./Core/Src/system_stm32f4xx.o
 .debug_line    0x00000000000029fc      0x375 ./Core/Src/t1_320x240.o
 .debug_line    0x0000000000002d71      0x375 ./Core/Src/t2_320x240.o
 .debug_line    0x00000000000030e6      0x375 ./Core/Src/t3_320x240.o
 .debug_line    0x000000000000345b       0x88 ./Core/Startup/startup_stm32f429zitx.o
 .debug_line    0x00000000000034e3      0x9e2 ./Drivers/STM32F4xx_HAL_Driver/Src/stm32f4xx_hal.o
 .debug_line    0x0000000000003ec5      0xc5b ./Drivers/STM32F4xx_HAL_Driver/Src/stm32f4xx_hal_cortex.o
 .debug_line    0x0000000000004b20      0xb48 ./Drivers/STM32F4xx_HAL_Driver/Src/stm32f4xx_hal_gpio.o
 .debug_line    0x0000000000005668     0x16df ./Drivers/STM32F4xx_HAL_Driver/Src/stm32f4xx_hal_ltdc.o
 .debug_line    0x0000000000006d47      0x8db ./Drivers/STM32F4xx_HAL_Driver/Src/stm32f4xx_hal_pwr_ex.o
 .debug_line    0x0000000000007622      0xd28 ./Drivers/STM32F4xx_HAL_Driver/Src/stm32f4xx_hal_rcc.o
 .debug_line    0x000000000000834a      0xb7d ./Drivers/STM32F4xx_HAL_Driver/Src/stm32f4xx_hal_rcc_ex.o

.debug_str      0x0000000000000000    0xd4610
 .debug_str     0x0000000000000000    0x98145 ./Core/Src/bsp_lcd.o
                                      0x9834f (size before relaxing)
 .debug_str     0x0000000000098145    0x3a74e ./Core/Src/main.o
                                      0xd282e (size before relaxing)
 .debug_str     0x00000000000d2893      0x745 ./Core/Src/stm32f4xx_hal_msp.o
                                      0xcdd93 (size before relaxing)
 .debug_str     0x00000000000d2fd8       0xf0 ./Core/Src/stm32f4xx_it.o
                                      0xcd5b1 (size before relaxing)
 .debug_str     0x00000000000d30c8       0xdb ./Core/Src/system_stm32f4xx.o
                                      0xcc48c (size before relaxing)
 .debug_str     0x00000000000d31a3       0x2c ./Core/Src/t1_320x240.o
                                       0x3c6f (size before relaxing)
 .debug_str     0x00000000000d31cf       0x19 ./Core/Src/t2_320x240.o
                                       0x3c6f (size before relaxing)
 .debug_str     0x00000000000d31e8       0x19 ./Core/Src/t3_320x240.o
                                       0x3c6f (size before relaxing)
 .debug_str     0x00000000000d3201       0x36 ./Core/Startup/startup_stm32f429zitx.o
                                         0xa0 (size before relaxing)
 .debug_str     0x00000000000d3237      0x62b ./Drivers/STM32F4xx_HAL_Driver/Src/stm32f4xx_hal.o
                                      0xcd0af (size before relaxing)
 .debug_str     0x00000000000d3862      0x339 ./Drivers/STM32F4xx_HAL_Driver/Src/stm32f4xx_hal_cortex.o
                                      0xccd94 (size before relaxing)
 .debug_str     0x00000000000d3b9b      0x15d ./Drivers/STM32F4xx_HAL_Driver/Src/stm32f4xx_hal_gpio.o
                                      0xcc607 (size before relaxing)
 .debug_str     0x00000000000d3cf8      0x485 ./Drivers/STM32F4xx_HAL_Driver/Src/stm32f4xx_hal_ltdc.o
                                      0xccaf0 (size before relaxing)
 .debug_str     0x00000000000d417d      0x135 ./Drivers/STM32F4xx_HAL_Driver/Src/stm32f4xx_hal_pwr_ex.o
                                      0xcc664 (size before relaxing)
 .debug_str     0x00000000000d42b2      0x233 ./Drivers/STM32F4xx_HAL_Driver/Src/stm32f4xx_hal_rcc.o
                                      0xcc8c0 (size before relaxing)
 .debug_str     0x00000000000d44e5      0x12b ./Drivers/STM32F4xx_HAL_Driver/Src/stm32f4xx_hal_rcc_ex.o
                                      0xcc687 (size before relaxing)

.comment        0x0000000000000000       0x50
 .comment       0x0000000000000000       0x50 ./Core/Src/bsp_lcd.o
                                         0x51 (size before relaxing)
 .comment       0x0000000000000050       0x51 ./Core/Src/main.o
 .comment       0x0000000000000050       0x51 ./Core/Src/stm32f4xx_hal_msp.o
 .comment       0x0000000000000050       0x51 ./Core/Src/stm32f4xx_it.o
 .comment       0x0000000000000050       0x51 ./Core/Src/system_stm32f4xx.o
 .comment       0x0000000000000050       0x51 ./Core/Src/t1_320x240.o
 .comment       0x0000000000000050       0x51 ./Core/Src/t2_320x240.o
 .comment       0x0000000000000050       0x51 ./Core/Src/t3_320x240.o
 .comment       0x0000000000000050       0x51 ./Drivers/STM32F4xx_HAL_Driver/Src/stm32f4xx_hal.o
 .comment       0x0000000000000050       0x51 ./Drivers/STM32F4xx_HAL_Driver/Src/stm32f4xx_hal_cortex.o
 .comment       0x0000000000000050       0x51 ./Drivers/STM32F4xx_HAL_Driver/Src/stm32f4xx_hal_gpio.o
 .comment       0x0000000000000050       0x51 ./Drivers/STM32F4xx_HAL_Driver/Src/stm32f4xx_hal_ltdc.o
 .comment       0x0000000000000050       0x51 ./Drivers/STM32F4xx_HAL_Driver/Src/stm32f4xx_hal_pwr_ex.o
 .comment       0x0000000000000050       0x51 ./Drivers/STM32F4xx_HAL_Driver/Src/stm32f4xx_hal_rcc.o
 .comment       0x0000000000000050       0x51 ./Drivers/STM32F4xx_HAL_Driver/Src/stm32f4xx_hal_rcc_ex.o

.debug_frame    0x0000000000000000     0x190c
 .debug_frame   0x0000000000000000      0x190 ./Core/Src/bsp_lcd.o
 .debug_frame   0x0000000000000190       0x8c ./Core/Src/main.o
 .debug_frame   0x000000000000021c       0x80 ./Core/Src/stm32f4xx_hal_msp.o
 .debug_frame   0x000000000000029c      0x13c ./Core/Src/stm32f4xx_it.o
 .debug_frame   0x00000000000003d8       0x58 ./Core/Src/system_stm32f4xx.o
 .debug_frame   0x0000000000000430      0x3b4 ./Drivers/STM32F4xx_HAL_Driver/Src/stm32f4xx_hal.o
 .debug_frame   0x00000000000007e4      0x498 ./Drivers/STM32F4xx_HAL_Driver/Src/stm32f4xx_hal_cortex.o
 .debug_frame   0x0000000000000c7c      0x14c ./Drivers/STM32F4xx_HAL_Driver/Src/stm32f4xx_hal_gpio.o
 .debug_frame   0x0000000000000dc8      0x61c ./Drivers/STM32F4xx_HAL_Driver/Src/stm32f4xx_hal_ltdc.o
 .debug_frame   0x00000000000013e4      0x14c ./Drivers/STM32F4xx_HAL_Driver/Src/stm32f4xx_hal_pwr_ex.o
 .debug_frame   0x0000000000001530      0x1f4 ./Drivers/STM32F4xx_HAL_Driver/Src/stm32f4xx_hal_rcc.o
 .debug_frame   0x0000000000001724      0x13c ./Drivers/STM32F4xx_HAL_Driver/Src/stm32f4xx_hal_rcc_ex.o
 .debug_frame   0x0000000000001860       0x2c c:/st/stm32cubeide_1.12.1/stm32cubeide/plugins/com.st.stm32cube.ide.mcu.externaltools.gnu-tools-for-stm32.10.3-2021.10.win32_1.0.200.202301161003/tools/bin/../lib/gcc/arm-none-eabi/10.3.1/../../../../arm-none-eabi/lib/thumb/v7e-m+fp/hard\libc_nano.a(lib_a-init.o)
 .debug_frame   0x000000000000188c       0x20 c:/st/stm32cubeide_1.12.1/stm32cubeide/plugins/com.st.stm32cube.ide.mcu.externaltools.gnu-tools-for-stm32.10.3-2021.10.win32_1.0.200.202301161003/tools/bin/../lib/gcc/arm-none-eabi/10.3.1/../../../../arm-none-eabi/lib/thumb/v7e-m+fp/hard\libc_nano.a(lib_a-memset.o)
 .debug_frame   0x00000000000018ac       0x2c c:/st/stm32cubeide_1.12.1/stm32cubeide/plugins/com.st.stm32cube.ide.mcu.externaltools.gnu-tools-for-stm32.10.3-2021.10.win32_1.0.200.202301161003/tools/bin/../lib/gcc/arm-none-eabi/10.3.1/thumb/v7e-m+fp/hard\libgcc.a(_aeabi_uldivmod.o)
 .debug_frame   0x00000000000018d8       0x34 c:/st/stm32cubeide_1.12.1/stm32cubeide/plugins/com.st.stm32cube.ide.mcu.externaltools.gnu-tools-for-stm32.10.3-2021.10.win32_1.0.200.202301161003/tools/bin/../lib/gcc/arm-none-eabi/10.3.1/thumb/v7e-m+fp/hard\libgcc.a(_udivmoddi4.o)
